Archive member included to satisfy reference by file (symbol)

d:/picobuild3/pico-toolchain/gcc-arm-none-eabi-9-2019-q4-major-win32/bin/../lib/gcc/arm-none-eabi/9.2.1/thumb/v6-m/nofp\libgcc.a(_dvmd_tls.o)
                              CMakeFiles/tinyusb_dev_net_lwip_webserver.dir/D_/picobuild3/pico-sdk/src/rp2_common/pico_divider/divider.S.obj (__aeabi_idiv0)
d:/picobuild3/pico-toolchain/gcc-arm-none-eabi-9-2019-q4-major-win32/bin/../lib/gcc/arm-none-eabi/9.2.1/../../../../arm-none-eabi/lib/thumb/v6-m/nofp\libc.a(lib_a-atoi.o)
                              CMakeFiles/tinyusb_dev_net_lwip_webserver.dir/D_/picobuild3/pico-sdk/lib/tinyusb/lib/lwip/src/core/netif.c.obj (atoi)
d:/picobuild3/pico-toolchain/gcc-arm-none-eabi-9-2019-q4-major-win32/bin/../lib/gcc/arm-none-eabi/9.2.1/../../../../arm-none-eabi/lib/thumb/v6-m/nofp\libc.a(lib_a-calloc.o)
                              CMakeFiles/tinyusb_dev_net_lwip_webserver.dir/D_/picobuild3/pico-sdk/src/rp2_common/pico_malloc/pico_malloc.c.obj (calloc)
d:/picobuild3/pico-toolchain/gcc-arm-none-eabi-9-2019-q4-major-win32/bin/../lib/gcc/arm-none-eabi/9.2.1/../../../../arm-none-eabi/lib/thumb/v6-m/nofp\libc.a(lib_a-callocr.o)
                              d:/picobuild3/pico-toolchain/gcc-arm-none-eabi-9-2019-q4-major-win32/bin/../lib/gcc/arm-none-eabi/9.2.1/../../../../arm-none-eabi/lib/thumb/v6-m/nofp\libc.a(lib_a-calloc.o) (_calloc_r)
d:/picobuild3/pico-toolchain/gcc-arm-none-eabi-9-2019-q4-major-win32/bin/../lib/gcc/arm-none-eabi/9.2.1/../../../../arm-none-eabi/lib/thumb/v6-m/nofp\libc.a(lib_a-ctype_.o)
                              CMakeFiles/tinyusb_dev_net_lwip_webserver.dir/D_/picobuild3/pico-sdk/lib/tinyusb/lib/lwip/src/core/ipv4/ip4_addr.c.obj (_ctype_)
d:/picobuild3/pico-toolchain/gcc-arm-none-eabi-9-2019-q4-major-win32/bin/../lib/gcc/arm-none-eabi/9.2.1/../../../../arm-none-eabi/lib/thumb/v6-m/nofp\libc.a(lib_a-impure.o)
                              d:/picobuild3/pico-toolchain/gcc-arm-none-eabi-9-2019-q4-major-win32/bin/../lib/gcc/arm-none-eabi/9.2.1/../../../../arm-none-eabi/lib/thumb/v6-m/nofp\libc.a(lib_a-calloc.o) (_impure_ptr)
d:/picobuild3/pico-toolchain/gcc-arm-none-eabi-9-2019-q4-major-win32/bin/../lib/gcc/arm-none-eabi/9.2.1/../../../../arm-none-eabi/lib/thumb/v6-m/nofp\libc.a(lib_a-init.o)
                              d:/picobuild3/pico-toolchain/gcc-arm-none-eabi-9-2019-q4-major-win32/bin/../lib/gcc/arm-none-eabi/9.2.1/../../../../arm-none-eabi/lib/thumb/v6-m/nofp/crt0.o (__libc_init_array)
d:/picobuild3/pico-toolchain/gcc-arm-none-eabi-9-2019-q4-major-win32/bin/../lib/gcc/arm-none-eabi/9.2.1/../../../../arm-none-eabi/lib/thumb/v6-m/nofp\libc.a(lib_a-malloc.o)
                              CMakeFiles/tinyusb_dev_net_lwip_webserver.dir/D_/picobuild3/pico-sdk/src/rp2_common/pico_malloc/pico_malloc.c.obj (malloc)
d:/picobuild3/pico-toolchain/gcc-arm-none-eabi-9-2019-q4-major-win32/bin/../lib/gcc/arm-none-eabi/9.2.1/../../../../arm-none-eabi/lib/thumb/v6-m/nofp\libc.a(lib_a-mallocr.o)
                              d:/picobuild3/pico-toolchain/gcc-arm-none-eabi-9-2019-q4-major-win32/bin/../lib/gcc/arm-none-eabi/9.2.1/../../../../arm-none-eabi/lib/thumb/v6-m/nofp\libc.a(lib_a-callocr.o) (_malloc_r)
d:/picobuild3/pico-toolchain/gcc-arm-none-eabi-9-2019-q4-major-win32/bin/../lib/gcc/arm-none-eabi/9.2.1/../../../../arm-none-eabi/lib/thumb/v6-m/nofp\libc.a(lib_a-memcmp.o)
                              CMakeFiles/tinyusb_dev_net_lwip_webserver.dir/D_/picobuild3/pico-sdk/lib/tinyusb/lib/lwip/src/netif/ethernet.c.obj (memcmp)
d:/picobuild3/pico-toolchain/gcc-arm-none-eabi-9-2019-q4-major-win32/bin/../lib/gcc/arm-none-eabi/9.2.1/../../../../arm-none-eabi/lib/thumb/v6-m/nofp\libc.a(lib_a-memmove.o)
                              CMakeFiles/tinyusb_dev_net_lwip_webserver.dir/D_/picobuild3/pico-sdk/lib/tinyusb/lib/lwip/src/core/def.c.obj (memmove)
d:/picobuild3/pico-toolchain/gcc-arm-none-eabi-9-2019-q4-major-win32/bin/../lib/gcc/arm-none-eabi/9.2.1/../../../../arm-none-eabi/lib/thumb/v6-m/nofp\libc.a(lib_a-mlock.o)
                              d:/picobuild3/pico-toolchain/gcc-arm-none-eabi-9-2019-q4-major-win32/bin/../lib/gcc/arm-none-eabi/9.2.1/../../../../arm-none-eabi/lib/thumb/v6-m/nofp\libc.a(lib_a-mallocr.o) (__malloc_lock)
d:/picobuild3/pico-toolchain/gcc-arm-none-eabi-9-2019-q4-major-win32/bin/../lib/gcc/arm-none-eabi/9.2.1/../../../../arm-none-eabi/lib/thumb/v6-m/nofp\libc.a(lib_a-sbrkr.o)
                              d:/picobuild3/pico-toolchain/gcc-arm-none-eabi-9-2019-q4-major-win32/bin/../lib/gcc/arm-none-eabi/9.2.1/../../../../arm-none-eabi/lib/thumb/v6-m/nofp\libc.a(lib_a-mallocr.o) (_sbrk_r)
d:/picobuild3/pico-toolchain/gcc-arm-none-eabi-9-2019-q4-major-win32/bin/../lib/gcc/arm-none-eabi/9.2.1/../../../../arm-none-eabi/lib/thumb/v6-m/nofp\libc.a(lib_a-strchr.o)
                              CMakeFiles/tinyusb_dev_net_lwip_webserver.dir/D_/picobuild3/pico-sdk/lib/tinyusb/lib/lwip/src/apps/http/httpd.c.obj (strchr)
[...]
Memory Configuration

Name             Origin             Length             Attributes
FLASH            0x10000000         0x00200000         xr
RAM              0x20000000         0x00040000         xrw
SCRATCH_X        0x20040000         0x00001000         xrw
SCRATCH_Y        0x20041000         0x00001000         xrw
*default*        0x00000000         0xffffffff

Linker script and memory map

LOAD d:/picobuild3/pico-toolchain/gcc-arm-none-eabi-9-2019-q4-major-win32/bin/../lib/gcc/arm-none-eabi/9.2.1/thumb/v6-m/nofp/crti.o
LOAD d:/picobuild3/pico-toolchain/gcc-arm-none-eabi-9-2019-q4-major-win32/bin/../lib/gcc/arm-none-eabi/9.2.1/thumb/v6-m/nofp/crtbegin.o
LOAD d:/picobuild3/pico-toolchain/gcc-arm-none-eabi-9-2019-q4-major-win32/bin/../lib/gcc/arm-none-eabi/9.2.1/../../../../arm-none-eabi/lib/thumb/v6-m/nofp/crt0.o

.flash_begin    0x10000000        0x0
                0x10000000                __flash_binary_start = .

.boot2          0x10000000      0x100
                0x10000000                __boot2_start__ = .
 *(.boot2)
 .boot2         0x10000000      0x100 C:\Users\Alastair\AppData\Local\Temp\ccUVX5ae.o
                0x10000100                __boot2_end__ = .
                0x00000001                ASSERT (((__boot2_end__ - __boot2_start__) == 0x100), ERROR: Pico second stage bootloader must be 256 bytes in size)

.text           0x10000100     0xd868
                0x10000100                __logical_binary_start = .
 *(.vectors)
 .vectors       0x10000100       0xd4 CMakeFiles/tinyusb_dev_net_lwip_webserver.dir/D_/picobuild3/pico-sdk/src/rp2_common/pico_standard_link/crt0.S.obj
                0x10000100                __VECTOR_TABLE
                0x10000100                __vectors
                0x100001c0                isr_invalid
                0x100001c0                __default_isrs_start
                0x100001c2                isr_nmi
                0x100001c4                isr_hardfault
                0x100001c6                isr_svcall
                0x100001c8                isr_pendsv
                0x100001ca                isr_systick
                0x100001cc                isr_irq23
                0x100001cc                isr_irq18
                0x100001cc                isr_irq11
                0x100001cc                isr_irq28
                0x100001cc                isr_irq19
                0x100001cc                isr_irq0
                0x100001cc                isr_irq6
                0x100001cc                isr_irq5
                0x100001cc                isr_irq12
                0x100001cc                isr_irq22
                0x100001cc                isr_irq31
                0x100001cc                isr_irq17
                0x100001cc                isr_irq27
                0x100001cc                isr_irq30
                0x100001cc                isr_irq2
                0x100001cc                isr_irq10
                0x100001cc                isr_irq8
                0x100001cc                isr_irq24
                0x100001cc                isr_irq1
                0x100001cc                isr_irq7
                0x100001cc                isr_irq21
                0x100001cc                isr_irq20
                0x100001cc                isr_irq15
                0x100001cc                isr_irq25
                0x100001cc                isr_irq13
                0x100001cc                __unhandled_user_irq
                0x100001cc                isr_irq4
                0x100001cc                isr_irq16
                0x100001cc                isr_irq29
                0x100001cc                isr_irq26
                0x100001cc                __default_isrs_end
                0x100001cc                isr_irq3
                0x100001cc                isr_irq14
                0x100001cc                isr_irq9
                0x100001d2                unhandled_user_irq_num_in_r0
 *(.binary_info_header)
 .binary_info_header
                0x100001d4       0x14 CMakeFiles/tinyusb_dev_net_lwip_webserver.dir/D_/picobuild3/pico-sdk/src/rp2_common/pico_standard_link/crt0.S.obj
                0x100001e8                __binary_info_header_end = .
 *(.reset)
 .reset         0x100001e8       0xa8 CMakeFiles/tinyusb_dev_net_lwip_webserver.dir/D_/picobuild3/pico-sdk/src/rp2_common/pico_standard_link/crt0.S.obj
                0x100001e8                _entry_point
                0x10000266                __get_current_exception
 .reset         0x10000290       0x30 CMakeFiles/tinyusb_dev_net_lwip_webserver.dir/D_/picobuild3/pico-sdk/src/rp2_common/pico_standard_link/binary_info.c.obj
 *(.init)
 .init          0x100002c0        0x4 d:/picobuild3/pico-toolchain/gcc-arm-none-eabi-9-2019-q4-major-win32/bin/../lib/gcc/arm-none-eabi/9.2.1/thumb/v6-m/nofp/crti.o
                0x100002c0                _init
 *(EXCLUDE_FILE(*libm.a: *libc.a:*lib_a-mem*.o *libgcc.a:) .text*)
 .text          0x100002c4       0x48 d:/picobuild3/pico-toolchain/gcc-arm-none-eabi-9-2019-q4-major-win32/bin/../lib/gcc/arm-none-eabi/9.2.1/thumb/v6-m/nofp/crtbegin.o
 .text.netif_init_cb
                0x1000030c       0x30 CMakeFiles/tinyusb_dev_net_lwip_webserver.dir/src/main.c.obj
 .text.dns_query_proc
                0x1000033c       0x24 CMakeFiles/tinyusb_dev_net_lwip_webserver.dir/src/main.c.obj
                0x1000033c                dns_query_proc
 .text.output_fn
                0x10000360        0x8 CMakeFiles/tinyusb_dev_net_lwip_webserver.dir/src/main.c.obj
 .text.linkoutput_fn
                0x10000368       0x38 CMakeFiles/tinyusb_dev_net_lwip_webserver.dir/src/main.c.obj
 .text.tud_network_recv_cb
                0x100003a0       0x3c CMakeFiles/tinyusb_dev_net_lwip_webserver.dir/src/main.c.obj
                0x100003a0                tud_network_recv_cb
 .text.tud_network_xmit_cb
                0x100003dc       0x14 CMakeFiles/tinyusb_dev_net_lwip_webserver.dir/src/main.c.obj
                0x100003dc                tud_network_xmit_cb
 .text.tud_network_init_cb
                0x100003f0       0x18 CMakeFiles/tinyusb_dev_net_lwip_webserver.dir/src/main.c.obj
                0x100003f0                tud_network_init_cb
 .text.startup.main
                0x10000408       0xc0 CMakeFiles/tinyusb_dev_net_lwip_webserver.dir/src/main.c.obj
                0x10000408                main
 .text.sys_arch_protect
                0x100004c8        0x4 CMakeFiles/tinyusb_dev_net_lwip_webserver.dir/src/main.c.obj
                0x100004c8                sys_arch_protect
 .text.sys_arch_unprotect
                0x100004cc        0x4 CMakeFiles/tinyusb_dev_net_lwip_webserver.dir/src/main.c.obj
                0x100004cc                sys_arch_unprotect
 .text.sys_now  0x100004d0       0x20 CMakeFiles/tinyusb_dev_net_lwip_webserver.dir/src/main.c.obj
                0x100004d0                sys_now
 .text.tud_descriptor_device_cb
                0x100004f0        0x8 CMakeFiles/tinyusb_dev_net_lwip_webserver.dir/src/usb_descriptors.c.obj
                0x100004f0                tud_descriptor_device_cb
 .text.tud_descriptor_configuration_cb
                0x100004f8       0x14 CMakeFiles/tinyusb_dev_net_lwip_webserver.dir/src/usb_descriptors.c.obj
                0x100004f8                tud_descriptor_configuration_cb
 .text.tud_descriptor_string_cb
                0x1000050c       0xe0 CMakeFiles/tinyusb_dev_net_lwip_webserver.dir/src/usb_descriptors.c.obj
                0x1000050c                tud_descriptor_string_cb
 .text.lwip_htons
                0x100005ec        0x8 CMakeFiles/tinyusb_dev_net_lwip_webserver.dir/D_/picobuild3/pico-sdk/lib/tinyusb/lib/lwip/src/core/def.c.obj
                0x100005ec                lwip_htons
 .text.lwip_htonl
                0x100005f4        0x4 CMakeFiles/tinyusb_dev_net_lwip_webserver.dir/D_/picobuild3/pico-sdk/lib/tinyusb/lib/lwip/src/core/def.c.obj
                0x100005f4                lwip_htonl
 .text.lwip_strnstr
                0x100005f8       0x58 CMakeFiles/tinyusb_dev_net_lwip_webserver.dir/D_/picobuild3/pico-sdk/lib/tinyusb/lib/lwip/src/core/def.c.obj
                0x100005f8                lwip_strnstr
 .text.lwip_standard_chksum
                0x10000650       0x80 CMakeFiles/tinyusb_dev_net_lwip_webserver.dir/D_/picobuild3/pico-sdk/lib/tinyusb/lib/lwip/src/core/inet_chksum.c.obj
                0x10000650                lwip_standard_chksum
 .text.inet_chksum_pseudo
                0x100006d0       0xbc CMakeFiles/tinyusb_dev_net_lwip_webserver.dir/D_/picobuild3/pico-sdk/lib/tinyusb/lib/lwip/src/core/inet_chksum.c.obj
                0x100006d0                inet_chksum_pseudo
 .text.ip_chksum_pseudo
                0x1000078c       0x10 CMakeFiles/tinyusb_dev_net_lwip_webserver.dir/D_/picobuild3/pico-sdk/lib/tinyusb/lib/lwip/src/core/inet_chksum.c.obj
                0x1000078c                ip_chksum_pseudo
 .text.inet_chksum
                0x1000079c       0x88 CMakeFiles/tinyusb_dev_net_lwip_webserver.dir/D_/picobuild3/pico-sdk/lib/tinyusb/lib/lwip/src/core/inet_chksum.c.obj
                0x1000079c                inet_chksum
 .text.inet_chksum_pbuf
                0x10000824       0x6c CMakeFiles/tinyusb_dev_net_lwip_webserver.dir/D_/picobuild3/pico-sdk/lib/tinyusb/lib/lwip/src/core/inet_chksum.c.obj
                0x10000824                inet_chksum_pbuf
 .text.lwip_init
                0x10000890       0x20 CMakeFiles/tinyusb_dev_net_lwip_webserver.dir/D_/picobuild3/pico-sdk/lib/tinyusb/lib/lwip/src/core/init.c.obj
                0x10000890                lwip_init
 .text.mem_init
                0x100008b0       0x48 CMakeFiles/tinyusb_dev_net_lwip_webserver.dir/D_/picobuild3/pico-sdk/lib/tinyusb/lib/lwip/src/core/mem.c.obj
                0x100008b0                mem_init
 .text.mem_free
                0x100008f8      0x128 CMakeFiles/tinyusb_dev_net_lwip_webserver.dir/D_/picobuild3/pico-sdk/lib/tinyusb/lib/lwip/src/core/mem.c.obj
                0x100008f8                mem_free
 .text.mem_trim
                0x10000a20      0x140 CMakeFiles/tinyusb_dev_net_lwip_webserver.dir/D_/picobuild3/pico-sdk/lib/tinyusb/lib/lwip/src/core/mem.c.obj
                0x10000a20                mem_trim
 .text.mem_malloc
                0x10000b60      0x12c CMakeFiles/tinyusb_dev_net_lwip_webserver.dir/D_/picobuild3/pico-sdk/lib/tinyusb/lib/lwip/src/core/mem.c.obj
                0x10000b60                mem_malloc
 .text.memp_init
                0x10000c8c       0x94 CMakeFiles/tinyusb_dev_net_lwip_webserver.dir/D_/picobuild3/pico-sdk/lib/tinyusb/lib/lwip/src/core/memp.c.obj
                0x10000c8c                memp_init
 .text.memp_malloc
                0x10000d20       0x4c CMakeFiles/tinyusb_dev_net_lwip_webserver.dir/D_/picobuild3/pico-sdk/lib/tinyusb/lib/lwip/src/core/memp.c.obj
                0x10000d20                memp_malloc
 .text.memp_free
                0x10000d6c       0x30 CMakeFiles/tinyusb_dev_net_lwip_webserver.dir/D_/picobuild3/pico-sdk/lib/tinyusb/lib/lwip/src/core/memp.c.obj
                0x10000d6c                memp_free
 .text.netif_null_output_ip4
                0x10000d9c        0x8 CMakeFiles/tinyusb_dev_net_lwip_webserver.dir/D_/picobuild3/pico-sdk/lib/tinyusb/lib/lwip/src/core/netif.c.obj
 .text.netif_init
                0x10000da4        0x4 CMakeFiles/tinyusb_dev_net_lwip_webserver.dir/D_/picobuild3/pico-sdk/lib/tinyusb/lib/lwip/src/core/netif.c.obj
                0x10000da4                netif_init
 .text.netif_add
                0x10000da8       0xcc CMakeFiles/tinyusb_dev_net_lwip_webserver.dir/D_/picobuild3/pico-sdk/lib/tinyusb/lib/lwip/src/core/netif.c.obj
                0x10000da8                netif_add
 .text.netif_set_default
                0x10000e74        0xc CMakeFiles/tinyusb_dev_net_lwip_webserver.dir/D_/picobuild3/pico-sdk/lib/tinyusb/lib/lwip/src/core/netif.c.obj
                0x10000e74                netif_set_default
 .text.netif_get_by_index
                0x10000e80       0x28 CMakeFiles/tinyusb_dev_net_lwip_webserver.dir/D_/picobuild3/pico-sdk/lib/tinyusb/lib/lwip/src/core/netif.c.obj
                0x10000e80                netif_get_by_index
 .text.pbuf_free.part.0
                0x10000ea8       0x80 CMakeFiles/tinyusb_dev_net_lwip_webserver.dir/D_/picobuild3/pico-sdk/lib/tinyusb/lib/lwip/src/core/pbuf.c.obj
 .text.pbuf_copy.part.0
                0x10000f28       0xb0 CMakeFiles/tinyusb_dev_net_lwip_webserver.dir/D_/picobuild3/pico-sdk/lib/tinyusb/lib/lwip/src/core/pbuf.c.obj
 .text.pbuf_free_ooseq
                0x10000fd8       0x34 CMakeFiles/tinyusb_dev_net_lwip_webserver.dir/D_/picobuild3/pico-sdk/lib/tinyusb/lib/lwip/src/core/pbuf.c.obj
                0x10000fd8                pbuf_free_ooseq
 .text.pbuf_alloc
                0x1000100c      0x128 CMakeFiles/tinyusb_dev_net_lwip_webserver.dir/D_/picobuild3/pico-sdk/lib/tinyusb/lib/lwip/src/core/pbuf.c.obj
                0x1000100c                pbuf_alloc
 .text.pbuf_alloced_custom
                0x10001134       0x38 CMakeFiles/tinyusb_dev_net_lwip_webserver.dir/D_/picobuild3/pico-sdk/lib/tinyusb/lib/lwip/src/core/pbuf.c.obj
                0x10001134                pbuf_alloced_custom
 .text.pbuf_realloc
                0x1000116c       0x70 CMakeFiles/tinyusb_dev_net_lwip_webserver.dir/D_/picobuild3/pico-sdk/lib/tinyusb/lib/lwip/src/core/pbuf.c.obj
                0x1000116c                pbuf_realloc
 .text.pbuf_add_header
                0x100011dc       0x4c CMakeFiles/tinyusb_dev_net_lwip_webserver.dir/D_/picobuild3/pico-sdk/lib/tinyusb/lib/lwip/src/core/pbuf.c.obj
                0x100011dc                pbuf_add_header
 .text.pbuf_remove_header
                0x10001228       0x38 CMakeFiles/tinyusb_dev_net_lwip_webserver.dir/D_/picobuild3/pico-sdk/lib/tinyusb/lib/lwip/src/core/pbuf.c.obj
                0x10001228                pbuf_remove_header
 .text.pbuf_header_force
                0x10001260       0x6c CMakeFiles/tinyusb_dev_net_lwip_webserver.dir/D_/picobuild3/pico-sdk/lib/tinyusb/lib/lwip/src/core/pbuf.c.obj
                0x10001260                pbuf_header_force
 .text.pbuf_free
                0x100012cc       0x10 CMakeFiles/tinyusb_dev_net_lwip_webserver.dir/D_/picobuild3/pico-sdk/lib/tinyusb/lib/lwip/src/core/pbuf.c.obj
                0x100012cc                pbuf_free
 .text.pbuf_clen
                0x100012dc       0x14 CMakeFiles/tinyusb_dev_net_lwip_webserver.dir/D_/picobuild3/pico-sdk/lib/tinyusb/lib/lwip/src/core/pbuf.c.obj
                0x100012dc                pbuf_clen
 .text.pbuf_ref
                0x100012f0       0x18 CMakeFiles/tinyusb_dev_net_lwip_webserver.dir/D_/picobuild3/pico-sdk/lib/tinyusb/lib/lwip/src/core/pbuf.c.obj
                0x100012f0                pbuf_ref
 .text.pbuf_cat
                0x10001308       0x2c CMakeFiles/tinyusb_dev_net_lwip_webserver.dir/D_/picobuild3/pico-sdk/lib/tinyusb/lib/lwip/src/core/pbuf.c.obj
                0x10001308                pbuf_cat
 .text.pbuf_chain
                0x10001334       0x44 CMakeFiles/tinyusb_dev_net_lwip_webserver.dir/D_/picobuild3/pico-sdk/lib/tinyusb/lib/lwip/src/core/pbuf.c.obj
                0x10001334                pbuf_chain
 .text.pbuf_copy
                0x10001378       0x20 CMakeFiles/tinyusb_dev_net_lwip_webserver.dir/D_/picobuild3/pico-sdk/lib/tinyusb/lib/lwip/src/core/pbuf.c.obj
                0x10001378                pbuf_copy
 .text.pbuf_copy_partial
                0x10001398       0x78 CMakeFiles/tinyusb_dev_net_lwip_webserver.dir/D_/picobuild3/pico-sdk/lib/tinyusb/lib/lwip/src/core/pbuf.c.obj
                0x10001398                pbuf_copy_partial
 .text.pbuf_clone
                0x10001410       0x24 CMakeFiles/tinyusb_dev_net_lwip_webserver.dir/D_/picobuild3/pico-sdk/lib/tinyusb/lib/lwip/src/core/pbuf.c.obj
                0x10001410                pbuf_clone
 .text.stats_init
                0x10001434        0x4 CMakeFiles/tinyusb_dev_net_lwip_webserver.dir/D_/picobuild3/pico-sdk/lib/tinyusb/lib/lwip/src/core/stats.c.obj
                0x10001434                stats_init
 .text.tcp_close_shutdown_fin
                0x10001438       0x4c CMakeFiles/tinyusb_dev_net_lwip_webserver.dir/D_/picobuild3/pico-sdk/lib/tinyusb/lib/lwip/src/core/tcp.c.obj
 .text.tcp_pcb_purge.part.0
                0x10001484       0xc4 CMakeFiles/tinyusb_dev_net_lwip_webserver.dir/D_/picobuild3/pico-sdk/lib/tinyusb/lib/lwip/src/core/tcp.c.obj
 .text.tcp_init
                0x10001548        0x4 CMakeFiles/tinyusb_dev_net_lwip_webserver.dir/D_/picobuild3/pico-sdk/lib/tinyusb/lib/lwip/src/core/tcp.c.obj
                0x10001548                tcp_init
 .text.tcp_free
                0x1000154c        0xc CMakeFiles/tinyusb_dev_net_lwip_webserver.dir/D_/picobuild3/pico-sdk/lib/tinyusb/lib/lwip/src/core/tcp.c.obj
                0x1000154c                tcp_free
 .text.tcp_bind
                0x10001558       0xf8 CMakeFiles/tinyusb_dev_net_lwip_webserver.dir/D_/picobuild3/pico-sdk/lib/tinyusb/lib/lwip/src/core/tcp.c.obj
                0x10001558                tcp_bind
 .text.tcp_listen_with_backlog
                0x10001650       0x94 CMakeFiles/tinyusb_dev_net_lwip_webserver.dir/D_/picobuild3/pico-sdk/lib/tinyusb/lib/lwip/src/core/tcp.c.obj
                0x10001650                tcp_listen_with_backlog
 .text.tcp_update_rcv_ann_wnd
                0x100016e4       0x40 CMakeFiles/tinyusb_dev_net_lwip_webserver.dir/D_/picobuild3/pico-sdk/lib/tinyusb/lib/lwip/src/core/tcp.c.obj
                0x100016e4                tcp_update_rcv_ann_wnd
 .text.tcp_recved
                0x10001724       0x7c CMakeFiles/tinyusb_dev_net_lwip_webserver.dir/D_/picobuild3/pico-sdk/lib/tinyusb/lib/lwip/src/core/tcp.c.obj
                0x10001724                tcp_recved
 .text.tcp_slowtmr
                0x100017a0      0x42c CMakeFiles/tinyusb_dev_net_lwip_webserver.dir/D_/picobuild3/pico-sdk/lib/tinyusb/lib/lwip/src/core/tcp.c.obj
                0x100017a0                tcp_slowtmr
 .text.tcp_segs_free
                0x10001bcc       0x38 CMakeFiles/tinyusb_dev_net_lwip_webserver.dir/D_/picobuild3/pico-sdk/lib/tinyusb/lib/lwip/src/core/tcp.c.obj
                0x10001bcc                tcp_segs_free
 .text.tcp_seg_free
                0x10001c04       0x1c CMakeFiles/tinyusb_dev_net_lwip_webserver.dir/D_/picobuild3/pico-sdk/lib/tinyusb/lib/lwip/src/core/tcp.c.obj
                0x10001c04                tcp_seg_free
 .text.tcp_setprio
                0x10001c20        0x8 CMakeFiles/tinyusb_dev_net_lwip_webserver.dir/D_/picobuild3/pico-sdk/lib/tinyusb/lib/lwip/src/core/tcp.c.obj
                0x10001c20                tcp_setprio
 .text.tcp_seg_copy
                0x10001c28       0x20 CMakeFiles/tinyusb_dev_net_lwip_webserver.dir/D_/picobuild3/pico-sdk/lib/tinyusb/lib/lwip/src/core/tcp.c.obj
                0x10001c28                tcp_seg_copy
 .text.tcp_arg  0x10001c48        0x8 CMakeFiles/tinyusb_dev_net_lwip_webserver.dir/D_/picobuild3/pico-sdk/lib/tinyusb/lib/lwip/src/core/tcp.c.obj
                0x10001c48                tcp_arg
 .text.tcp_recv
                0x10001c50        0xc CMakeFiles/tinyusb_dev_net_lwip_webserver.dir/D_/picobuild3/pico-sdk/lib/tinyusb/lib/lwip/src/core/tcp.c.obj
                0x10001c50                tcp_recv
 .text.tcp_sent
                0x10001c5c        0xc CMakeFiles/tinyusb_dev_net_lwip_webserver.dir/D_/picobuild3/pico-sdk/lib/tinyusb/lib/lwip/src/core/tcp.c.obj
                0x10001c5c                tcp_sent
 .text.tcp_err  0x10001c68        0xc CMakeFiles/tinyusb_dev_net_lwip_webserver.dir/D_/picobuild3/pico-sdk/lib/tinyusb/lib/lwip/src/core/tcp.c.obj
                0x10001c68                tcp_err
 .text.tcp_accept
                0x10001c74       0x10 CMakeFiles/tinyusb_dev_net_lwip_webserver.dir/D_/picobuild3/pico-sdk/lib/tinyusb/lib/lwip/src/core/tcp.c.obj
                0x10001c74                tcp_accept
 .text.tcp_poll
                0x10001c84        0xc CMakeFiles/tinyusb_dev_net_lwip_webserver.dir/D_/picobuild3/pico-sdk/lib/tinyusb/lib/lwip/src/core/tcp.c.obj
                0x10001c84                tcp_poll
 .text.tcp_pcb_purge
                0x10001c90       0x18 CMakeFiles/tinyusb_dev_net_lwip_webserver.dir/D_/picobuild3/pico-sdk/lib/tinyusb/lib/lwip/src/core/tcp.c.obj
                0x10001c90                tcp_pcb_purge
 .text.tcp_pcb_remove
                0x10001ca8       0x78 CMakeFiles/tinyusb_dev_net_lwip_webserver.dir/D_/picobuild3/pico-sdk/lib/tinyusb/lib/lwip/src/core/tcp.c.obj
                0x10001ca8                tcp_pcb_remove
 .text.tcp_abandon
                0x10001d20      0x184 CMakeFiles/tinyusb_dev_net_lwip_webserver.dir/D_/picobuild3/pico-sdk/lib/tinyusb/lib/lwip/src/core/tcp.c.obj
                0x10001d20                tcp_abandon
 .text.tcp_abort
                0x10001ea4        0xc CMakeFiles/tinyusb_dev_net_lwip_webserver.dir/D_/picobuild3/pico-sdk/lib/tinyusb/lib/lwip/src/core/tcp.c.obj
                0x10001ea4                tcp_abort
 .text.tcp_accept_null
                0x10001eb0       0x10 CMakeFiles/tinyusb_dev_net_lwip_webserver.dir/D_/picobuild3/pico-sdk/lib/tinyusb/lib/lwip/src/core/tcp.c.obj
 .text.tcp_alloc
                0x10001ec0      0x1f8 CMakeFiles/tinyusb_dev_net_lwip_webserver.dir/D_/picobuild3/pico-sdk/lib/tinyusb/lib/lwip/src/core/tcp.c.obj
                0x10001ec0                tcp_alloc
 .text.tcp_new_ip_type
                0x100020b8      0x1d8 CMakeFiles/tinyusb_dev_net_lwip_webserver.dir/D_/picobuild3/pico-sdk/lib/tinyusb/lib/lwip/src/core/tcp.c.obj
                0x100020b8                tcp_new_ip_type
 .text.tcp_close_shutdown
                0x10002290      0x14c CMakeFiles/tinyusb_dev_net_lwip_webserver.dir/D_/picobuild3/pico-sdk/lib/tinyusb/lib/lwip/src/core/tcp.c.obj
 .text.tcp_recv_null
                0x100023dc       0xb4 CMakeFiles/tinyusb_dev_net_lwip_webserver.dir/D_/picobuild3/pico-sdk/lib/tinyusb/lib/lwip/src/core/tcp.c.obj
                0x100023dc                tcp_recv_null
 .text.tcp_process_refused_data
                0x10002490       0xf0 CMakeFiles/tinyusb_dev_net_lwip_webserver.dir/D_/picobuild3/pico-sdk/lib/tinyusb/lib/lwip/src/core/tcp.c.obj
                0x10002490                tcp_process_refused_data
 .text.tcp_fasttmr
                0x10002580       0x98 CMakeFiles/tinyusb_dev_net_lwip_webserver.dir/D_/picobuild3/pico-sdk/lib/tinyusb/lib/lwip/src/core/tcp.c.obj
                0x10002580                tcp_fasttmr
 .text.tcp_tmr  0x10002618       0x20 CMakeFiles/tinyusb_dev_net_lwip_webserver.dir/D_/picobuild3/pico-sdk/lib/tinyusb/lib/lwip/src/core/tcp.c.obj
                0x10002618                tcp_tmr
 .text.tcp_close
                0x10002638      0x15c CMakeFiles/tinyusb_dev_net_lwip_webserver.dir/D_/picobuild3/pico-sdk/lib/tinyusb/lib/lwip/src/core/tcp.c.obj
                0x10002638                tcp_close
 .text.tcp_next_iss
                0x10002794       0x18 CMakeFiles/tinyusb_dev_net_lwip_webserver.dir/D_/picobuild3/pico-sdk/lib/tinyusb/lib/lwip/src/core/tcp.c.obj
                0x10002794                tcp_next_iss
 .text.tcp_eff_send_mss_netif
                0x100027ac       0x28 CMakeFiles/tinyusb_dev_net_lwip_webserver.dir/D_/picobuild3/pico-sdk/lib/tinyusb/lib/lwip/src/core/tcp.c.obj
                0x100027ac                tcp_eff_send_mss_netif
 .text.tcp_netif_ip_addr_changed
                0x100027d4       0xa4 CMakeFiles/tinyusb_dev_net_lwip_webserver.dir/D_/picobuild3/pico-sdk/lib/tinyusb/lib/lwip/src/core/tcp.c.obj
                0x100027d4                tcp_netif_ip_addr_changed
 .text.tcp_free_ooseq
                0x10002878       0x40 CMakeFiles/tinyusb_dev_net_lwip_webserver.dir/D_/picobuild3/pico-sdk/lib/tinyusb/lib/lwip/src/core/tcp.c.obj
                0x10002878                tcp_free_ooseq
 .text.tcp_oos_insert_segment
                0x100028b8       0xcc CMakeFiles/tinyusb_dev_net_lwip_webserver.dir/D_/picobuild3/pico-sdk/lib/tinyusb/lib/lwip/src/core/tcp_in.c.obj
 .text.tcp_parseopt.isra.0
                0x10002984      0x180 CMakeFiles/tinyusb_dev_net_lwip_webserver.dir/D_/picobuild3/pico-sdk/lib/tinyusb/lib/lwip/src/core/tcp_in.c.obj
 .text.tcp_free_acked_segments.isra.0
                0x10002b04       0x9c CMakeFiles/tinyusb_dev_net_lwip_webserver.dir/D_/picobuild3/pico-sdk/lib/tinyusb/lib/lwip/src/core/tcp_in.c.obj
 .text.tcp_receive
                0x10002ba0      0x948 CMakeFiles/tinyusb_dev_net_lwip_webserver.dir/D_/picobuild3/pico-sdk/lib/tinyusb/lib/lwip/src/core/tcp_in.c.obj
 .text.tcp_input
                0x100034e8      0xbf4 CMakeFiles/tinyusb_dev_net_lwip_webserver.dir/D_/picobuild3/pico-sdk/lib/tinyusb/lib/lwip/src/core/tcp_in.c.obj
                0x100034e8                tcp_input
 .text.tcp_trigger_input_pcb_close
                0x100040dc       0x10 CMakeFiles/tinyusb_dev_net_lwip_webserver.dir/D_/picobuild3/pico-sdk/lib/tinyusb/lib/lwip/src/core/tcp_in.c.obj
                0x100040dc                tcp_trigger_input_pcb_close
 .text.tcp_create_segment.isra.0
                0x100040ec       0xd0 CMakeFiles/tinyusb_dev_net_lwip_webserver.dir/D_/picobuild3/pico-sdk/lib/tinyusb/lib/lwip/src/core/tcp_out.c.obj
 .text.tcp_output_control_segment
                0x100041bc       0xac CMakeFiles/tinyusb_dev_net_lwip_webserver.dir/D_/picobuild3/pico-sdk/lib/tinyusb/lib/lwip/src/core/tcp_out.c.obj
 .text.tcp_write
                0x10004268      0x5f0 CMakeFiles/tinyusb_dev_net_lwip_webserver.dir/D_/picobuild3/pico-sdk/lib/tinyusb/lib/lwip/src/core/tcp_out.c.obj
                0x10004268                tcp_write
 .text.tcp_split_unsent_seg
                0x10004858      0x19c CMakeFiles/tinyusb_dev_net_lwip_webserver.dir/D_/picobuild3/pico-sdk/lib/tinyusb/lib/lwip/src/core/tcp_out.c.obj
                0x10004858                tcp_split_unsent_seg
 .text.tcp_send_fin
                0x100049f4       0xe8 CMakeFiles/tinyusb_dev_net_lwip_webserver.dir/D_/picobuild3/pico-sdk/lib/tinyusb/lib/lwip/src/core/tcp_out.c.obj
                0x100049f4                tcp_send_fin
 .text.tcp_enqueue_flags
                0x10004adc       0xb0 CMakeFiles/tinyusb_dev_net_lwip_webserver.dir/D_/picobuild3/pico-sdk/lib/tinyusb/lib/lwip/src/core/tcp_out.c.obj
                0x10004adc                tcp_enqueue_flags
 .text.tcp_rexmit_rto_prepare
                0x10004b8c       0x8c CMakeFiles/tinyusb_dev_net_lwip_webserver.dir/D_/picobuild3/pico-sdk/lib/tinyusb/lib/lwip/src/core/tcp_out.c.obj
                0x10004b8c                tcp_rexmit_rto_prepare
 .text.tcp_rexmit
                0x10004c18       0x90 CMakeFiles/tinyusb_dev_net_lwip_webserver.dir/D_/picobuild3/pico-sdk/lib/tinyusb/lib/lwip/src/core/tcp_out.c.obj
                0x10004c18                tcp_rexmit
 .text.tcp_rexmit_fast
                0x10004ca8       0x58 CMakeFiles/tinyusb_dev_net_lwip_webserver.dir/D_/picobuild3/pico-sdk/lib/tinyusb/lib/lwip/src/core/tcp_out.c.obj
                0x10004ca8                tcp_rexmit_fast
 .text.tcp_rst  0x10004d00       0xbc CMakeFiles/tinyusb_dev_net_lwip_webserver.dir/D_/picobuild3/pico-sdk/lib/tinyusb/lib/lwip/src/core/tcp_out.c.obj
                0x10004d00                tcp_rst
 .text.tcp_send_empty_ack
                0x10004dbc       0xdc CMakeFiles/tinyusb_dev_net_lwip_webserver.dir/D_/picobuild3/pico-sdk/lib/tinyusb/lib/lwip/src/core/tcp_out.c.obj
                0x10004dbc                tcp_send_empty_ack
 .text.tcp_output
                0x10004e98      0x414 CMakeFiles/tinyusb_dev_net_lwip_webserver.dir/D_/picobuild3/pico-sdk/lib/tinyusb/lib/lwip/src/core/tcp_out.c.obj
                0x10004e98                tcp_output
 .text.tcp_rexmit_rto_commit
                0x100052ac       0x14 CMakeFiles/tinyusb_dev_net_lwip_webserver.dir/D_/picobuild3/pico-sdk/lib/tinyusb/lib/lwip/src/core/tcp_out.c.obj
                0x100052ac                tcp_rexmit_rto_commit
 .text.tcp_rexmit_rto
                0x100052c0       0x90 CMakeFiles/tinyusb_dev_net_lwip_webserver.dir/D_/picobuild3/pico-sdk/lib/tinyusb/lib/lwip/src/core/tcp_out.c.obj
                0x100052c0                tcp_rexmit_rto
 .text.tcp_keepalive
                0x10005350       0xc4 CMakeFiles/tinyusb_dev_net_lwip_webserver.dir/D_/picobuild3/pico-sdk/lib/tinyusb/lib/lwip/src/core/tcp_out.c.obj
                0x10005350                tcp_keepalive
 .text.tcp_zero_window_probe
                0x10005414      0x18c CMakeFiles/tinyusb_dev_net_lwip_webserver.dir/D_/picobuild3/pico-sdk/lib/tinyusb/lib/lwip/src/core/tcp_out.c.obj
                0x10005414                tcp_zero_window_probe
 .text.tcpip_tcp_timer
                0x100055a0       0x6c CMakeFiles/tinyusb_dev_net_lwip_webserver.dir/D_/picobuild3/pico-sdk/lib/tinyusb/lib/lwip/src/core/timeouts.c.obj
 .text.lwip_cyclic_timer
                0x1000560c       0x90 CMakeFiles/tinyusb_dev_net_lwip_webserver.dir/D_/picobuild3/pico-sdk/lib/tinyusb/lib/lwip/src/core/timeouts.c.obj
 .text.tcp_timer_needed
                0x1000569c       0x70 CMakeFiles/tinyusb_dev_net_lwip_webserver.dir/D_/picobuild3/pico-sdk/lib/tinyusb/lib/lwip/src/core/timeouts.c.obj
                0x1000569c                tcp_timer_needed
 .text.sys_timeouts_init
                0x1000570c       0x78 CMakeFiles/tinyusb_dev_net_lwip_webserver.dir/D_/picobuild3/pico-sdk/lib/tinyusb/lib/lwip/src/core/timeouts.c.obj
                0x1000570c                sys_timeouts_init
 .text.sys_check_timeouts
                0x10005784       0x68 CMakeFiles/tinyusb_dev_net_lwip_webserver.dir/D_/picobuild3/pico-sdk/lib/tinyusb/lib/lwip/src/core/timeouts.c.obj
                0x10005784                sys_check_timeouts
 .text.udp_init
                0x100057ec        0x4 CMakeFiles/tinyusb_dev_net_lwip_webserver.dir/D_/picobuild3/pico-sdk/lib/tinyusb/lib/lwip/src/core/udp.c.obj
                0x100057ec                udp_init
 .text.udp_input
                0x100057f0      0x234 CMakeFiles/tinyusb_dev_net_lwip_webserver.dir/D_/picobuild3/pico-sdk/lib/tinyusb/lib/lwip/src/core/udp.c.obj
                0x100057f0                udp_input
 .text.udp_bind
                0x10005a24      0x10c CMakeFiles/tinyusb_dev_net_lwip_webserver.dir/D_/picobuild3/pico-sdk/lib/tinyusb/lib/lwip/src/core/udp.c.obj
                0x10005a24                udp_bind
 .text.udp_sendto_if_src
                0x10005b30      0x120 CMakeFiles/tinyusb_dev_net_lwip_webserver.dir/D_/picobuild3/pico-sdk/lib/tinyusb/lib/lwip/src/core/udp.c.obj
                0x10005b30                udp_sendto_if_src
 .text.udp_sendto
                0x10005c50       0x7c CMakeFiles/tinyusb_dev_net_lwip_webserver.dir/D_/picobuild3/pico-sdk/lib/tinyusb/lib/lwip/src/core/udp.c.obj
                0x10005c50                udp_sendto
 .text.udp_recv
                0x10005ccc        0xc CMakeFiles/tinyusb_dev_net_lwip_webserver.dir/D_/picobuild3/pico-sdk/lib/tinyusb/lib/lwip/src/core/udp.c.obj
                0x10005ccc                udp_recv
 .text.udp_remove
                0x10005cd8       0x3c CMakeFiles/tinyusb_dev_net_lwip_webserver.dir/D_/picobuild3/pico-sdk/lib/tinyusb/lib/lwip/src/core/udp.c.obj
                0x10005cd8                udp_remove
 .text.udp_new  0x10005d14       0x1c CMakeFiles/tinyusb_dev_net_lwip_webserver.dir/D_/picobuild3/pico-sdk/lib/tinyusb/lib/lwip/src/core/udp.c.obj
                0x10005d14                udp_new
 .text.udp_netif_ip_addr_changed
                0x10005d30       0x40 CMakeFiles/tinyusb_dev_net_lwip_webserver.dir/D_/picobuild3/pico-sdk/lib/tinyusb/lib/lwip/src/core/udp.c.obj
                0x10005d30                udp_netif_ip_addr_changed
 .text.etharp_raw
                0x10005d70       0xc0 CMakeFiles/tinyusb_dev_net_lwip_webserver.dir/D_/picobuild3/pico-sdk/lib/tinyusb/lib/lwip/src/core/ipv4/etharp.c.obj
 .text.etharp_output_to_arp_index
                0x10005e30       0xd4 CMakeFiles/tinyusb_dev_net_lwip_webserver.dir/D_/picobuild3/pico-sdk/lib/tinyusb/lib/lwip/src/core/ipv4/etharp.c.obj
 .text.etharp_find_entry.isra.0
                0x10005f04      0x94c CMakeFiles/tinyusb_dev_net_lwip_webserver.dir/D_/picobuild3/pico-sdk/lib/tinyusb/lib/lwip/src/core/ipv4/etharp.c.obj
 .text.etharp_tmr
                0x10006850       0xac CMakeFiles/tinyusb_dev_net_lwip_webserver.dir/D_/picobuild3/pico-sdk/lib/tinyusb/lib/lwip/src/core/ipv4/etharp.c.obj
                0x10006850                etharp_tmr
 .text.etharp_input
                0x100068fc      0x18c CMakeFiles/tinyusb_dev_net_lwip_webserver.dir/D_/picobuild3/pico-sdk/lib/tinyusb/lib/lwip/src/core/ipv4/etharp.c.obj
                0x100068fc                etharp_input
 .text.etharp_query
                0x10006a88      0x164 CMakeFiles/tinyusb_dev_net_lwip_webserver.dir/D_/picobuild3/pico-sdk/lib/tinyusb/lib/lwip/src/core/ipv4/etharp.c.obj
                0x10006a88                etharp_query
 .text.etharp_output
                0x10006bec      0x1a4 CMakeFiles/tinyusb_dev_net_lwip_webserver.dir/D_/picobuild3/pico-sdk/lib/tinyusb/lib/lwip/src/core/ipv4/etharp.c.obj
                0x10006bec                etharp_output
 .text.etharp_request
                0x10006d90       0xbc CMakeFiles/tinyusb_dev_net_lwip_webserver.dir/D_/picobuild3/pico-sdk/lib/tinyusb/lib/lwip/src/core/ipv4/etharp.c.obj
                0x10006d90                etharp_request
 .text.icmp_input
                0x10006e4c      0x1e8 CMakeFiles/tinyusb_dev_net_lwip_webserver.dir/D_/picobuild3/pico-sdk/lib/tinyusb/lib/lwip/src/core/ipv4/icmp.c.obj
                0x10006e4c                icmp_input
 .text.icmp_dest_unreach
                0x10007034       0x98 CMakeFiles/tinyusb_dev_net_lwip_webserver.dir/D_/picobuild3/pico-sdk/lib/tinyusb/lib/lwip/src/core/ipv4/icmp.c.obj
                0x10007034                icmp_dest_unreach
 .text.icmp_time_exceeded
                0x100070cc       0x98 CMakeFiles/tinyusb_dev_net_lwip_webserver.dir/D_/picobuild3/pico-sdk/lib/tinyusb/lib/lwip/src/core/ipv4/icmp.c.obj
                0x100070cc                icmp_time_exceeded
 .text.ip4_route
                0x10007164       0x3c CMakeFiles/tinyusb_dev_net_lwip_webserver.dir/D_/picobuild3/pico-sdk/lib/tinyusb/lib/lwip/src/core/ipv4/ip4.c.obj
                0x10007164                ip4_route
 .text.ip4_input
                0x100071a0      0x24c CMakeFiles/tinyusb_dev_net_lwip_webserver.dir/D_/picobuild3/pico-sdk/lib/tinyusb/lib/lwip/src/core/ipv4/ip4.c.obj
                0x100071a0                ip4_input
 .text.ip4_output_if
                0x100073ec      0x178 CMakeFiles/tinyusb_dev_net_lwip_webserver.dir/D_/picobuild3/pico-sdk/lib/tinyusb/lib/lwip/src/core/ipv4/ip4.c.obj
                0x100073ec                ip4_output_if
 .text.ip4_output_if_src
                0x10007564      0x158 CMakeFiles/tinyusb_dev_net_lwip_webserver.dir/D_/picobuild3/pico-sdk/lib/tinyusb/lib/lwip/src/core/ipv4/ip4.c.obj
                0x10007564                ip4_output_if_src
 .text.ip4_addr_isbroadcast_u32
                0x100076bc       0x3c CMakeFiles/tinyusb_dev_net_lwip_webserver.dir/D_/picobuild3/pico-sdk/lib/tinyusb/lib/lwip/src/core/ipv4/ip4_addr.c.obj
                0x100076bc                ip4_addr_isbroadcast_u32
 .text.ip_reass_free_complete_datagram
                0x100076f8       0xb8 CMakeFiles/tinyusb_dev_net_lwip_webserver.dir/D_/picobuild3/pico-sdk/lib/tinyusb/lib/lwip/src/core/ipv4/ip4_frag.c.obj
 .text.ip_reass_remove_oldest_datagram
                0x100077b0       0xd8 CMakeFiles/tinyusb_dev_net_lwip_webserver.dir/D_/picobuild3/pico-sdk/lib/tinyusb/lib/lwip/src/core/ipv4/ip4_frag.c.obj
 .text.ipfrag_free_pbuf_custom
                0x10007888       0x18 CMakeFiles/tinyusb_dev_net_lwip_webserver.dir/D_/picobuild3/pico-sdk/lib/tinyusb/lib/lwip/src/core/ipv4/ip4_frag.c.obj
 .text.ip_reass_tmr
                0x100078a0       0x38 CMakeFiles/tinyusb_dev_net_lwip_webserver.dir/D_/picobuild3/pico-sdk/lib/tinyusb/lib/lwip/src/core/ipv4/ip4_frag.c.obj
                0x100078a0                ip_reass_tmr
 .text.ip4_reass
                0x100078d8      0x528 CMakeFiles/tinyusb_dev_net_lwip_webserver.dir/D_/picobuild3/pico-sdk/lib/tinyusb/lib/lwip/src/core/ipv4/ip4_frag.c.obj
                0x100078d8                ip4_reass
 .text.ip4_frag
                0x10007e00      0x1ec CMakeFiles/tinyusb_dev_net_lwip_webserver.dir/D_/picobuild3/pico-sdk/lib/tinyusb/lib/lwip/src/core/ipv4/ip4_frag.c.obj
                0x10007e00                ip4_frag
 .text.ethernet_input
                0x10007fec       0xd0 CMakeFiles/tinyusb_dev_net_lwip_webserver.dir/D_/picobuild3/pico-sdk/lib/tinyusb/lib/lwip/src/netif/ethernet.c.obj
                0x10007fec                ethernet_input
 .text.ethernet_output
                0x100080bc       0x64 CMakeFiles/tinyusb_dev_net_lwip_webserver.dir/D_/picobuild3/pico-sdk/lib/tinyusb/lib/lwip/src/netif/ethernet.c.obj
                0x100080bc                ethernet_output
 .text.http_accept
                0x10008120       0x74 CMakeFiles/tinyusb_dev_net_lwip_webserver.dir/D_/picobuild3/pico-sdk/lib/tinyusb/lib/lwip/src/apps/http/httpd.c.obj
 .text.http_err
                0x10008194       0x2c CMakeFiles/tinyusb_dev_net_lwip_webserver.dir/D_/picobuild3/pico-sdk/lib/tinyusb/lib/lwip/src/apps/http/httpd.c.obj
 .text.http_close_or_abort_conn.constprop.0
                0x100081c0       0x74 CMakeFiles/tinyusb_dev_net_lwip_webserver.dir/D_/picobuild3/pico-sdk/lib/tinyusb/lib/lwip/src/apps/http/httpd.c.obj
 .text.http_send
                0x10008234       0xdc CMakeFiles/tinyusb_dev_net_lwip_webserver.dir/D_/picobuild3/pico-sdk/lib/tinyusb/lib/lwip/src/apps/http/httpd.c.obj
 .text.http_sent
                0x10008310       0x1c CMakeFiles/tinyusb_dev_net_lwip_webserver.dir/D_/picobuild3/pico-sdk/lib/tinyusb/lib/lwip/src/apps/http/httpd.c.obj
 .text.http_recv
                0x1000832c      0x380 CMakeFiles/tinyusb_dev_net_lwip_webserver.dir/D_/picobuild3/pico-sdk/lib/tinyusb/lib/lwip/src/apps/http/httpd.c.obj
 .text.http_poll
                0x100086ac       0x84 CMakeFiles/tinyusb_dev_net_lwip_webserver.dir/D_/picobuild3/pico-sdk/lib/tinyusb/lib/lwip/src/apps/http/httpd.c.obj
 .text.httpd_init
                0x10008730       0x34 CMakeFiles/tinyusb_dev_net_lwip_webserver.dir/D_/picobuild3/pico-sdk/lib/tinyusb/lib/lwip/src/apps/http/httpd.c.obj
                0x10008730                httpd_init
 .text.fs_open  0x10008764       0x4c CMakeFiles/tinyusb_dev_net_lwip_webserver.dir/D_/picobuild3/pico-sdk/lib/tinyusb/lib/lwip/src/apps/http/fs.c.obj
                0x10008764                fs_open
 .text.fs_close
                0x100087b0        0x4 CMakeFiles/tinyusb_dev_net_lwip_webserver.dir/D_/picobuild3/pico-sdk/lib/tinyusb/lib/lwip/src/apps/http/fs.c.obj
                0x100087b0                fs_close
 .text.fs_bytes_left
                0x100087b4        0x8 CMakeFiles/tinyusb_dev_net_lwip_webserver.dir/D_/picobuild3/pico-sdk/lib/tinyusb/lib/lwip/src/apps/http/fs.c.obj
                0x100087b4                fs_bytes_left
 .text.fill_options
                0x100087bc       0xdc CMakeFiles/tinyusb_dev_net_lwip_webserver.dir/D_/picobuild3/pico-sdk/lib/tinyusb/lib/networking/dhserver.c.obj
                0x100087bc                fill_options
 .text.udp_recv_proc
                0x10008898      0x2b8 CMakeFiles/tinyusb_dev_net_lwip_webserver.dir/D_/picobuild3/pico-sdk/lib/tinyusb/lib/networking/dhserver.c.obj
 .text.dhserv_init
                0x10008b50       0x64 CMakeFiles/tinyusb_dev_net_lwip_webserver.dir/D_/picobuild3/pico-sdk/lib/tinyusb/lib/networking/dhserver.c.obj
                0x10008b50                dhserv_init
 .text.udp_recv_proc
                0x10008bb4      0x1bc CMakeFiles/tinyusb_dev_net_lwip_webserver.dir/D_/picobuild3/pico-sdk/lib/tinyusb/lib/networking/dnserver.c.obj
 .text.dnserv_init
                0x10008d70       0x64 CMakeFiles/tinyusb_dev_net_lwip_webserver.dir/D_/picobuild3/pico-sdk/lib/tinyusb/lib/networking/dnserver.c.obj
                0x10008d70                dnserv_init
 .text.rndis_class_set_handler
                0x10008dd4      0x2d4 CMakeFiles/tinyusb_dev_net_lwip_webserver.dir/D_/picobuild3/pico-sdk/lib/tinyusb/lib/networking/rndis_reports.c.obj
                0x10008dd4                rndis_class_set_handler
 .text.gpio_set_function
                0x100090a8       0x30 CMakeFiles/tinyusb_dev_net_lwip_webserver.dir/D_/picobuild3/pico-sdk/src/rp2_common/hardware_gpio/gpio.c.obj
                0x100090a8                gpio_set_function
 .text.gpio_get_function
                0x100090d8       0x14 CMakeFiles/tinyusb_dev_net_lwip_webserver.dir/D_/picobuild3/pico-sdk/src/rp2_common/hardware_gpio/gpio.c.obj
                0x100090d8                gpio_get_function
 .text.gpio_set_pulls
                0x100090ec       0x30 CMakeFiles/tinyusb_dev_net_lwip_webserver.dir/D_/picobuild3/pico-sdk/src/rp2_common/hardware_gpio/gpio.c.obj
                0x100090ec                gpio_set_pulls
 .text.gpio_set_inover
                0x1000911c       0x24 CMakeFiles/tinyusb_dev_net_lwip_webserver.dir/D_/picobuild3/pico-sdk/src/rp2_common/hardware_gpio/gpio.c.obj
                0x1000911c                gpio_set_inover
 .text.gpio_set_oeover
                0x10009140       0x24 CMakeFiles/tinyusb_dev_net_lwip_webserver.dir/D_/picobuild3/pico-sdk/src/rp2_common/hardware_gpio/gpio.c.obj
                0x10009140                gpio_set_oeover
 .text.gpio_init
                0x10009164       0x3c CMakeFiles/tinyusb_dev_net_lwip_webserver.dir/D_/picobuild3/pico-sdk/src/rp2_common/hardware_gpio/gpio.c.obj
                0x10009164                gpio_init
 .text.hw_claim_or_assert
                0x100091a0       0x48 CMakeFiles/tinyusb_dev_net_lwip_webserver.dir/D_/picobuild3/pico-sdk/src/rp2_common/hardware_claim/claim.c.obj
                0x100091a0                hw_claim_or_assert
 .text.hw_claim_unused_from_range
                0x100091e8       0x9c CMakeFiles/tinyusb_dev_net_lwip_webserver.dir/D_/picobuild3/pico-sdk/src/rp2_common/hardware_claim/claim.c.obj
                0x100091e8                hw_claim_unused_from_range
 .text.running_on_fpga
                0x10009284       0x10 CMakeFiles/tinyusb_dev_net_lwip_webserver.dir/D_/picobuild3/pico-sdk/src/rp2_common/pico_platform/platform.c.obj
                0x10009284                running_on_fpga
 .text.rp2040_chip_version
                0x10009294        0xc CMakeFiles/tinyusb_dev_net_lwip_webserver.dir/D_/picobuild3/pico-sdk/src/rp2_common/pico_platform/platform.c.obj
                0x10009294                rp2040_chip_version
 .text.spin_locks_reset
                0x100092a0       0x1c CMakeFiles/tinyusb_dev_net_lwip_webserver.dir/D_/picobuild3/pico-sdk/src/rp2_common/hardware_sync/sync.c.obj
                0x100092a0                spin_locks_reset
 .text.next_striped_spin_lock_num
                0x100092bc       0x18 CMakeFiles/tinyusb_dev_net_lwip_webserver.dir/D_/picobuild3/pico-sdk/src/rp2_common/hardware_sync/sync.c.obj
                0x100092bc                next_striped_spin_lock_num
 .text.spin_lock_claim_unused
                0x100092d4       0x20 CMakeFiles/tinyusb_dev_net_lwip_webserver.dir/D_/picobuild3/pico-sdk/src/rp2_common/hardware_sync/sync.c.obj
                0x100092d4                spin_lock_claim_unused
 .text.uart_init
                0x100092f4       0xe4 CMakeFiles/tinyusb_dev_net_lwip_webserver.dir/D_/picobuild3/pico-sdk/src/rp2_common/hardware_uart/uart.c.obj
                0x100092f4                uart_init
 .text.timer_pool_entry_comparator
                0x100093d8       0x34 CMakeFiles/tinyusb_dev_net_lwip_webserver.dir/D_/picobuild3/pico-sdk/src/common/pico_time/time.c.obj
                0x100093d8                timer_pool_entry_comparator
 .text.sleep_until_callback
                0x1000940c       0x30 CMakeFiles/tinyusb_dev_net_lwip_webserver.dir/D_/picobuild3/pico-sdk/src/common/pico_time/time.c.obj
 .text.alarm_pool_add_alarm_at.constprop.0
                0x1000943c      0x128 CMakeFiles/tinyusb_dev_net_lwip_webserver.dir/D_/picobuild3/pico-sdk/src/common/pico_time/time.c.obj
 .text.add_alarm_under_lock
                0x10009564      0x108 CMakeFiles/tinyusb_dev_net_lwip_webserver.dir/D_/picobuild3/pico-sdk/src/common/pico_time/time.c.obj
 .text.alarm_pool_alarm_callback
                0x1000966c      0x1c8 CMakeFiles/tinyusb_dev_net_lwip_webserver.dir/D_/picobuild3/pico-sdk/src/common/pico_time/time.c.obj
 .text.alarm_pool_init_default
                0x10009834       0x64 CMakeFiles/tinyusb_dev_net_lwip_webserver.dir/D_/picobuild3/pico-sdk/src/common/pico_time/time.c.obj
                0x10009834                alarm_pool_init_default
 .text.alarm_pool_get_default
                0x10009898        0x8 CMakeFiles/tinyusb_dev_net_lwip_webserver.dir/D_/picobuild3/pico-sdk/src/common/pico_time/time.c.obj
                0x10009898                alarm_pool_get_default
 .text.alarm_pool_add_alarm_at
                0x100098a0      0x1ac CMakeFiles/tinyusb_dev_net_lwip_webserver.dir/D_/picobuild3/pico-sdk/src/common/pico_time/time.c.obj
                0x100098a0                alarm_pool_add_alarm_at
 .text.best_effort_wfe_or_timeout
                0x10009a4c       0xd4 CMakeFiles/tinyusb_dev_net_lwip_webserver.dir/D_/picobuild3/pico-sdk/src/common/pico_time/time.c.obj
                0x10009a4c                best_effort_wfe_or_timeout
 .text.hardware_alarm_irq_handler
                0x10009b20       0xb8 CMakeFiles/tinyusb_dev_net_lwip_webserver.dir/D_/picobuild3/pico-sdk/src/rp2_common/hardware_timer/timer.c.obj
 .text.hardware_alarm_claim
                0x10009bd8       0x18 CMakeFiles/tinyusb_dev_net_lwip_webserver.dir/D_/picobuild3/pico-sdk/src/rp2_common/hardware_timer/timer.c.obj
                0x10009bd8                hardware_alarm_claim
 .text.time_us_64
                0x10009bf0       0x14 CMakeFiles/tinyusb_dev_net_lwip_webserver.dir/D_/picobuild3/pico-sdk/src/rp2_common/hardware_timer/timer.c.obj
                0x10009bf0                time_us_64
 .text.busy_wait_us
                0x10009c04       0x54 CMakeFiles/tinyusb_dev_net_lwip_webserver.dir/D_/picobuild3/pico-sdk/src/rp2_common/hardware_timer/timer.c.obj
                0x10009c04                busy_wait_us
 .text.hardware_alarm_set_callback
                0x10009c58       0x8c CMakeFiles/tinyusb_dev_net_lwip_webserver.dir/D_/picobuild3/pico-sdk/src/rp2_common/hardware_timer/timer.c.obj
                0x10009c58                hardware_alarm_set_callback
 .text.hardware_alarm_set_target
                0x10009ce4       0xe4 CMakeFiles/tinyusb_dev_net_lwip_webserver.dir/D_/picobuild3/pico-sdk/src/rp2_common/hardware_timer/timer.c.obj
                0x10009ce4                hardware_alarm_set_target
 .text.hardware_alarm_cancel
                0x10009dc8       0x40 CMakeFiles/tinyusb_dev_net_lwip_webserver.dir/D_/picobuild3/pico-sdk/src/rp2_common/hardware_timer/timer.c.obj
                0x10009dc8                hardware_alarm_cancel
 .text.lock_init
                0x10009e08       0x10 CMakeFiles/tinyusb_dev_net_lwip_webserver.dir/D_/picobuild3/pico-sdk/src/common/pico_sync/lock_core.c.obj
                0x10009e08                lock_init
 .text.mutex_init
                0x10009e18       0x1c CMakeFiles/tinyusb_dev_net_lwip_webserver.dir/D_/picobuild3/pico-sdk/src/common/pico_sync/mutex.c.obj
                0x10009e18                mutex_init
 .text.recursive_mutex_init
                0x10009e34       0x1c CMakeFiles/tinyusb_dev_net_lwip_webserver.dir/D_/picobuild3/pico-sdk/src/common/pico_sync/mutex.c.obj
                0x10009e34                recursive_mutex_init
 .text.critical_section_init
                0x10009e50       0x1c CMakeFiles/tinyusb_dev_net_lwip_webserver.dir/D_/picobuild3/pico-sdk/src/common/pico_sync/critical_section.c.obj
                0x10009e50                critical_section_init
 .text.ph_merge_nodes
                0x10009e6c       0x68 CMakeFiles/tinyusb_dev_net_lwip_webserver.dir/D_/picobuild3/pico-sdk/src/common/pico_util/pheap.c.obj
 .text.ph_post_alloc_init
                0x10009ed4       0x3c CMakeFiles/tinyusb_dev_net_lwip_webserver.dir/D_/picobuild3/pico-sdk/src/common/pico_util/pheap.c.obj
                0x10009ed4                ph_post_alloc_init
 .text.ph_merge_two_pass
                0x10009f10       0x90 CMakeFiles/tinyusb_dev_net_lwip_webserver.dir/D_/picobuild3/pico-sdk/src/common/pico_util/pheap.c.obj
                0x10009f10                ph_merge_two_pass
 .text.ph_remove_any_head
                0x10009fa0       0xf8 CMakeFiles/tinyusb_dev_net_lwip_webserver.dir/D_/picobuild3/pico-sdk/src/common/pico_util/pheap.c.obj
 .text.ph_remove_head
                0x1000a098      0x13c CMakeFiles/tinyusb_dev_net_lwip_webserver.dir/D_/picobuild3/pico-sdk/src/common/pico_util/pheap.c.obj
                0x1000a098                ph_remove_head
 .text.ph_remove_and_free_node
                0x1000a1d4       0x7c CMakeFiles/tinyusb_dev_net_lwip_webserver.dir/D_/picobuild3/pico-sdk/src/common/pico_util/pheap.c.obj
                0x1000a1d4                ph_remove_and_free_node
 .text.runtime_init
                0x1000a250       0xf0 CMakeFiles/tinyusb_dev_net_lwip_webserver.dir/D_/picobuild3/pico-sdk/src/rp2_common/pico_runtime/runtime.c.obj
                0x1000a250                runtime_init
 .text.exit     0x1000a340        0x4 CMakeFiles/tinyusb_dev_net_lwip_webserver.dir/D_/picobuild3/pico-sdk/src/rp2_common/pico_runtime/runtime.c.obj
                0x1000a340                exit
 .text.panic    0x1000a344       0x30 CMakeFiles/tinyusb_dev_net_lwip_webserver.dir/D_/picobuild3/pico-sdk/src/rp2_common/pico_runtime/runtime.c.obj
                0x1000a344                panic
 .text.hard_assertion_failure
                0x1000a374        0xc CMakeFiles/tinyusb_dev_net_lwip_webserver.dir/D_/picobuild3/pico-sdk/src/rp2_common/pico_runtime/runtime.c.obj
                0x1000a374                hard_assertion_failure
 .text.clocks_init
                0x1000a380      0x2bc CMakeFiles/tinyusb_dev_net_lwip_webserver.dir/D_/picobuild3/pico-sdk/src/rp2_common/hardware_clocks/clocks.c.obj
                0x1000a380                clocks_init
 .text.clock_get_hz
                0x1000a63c        0xc CMakeFiles/tinyusb_dev_net_lwip_webserver.dir/D_/picobuild3/pico-sdk/src/rp2_common/hardware_clocks/clocks.c.obj
                0x1000a63c                clock_get_hz
 .text.irq_set_enabled
                0x1000a648       0x24 CMakeFiles/tinyusb_dev_net_lwip_webserver.dir/D_/picobuild3/pico-sdk/src/rp2_common/hardware_irq/irq.c.obj
                0x1000a648                irq_set_enabled
 .text.irq_get_vtable_handler
                0x1000a66c       0x10 CMakeFiles/tinyusb_dev_net_lwip_webserver.dir/D_/picobuild3/pico-sdk/src/rp2_common/hardware_irq/irq.c.obj
                0x1000a66c                irq_get_vtable_handler
 .text.irq_set_exclusive_handler
                0x1000a67c       0x54 CMakeFiles/tinyusb_dev_net_lwip_webserver.dir/D_/picobuild3/pico-sdk/src/rp2_common/hardware_irq/irq.c.obj
                0x1000a67c                irq_set_exclusive_handler
 .text.irq_remove_handler
                0x1000a6d0      0x1b8 CMakeFiles/tinyusb_dev_net_lwip_webserver.dir/D_/picobuild3/pico-sdk/src/rp2_common/hardware_irq/irq.c.obj
                0x1000a6d0                irq_remove_handler
 .text.irq_add_tail_to_free_list
                0x1000a888       0xb8 CMakeFiles/tinyusb_dev_net_lwip_webserver.dir/D_/picobuild3/pico-sdk/src/rp2_common/hardware_irq/irq.c.obj
                0x1000a888                irq_add_tail_to_free_list
 .text.irq_init_priorities
                0x1000a940       0x24 CMakeFiles/tinyusb_dev_net_lwip_webserver.dir/D_/picobuild3/pico-sdk/src/rp2_common/hardware_irq/irq.c.obj
                0x1000a940                irq_init_priorities
 .text.pll_init
                0x1000a964       0xa4 CMakeFiles/tinyusb_dev_net_lwip_webserver.dir/D_/picobuild3/pico-sdk/src/rp2_common/hardware_pll/pll.c.obj
                0x1000a964                pll_init
 .text.watchdog_start_tick
                0x1000aa08       0x10 CMakeFiles/tinyusb_dev_net_lwip_webserver.dir/D_/picobuild3/pico-sdk/src/rp2_common/hardware_watchdog/watchdog.c.obj
                0x1000aa08                watchdog_start_tick
 .text.xosc_init
                0x1000aa18       0x28 CMakeFiles/tinyusb_dev_net_lwip_webserver.dir/D_/picobuild3/pico-sdk/src/rp2_common/hardware_xosc/xosc.c.obj
                0x1000aa18                xosc_init
 .text._out_char
                0x1000aa40       0x10 CMakeFiles/tinyusb_dev_net_lwip_webserver.dir/D_/picobuild3/pico-sdk/src/rp2_common/pico_printf/printf.c.obj
 .text.weak_raw_vprintf
                0x1000aa50       0x30 CMakeFiles/tinyusb_dev_net_lwip_webserver.dir/D_/picobuild3/pico-sdk/src/rp2_common/pico_printf/printf.c.obj
                0x1000aa50                weak_raw_vprintf
 .text          0x1000aa80       0x10 CMakeFiles/tinyusb_dev_net_lwip_webserver.dir/D_/picobuild3/pico-sdk/src/rp2_common/pico_bit_ops/bit_ops_aeabi.S.obj
 .text.rom_func_lookup
                0x1000aa90       0x10 CMakeFiles/tinyusb_dev_net_lwip_webserver.dir/D_/picobuild3/pico-sdk/src/rp2_common/pico_bootrom/bootrom.c.obj
                0x1000aa90                rom_func_lookup
 .text.rom_data_lookup
                0x1000aaa0       0x10 CMakeFiles/tinyusb_dev_net_lwip_webserver.dir/D_/picobuild3/pico-sdk/src/rp2_common/pico_bootrom/bootrom.c.obj
                0x1000aaa0                rom_data_lookup
 .text.rom_funcs_lookup
                0x1000aab0       0x3c CMakeFiles/tinyusb_dev_net_lwip_webserver.dir/D_/picobuild3/pico-sdk/src/rp2_common/pico_bootrom/bootrom.c.obj
                0x1000aab0                rom_funcs_lookup
 .text.__wrap___aeabi_uidiv
                0x1000aaec       0x4c CMakeFiles/tinyusb_dev_net_lwip_webserver.dir/D_/picobuild3/pico-sdk/src/rp2_common/pico_divider/divider.S.obj
                0x1000aaec                __wrap___aeabi_uidiv
                0x1000aaec                __wrap___aeabi_uidivmod
                0x1000aaec                div_u32u32
                0x1000aaec                divmod_u32u32
                0x1000aaf4                divmod_u32u32_unsafe
                0x1000ab1c                divmod_u32u32_savestate
 .text.__wrap___aeabi_ldiv
                0x1000ab38      0x434 CMakeFiles/tinyusb_dev_net_lwip_webserver.dir/D_/picobuild3/pico-sdk/src/rp2_common/pico_divider/divider.S.obj
                0x1000ab38                div_s64s64
                0x1000ab38                divmod_s64s64
                0x1000ab38                __wrap___aeabi_ldivmod
                0x1000ab70                divmod_u64u64
                0x1000ab70                div_u64u64
                0x1000ab70                __wrap___aeabi_uldivmod
                0x1000ab80                divmod_u64u64_savestate
                0x1000aba8                divmod_s64s64_unsafe
                0x1000ac30                divmod_u64u64_unsafe
 .text.__aeabi_double_init
                0x1000af6c       0xc0 CMakeFiles/tinyusb_dev_net_lwip_webserver.dir/D_/picobuild3/pico-sdk/src/rp2_common/pico_double/double_init_rom.c.obj
                0x1000af6c                __aeabi_double_init
 .text.double_table_shim_on_use_helper
                0x1000b02c       0x2c CMakeFiles/tinyusb_dev_net_lwip_webserver.dir/D_/picobuild3/pico-sdk/src/rp2_common/pico_double/double_v1_rom_shim.S.obj
                0x1000b02c                double_table_shim_on_use_helper
 .text.__aeabi_lmul
                0x1000b058       0x32 CMakeFiles/tinyusb_dev_net_lwip_webserver.dir/D_/picobuild3/pico-sdk/src/rp2_common/pico_int64_ops/pico_int64_ops_aeabi.S.obj
                0x1000b058                __wrap___aeabi_lmul
 *fill*         0x1000b08a        0x2 
 .text.__aeabi_float_init
                0x1000b08c       0x64 CMakeFiles/tinyusb_dev_net_lwip_webserver.dir/D_/picobuild3/pico-sdk/src/rp2_common/pico_float/float_init_rom.c.obj
                0x1000b08c                __aeabi_float_init
 .text.float_table_shim_on_use_helper
                0x1000b0f0       0x2c CMakeFiles/tinyusb_dev_net_lwip_webserver.dir/D_/picobuild3/pico-sdk/src/rp2_common/pico_float/float_v1_rom_shim.S.obj
                0x1000b0f0                float_table_shim_on_use_helper
 .text          0x1000b11c       0x10 CMakeFiles/tinyusb_dev_net_lwip_webserver.dir/D_/picobuild3/pico-sdk/src/rp2_common/pico_mem_ops/mem_ops_aeabi.S.obj
                0x1000b11c                __aeabi_mem_init
 .text.memset   0x1000b12c        0xc CMakeFiles/tinyusb_dev_net_lwip_webserver.dir/D_/picobuild3/pico-sdk/src/rp2_common/pico_mem_ops/mem_ops_aeabi.S.obj
                0x1000b12c                __wrap_memset
 .text.memcpy   0x1000b138        0xc CMakeFiles/tinyusb_dev_net_lwip_webserver.dir/D_/picobuild3/pico-sdk/src/rp2_common/pico_mem_ops/mem_ops_aeabi.S.obj
                0x1000b138                __wrap_memcpy
                0x1000b138                __wrap___aeabi_memcpy
 .text.stdio_out_chars_no_crlf
                0x1000b144       0x10 CMakeFiles/tinyusb_dev_net_lwip_webserver.dir/D_/picobuild3/pico-sdk/src/rp2_common/pico_stdio/stdio.c.obj
 .text.stdio_out_chars_crlf
                0x1000b154       0x94 CMakeFiles/tinyusb_dev_net_lwip_webserver.dir/D_/picobuild3/pico-sdk/src/rp2_common/pico_stdio/stdio.c.obj
 .text.stdio_put_string
                0x1000b1e8      0x100 CMakeFiles/tinyusb_dev_net_lwip_webserver.dir/D_/picobuild3/pico-sdk/src/rp2_common/pico_stdio/stdio.c.obj
 .text.__wrap_putchar
                0x1000b2e8       0xa4 CMakeFiles/tinyusb_dev_net_lwip_webserver.dir/D_/picobuild3/pico-sdk/src/rp2_common/pico_stdio/stdio.c.obj
                0x1000b2e8                __wrap_putchar
 .text.__wrap_puts
                0x1000b38c       0x3c CMakeFiles/tinyusb_dev_net_lwip_webserver.dir/D_/picobuild3/pico-sdk/src/rp2_common/pico_stdio/stdio.c.obj
                0x1000b38c                __wrap_puts
 .text.stdio_set_driver_enabled
                0x1000b3c8       0x3c CMakeFiles/tinyusb_dev_net_lwip_webserver.dir/D_/picobuild3/pico-sdk/src/rp2_common/pico_stdio/stdio.c.obj
                0x1000b3c8                stdio_set_driver_enabled
 .text.stdio_uart_out_chars
                0x1000b404       0x4c CMakeFiles/tinyusb_dev_net_lwip_webserver.dir/D_/picobuild3/pico-sdk/src/rp2_common/pico_stdio_uart/stdio_uart.c.obj
 .text.stdio_uart_in_chars
                0x1000b450       0x38 CMakeFiles/tinyusb_dev_net_lwip_webserver.dir/D_/picobuild3/pico-sdk/src/rp2_common/pico_stdio_uart/stdio_uart.c.obj
                0x1000b450                stdio_uart_in_chars
 .text.stdio_uart_init_full
                0x1000b488       0x38 CMakeFiles/tinyusb_dev_net_lwip_webserver.dir/D_/picobuild3/pico-sdk/src/rp2_common/pico_stdio_uart/stdio_uart.c.obj
                0x1000b488                stdio_uart_init_full
 .text.startup.boot_double_tap_check
                0x1000b4c0       0x60 CMakeFiles/tinyusb_dev_net_lwip_webserver.dir/D_/picobuild3/pico-sdk/src/rp2_common/pico_bootsel_via_double_reset/pico_bootsel_via_double_reset.c.obj
 .text.board_init
                0x1000b520       0x30 CMakeFiles/tinyusb_dev_net_lwip_webserver.dir/D_/picobuild3/pico-sdk/lib/tinyusb/hw/bsp/rp2040/family.c.obj
                0x1000b520                board_init
 .text.dcd_rp2040_irq
                0x1000b550      0x228 CMakeFiles/tinyusb_dev_net_lwip_webserver.dir/D_/picobuild3/pico-sdk/lib/tinyusb/src/portable/raspberrypi/rp2040/dcd_rp2040.c.obj
 .text.dcd_int_enable
                0x1000b778        0xc CMakeFiles/tinyusb_dev_net_lwip_webserver.dir/D_/picobuild3/pico-sdk/lib/tinyusb/src/portable/raspberrypi/rp2040/dcd_rp2040.c.obj
                0x1000b778                dcd_int_enable
 .text.dcd_set_address
                0x1000b784       0x14 CMakeFiles/tinyusb_dev_net_lwip_webserver.dir/D_/picobuild3/pico-sdk/lib/tinyusb/src/portable/raspberrypi/rp2040/dcd_rp2040.c.obj
                0x1000b784                dcd_set_address
 .text.dcd_connect
                0x1000b798       0x10 CMakeFiles/tinyusb_dev_net_lwip_webserver.dir/D_/picobuild3/pico-sdk/lib/tinyusb/src/portable/raspberrypi/rp2040/dcd_rp2040.c.obj
                0x1000b798                dcd_connect
 .text.dcd_init
                0x1000b7a8      0x148 CMakeFiles/tinyusb_dev_net_lwip_webserver.dir/D_/picobuild3/pico-sdk/lib/tinyusb/src/portable/raspberrypi/rp2040/dcd_rp2040.c.obj
                0x1000b7a8                dcd_init
 .text.dcd_edpt0_status_complete
                0x1000b8f0       0x1c CMakeFiles/tinyusb_dev_net_lwip_webserver.dir/D_/picobuild3/pico-sdk/lib/tinyusb/src/portable/raspberrypi/rp2040/dcd_rp2040.c.obj
                0x1000b8f0                dcd_edpt0_status_complete
 .text.dcd_edpt_open
                0x1000b90c       0xf0 CMakeFiles/tinyusb_dev_net_lwip_webserver.dir/D_/picobuild3/pico-sdk/lib/tinyusb/src/portable/raspberrypi/rp2040/dcd_rp2040.c.obj
                0x1000b90c                dcd_edpt_open
 .text.dcd_edpt_close_all
                0x1000b9fc       0xbc CMakeFiles/tinyusb_dev_net_lwip_webserver.dir/D_/picobuild3/pico-sdk/lib/tinyusb/src/portable/raspberrypi/rp2040/dcd_rp2040.c.obj
                0x1000b9fc                dcd_edpt_close_all
 .text.dcd_edpt_xfer
                0x1000bab8       0x24 CMakeFiles/tinyusb_dev_net_lwip_webserver.dir/D_/picobuild3/pico-sdk/lib/tinyusb/src/portable/raspberrypi/rp2040/dcd_rp2040.c.obj
                0x1000bab8                dcd_edpt_xfer
 .text.dcd_edpt_stall
                0x1000badc       0x38 CMakeFiles/tinyusb_dev_net_lwip_webserver.dir/D_/picobuild3/pico-sdk/lib/tinyusb/src/portable/raspberrypi/rp2040/dcd_rp2040.c.obj
                0x1000badc                dcd_edpt_stall
 .text.dcd_edpt_clear_stall
                0x1000bb14       0x30 CMakeFiles/tinyusb_dev_net_lwip_webserver.dir/D_/picobuild3/pico-sdk/lib/tinyusb/src/portable/raspberrypi/rp2040/dcd_rp2040.c.obj
                0x1000bb14                dcd_edpt_clear_stall
 .text._hw_endpoint_buffer_control_update32.part.0
                0x1000bb44       0x20 CMakeFiles/tinyusb_dev_net_lwip_webserver.dir/D_/picobuild3/pico-sdk/lib/tinyusb/src/portable/raspberrypi/rp2040/rp2040_usb.c.obj
 .text.rp2040_usb_init
                0x1000bb64       0x4c CMakeFiles/tinyusb_dev_net_lwip_webserver.dir/D_/picobuild3/pico-sdk/lib/tinyusb/src/portable/raspberrypi/rp2040/rp2040_usb.c.obj
                0x1000bb64                rp2040_usb_init
 .text.hw_endpoint_reset_transfer
                0x1000bbb0        0xc CMakeFiles/tinyusb_dev_net_lwip_webserver.dir/D_/picobuild3/pico-sdk/lib/tinyusb/src/portable/raspberrypi/rp2040/rp2040_usb.c.obj
                0x1000bbb0                hw_endpoint_reset_transfer
 .text._hw_endpoint_buffer_control_update32
                0x1000bbbc       0x40 CMakeFiles/tinyusb_dev_net_lwip_webserver.dir/D_/picobuild3/pico-sdk/lib/tinyusb/src/portable/raspberrypi/rp2040/rp2040_usb.c.obj
                0x1000bbbc                _hw_endpoint_buffer_control_update32
 .text.hw_endpoint_xfer_start
                0x1000bbfc      0x138 CMakeFiles/tinyusb_dev_net_lwip_webserver.dir/D_/picobuild3/pico-sdk/lib/tinyusb/src/portable/raspberrypi/rp2040/rp2040_usb.c.obj
                0x1000bbfc                hw_endpoint_xfer_start
 .text.hw_endpoint_xfer_continue
                0x1000bd34      0x1e4 CMakeFiles/tinyusb_dev_net_lwip_webserver.dir/D_/picobuild3/pico-sdk/lib/tinyusb/src/portable/raspberrypi/rp2040/rp2040_usb.c.obj
                0x1000bd34                hw_endpoint_xfer_continue
 .text.tud_mounted
                0x1000bf18       0x10 CMakeFiles/tinyusb_dev_net_lwip_webserver.dir/D_/picobuild3/pico-sdk/lib/tinyusb/src/device/usbd.c.obj
                0x1000bf18                tud_mounted
 .text.tud_suspended
                0x1000bf28       0x10 CMakeFiles/tinyusb_dev_net_lwip_webserver.dir/D_/picobuild3/pico-sdk/lib/tinyusb/src/device/usbd.c.obj
                0x1000bf28                tud_suspended
 .text.tud_inited
                0x1000bf38        0xc CMakeFiles/tinyusb_dev_net_lwip_webserver.dir/D_/picobuild3/pico-sdk/lib/tinyusb/src/device/usbd.c.obj
                0x1000bf38                tud_inited
 .text.tud_init
                0x1000bf44       0xd8 CMakeFiles/tinyusb_dev_net_lwip_webserver.dir/D_/picobuild3/pico-sdk/lib/tinyusb/src/device/usbd.c.obj
                0x1000bf44                tud_init
 .text.tud_task
                0x1000c01c      0x8b8 CMakeFiles/tinyusb_dev_net_lwip_webserver.dir/D_/picobuild3/pico-sdk/lib/tinyusb/src/device/usbd.c.obj
                0x1000c01c                tud_task
 .text.dcd_event_bus_signal
                0x1000c8d4      0x120 CMakeFiles/tinyusb_dev_net_lwip_webserver.dir/D_/picobuild3/pico-sdk/lib/tinyusb/src/device/usbd.c.obj
                0x1000c8d4                dcd_event_bus_signal
 .text.dcd_event_bus_reset
                0x1000c9f4       0x54 CMakeFiles/tinyusb_dev_net_lwip_webserver.dir/D_/picobuild3/pico-sdk/lib/tinyusb/src/device/usbd.c.obj
                0x1000c9f4                dcd_event_bus_reset
 .text.dcd_event_setup_received
                0x1000ca48       0x50 CMakeFiles/tinyusb_dev_net_lwip_webserver.dir/D_/picobuild3/pico-sdk/lib/tinyusb/src/device/usbd.c.obj
                0x1000ca48                dcd_event_setup_received
 .text.dcd_event_xfer_complete
                0x1000ca98       0x68 CMakeFiles/tinyusb_dev_net_lwip_webserver.dir/D_/picobuild3/pico-sdk/lib/tinyusb/src/device/usbd.c.obj
                0x1000ca98                dcd_event_xfer_complete
 .text.usbd_open_edpt_pair
                0x1000cb00       0x80 CMakeFiles/tinyusb_dev_net_lwip_webserver.dir/D_/picobuild3/pico-sdk/lib/tinyusb/src/device/usbd.c.obj
                0x1000cb00                usbd_open_edpt_pair
 .text.usbd_edpt_open
                0x1000cb80       0x30 CMakeFiles/tinyusb_dev_net_lwip_webserver.dir/D_/picobuild3/pico-sdk/lib/tinyusb/src/device/usbd.c.obj
                0x1000cb80                usbd_edpt_open
 .text.usbd_edpt_xfer
                0x1000cbb0       0x48 CMakeFiles/tinyusb_dev_net_lwip_webserver.dir/D_/picobuild3/pico-sdk/lib/tinyusb/src/device/usbd.c.obj
                0x1000cbb0                usbd_edpt_xfer
 .text.usbd_edpt_busy
                0x1000cbf8       0x1c CMakeFiles/tinyusb_dev_net_lwip_webserver.dir/D_/picobuild3/pico-sdk/lib/tinyusb/src/device/usbd.c.obj
                0x1000cbf8                usbd_edpt_busy
 .text.tud_control_status
                0x1000cc14       0x30 CMakeFiles/tinyusb_dev_net_lwip_webserver.dir/D_/picobuild3/pico-sdk/lib/tinyusb/src/device/usbd_control.c.obj
                0x1000cc14                tud_control_status
 .text.tud_control_xfer
                0x1000cc44       0xb8 CMakeFiles/tinyusb_dev_net_lwip_webserver.dir/D_/picobuild3/pico-sdk/lib/tinyusb/src/device/usbd_control.c.obj
                0x1000cc44                tud_control_xfer
 .text.usbd_control_reset
                0x1000ccfc       0x14 CMakeFiles/tinyusb_dev_net_lwip_webserver.dir/D_/picobuild3/pico-sdk/lib/tinyusb/src/device/usbd_control.c.obj
                0x1000ccfc                usbd_control_reset
 .text.usbd_control_set_complete_callback
                0x1000cd10        0xc CMakeFiles/tinyusb_dev_net_lwip_webserver.dir/D_/picobuild3/pico-sdk/lib/tinyusb/src/device/usbd_control.c.obj
                0x1000cd10                usbd_control_set_complete_callback
 .text.usbd_control_set_request
                0x1000cd1c       0x1c CMakeFiles/tinyusb_dev_net_lwip_webserver.dir/D_/picobuild3/pico-sdk/lib/tinyusb/src/device/usbd_control.c.obj
                0x1000cd1c                usbd_control_set_request
 .text.usbd_control_xfer_cb
                0x1000cd38       0xf8 CMakeFiles/tinyusb_dev_net_lwip_webserver.dir/D_/picobuild3/pico-sdk/lib/tinyusb/src/device/usbd_control.c.obj
                0x1000cd38                usbd_control_xfer_cb
 .text.tud_network_recv_renew
                0x1000ce30       0x20 CMakeFiles/tinyusb_dev_net_lwip_webserver.dir/D_/picobuild3/pico-sdk/lib/tinyusb/src/class/net/ecm_rndis_device.c.obj
                0x1000ce30                tud_network_recv_renew
 .text.netd_report
                0x1000ce50       0x24 CMakeFiles/tinyusb_dev_net_lwip_webserver.dir/D_/picobuild3/pico-sdk/lib/tinyusb/src/class/net/ecm_rndis_device.c.obj
                0x1000ce50                netd_report
 .text.netd_init
                0x1000ce74       0x14 CMakeFiles/tinyusb_dev_net_lwip_webserver.dir/D_/picobuild3/pico-sdk/lib/tinyusb/src/class/net/ecm_rndis_device.c.obj
                0x1000ce74                netd_init
 .text.netd_reset
                0x1000ce88       0x14 CMakeFiles/tinyusb_dev_net_lwip_webserver.dir/D_/picobuild3/pico-sdk/lib/tinyusb/src/class/net/ecm_rndis_device.c.obj
                0x1000ce88                netd_reset
 .text.netd_open
                0x1000ce9c      0x11c CMakeFiles/tinyusb_dev_net_lwip_webserver.dir/D_/picobuild3/pico-sdk/lib/tinyusb/src/class/net/ecm_rndis_device.c.obj
                0x1000ce9c                netd_open
 .text.netd_control_xfer_cb
                0x1000cfb8      0x190 CMakeFiles/tinyusb_dev_net_lwip_webserver.dir/D_/picobuild3/pico-sdk/lib/tinyusb/src/class/net/ecm_rndis_device.c.obj
                0x1000cfb8                netd_control_xfer_cb
 .text.netd_xfer_cb
                0x1000d148       0xf0 CMakeFiles/tinyusb_dev_net_lwip_webserver.dir/D_/picobuild3/pico-sdk/lib/tinyusb/src/class/net/ecm_rndis_device.c.obj
                0x1000d148                netd_xfer_cb
 .text.tud_network_can_xmit
                0x1000d238        0xc CMakeFiles/tinyusb_dev_net_lwip_webserver.dir/D_/picobuild3/pico-sdk/lib/tinyusb/src/class/net/ecm_rndis_device.c.obj
                0x1000d238                tud_network_can_xmit
 .text.tud_network_xmit
                0x1000d244       0x98 CMakeFiles/tinyusb_dev_net_lwip_webserver.dir/D_/picobuild3/pico-sdk/lib/tinyusb/src/class/net/ecm_rndis_device.c.obj
                0x1000d244                tud_network_xmit
 .text.tusb_init
                0x1000d2dc        0xc CMakeFiles/tinyusb_dev_net_lwip_webserver.dir/D_/picobuild3/pico-sdk/lib/tinyusb/src/tusb.c.obj
                0x1000d2dc                tusb_init
 .text.tusb_inited
                0x1000d2e8        0x8 CMakeFiles/tinyusb_dev_net_lwip_webserver.dir/D_/picobuild3/pico-sdk/lib/tinyusb/src/tusb.c.obj
                0x1000d2e8                tusb_inited
 .text.tu_edpt_validate
                0x1000d2f0       0x78 CMakeFiles/tinyusb_dev_net_lwip_webserver.dir/D_/picobuild3/pico-sdk/lib/tinyusb/src/tusb.c.obj
                0x1000d2f0                tu_edpt_validate
 .text.tu_edpt_bind_driver
                0x1000d368       0x2c CMakeFiles/tinyusb_dev_net_lwip_webserver.dir/D_/picobuild3/pico-sdk/lib/tinyusb/src/tusb.c.obj
                0x1000d368                tu_edpt_bind_driver
 .text.tu_fifo_read
                0x1000d394       0x9c CMakeFiles/tinyusb_dev_net_lwip_webserver.dir/D_/picobuild3/pico-sdk/lib/tinyusb/src/common/tusb_fifo.c.obj
                0x1000d394                tu_fifo_read
 .text.tu_fifo_write
                0x1000d430       0x7c CMakeFiles/tinyusb_dev_net_lwip_webserver.dir/D_/picobuild3/pico-sdk/lib/tinyusb/src/common/tusb_fifo.c.obj
                0x1000d430                tu_fifo_write
 .text.tu_fifo_clear
                0x1000d4ac       0x4c CMakeFiles/tinyusb_dev_net_lwip_webserver.dir/D_/picobuild3/pico-sdk/lib/tinyusb/src/common/tusb_fifo.c.obj
                0x1000d4ac                tu_fifo_clear
 .text.hw_enumeration_fix_force_ls_j_done
                0x1000d4f8       0x48 CMakeFiles/tinyusb_dev_net_lwip_webserver.dir/D_/picobuild3/pico-sdk/src/rp2_common/pico_fix/rp2040_usb_device_enumeration/rp2040_usb_device_enumeration.c.obj
                0x1000d4f8                hw_enumeration_fix_force_ls_j_done
 .text.hw_enumeration_fix_force_ls_j
                0x1000d540      0x118 CMakeFiles/tinyusb_dev_net_lwip_webserver.dir/D_/picobuild3/pico-sdk/src/rp2_common/pico_fix/rp2040_usb_device_enumeration/rp2040_usb_device_enumeration.c.obj
 .text.hw_enumeration_fix_wait_se0_callback
                0x1000d658       0x24 CMakeFiles/tinyusb_dev_net_lwip_webserver.dir/D_/picobuild3/pico-sdk/src/rp2_common/pico_fix/rp2040_usb_device_enumeration/rp2040_usb_device_enumeration.c.obj
                0x1000d658                hw_enumeration_fix_wait_se0_callback
 .text.rp2040_usb_device_enumeration_fix
                0x1000d67c       0x6c CMakeFiles/tinyusb_dev_net_lwip_webserver.dir/D_/picobuild3/pico-sdk/src/rp2_common/pico_fix/rp2040_usb_device_enumeration/rp2040_usb_device_enumeration.c.obj
                0x1000d67c                rp2040_usb_device_enumeration_fix
 .text.strchr   0x1000d6e8       0xc0 d:/picobuild3/pico-toolchain/gcc-arm-none-eabi-9-2019-q4-major-win32/bin/../lib/gcc/arm-none-eabi/9.2.1/../../../../arm-none-eabi/lib/thumb/v6-m/nofp\libc.a(lib_a-strchr.o)
                0x1000d6e8                strchr
 .text          0x1000d7a8       0x88 d:/picobuild3/pico-toolchain/gcc-arm-none-eabi-9-2019-q4-major-win32/bin/../lib/gcc/arm-none-eabi/9.2.1/../../../../arm-none-eabi/lib/thumb/v6-m/nofp\libc.a(lib_a-strcmp.o)
                0x1000d7a8                strcmp
 .text.strlen   0x1000d830       0x5c d:/picobuild3/pico-toolchain/gcc-arm-none-eabi-9-2019-q4-major-win32/bin/../lib/gcc/arm-none-eabi/9.2.1/../../../../arm-none-eabi/lib/thumb/v6-m/nofp\libc.a(lib_a-strlen-stub.o)
                0x1000d830                strlen
 .text.strncmp  0x1000d88c       0x68 d:/picobuild3/pico-toolchain/gcc-arm-none-eabi-9-2019-q4-major-win32/bin/../lib/gcc/arm-none-eabi/9.2.1/../../../../arm-none-eabi/lib/thumb/v6-m/nofp\libc.a(lib_a-strncmp.o)
                0x1000d88c                strncmp
 *(.fini)
 .fini          0x1000d8f4        0x4 d:/picobuild3/pico-toolchain/gcc-arm-none-eabi-9-2019-q4-major-win32/bin/../lib/gcc/arm-none-eabi/9.2.1/thumb/v6-m/nofp/crti.o
                0x1000d8f4                _fini
 .fini.__stub   0x1000d8f8       0x70 linker stubs
 *crtbegin.o(.ctors)
 *crtbegin?.o(.ctors)
 *(EXCLUDE_FILE(*crtend.o *crtend?.o) .ctors)
 *(SORT_BY_NAME(.ctors.*))
 *(.ctors)
 *crtbegin.o(.dtors)
 *crtbegin?.o(.dtors)
 *(EXCLUDE_FILE(*crtend.o *crtend?.o) .dtors)
 *(SORT_BY_NAME(.dtors.*))
 *(.dtors)
 *(.eh_frame*)
 .eh_frame      0x1000d968        0x0 d:/picobuild3/pico-toolchain/gcc-arm-none-eabi-9-2019-q4-major-win32/bin/../lib/gcc/arm-none-eabi/9.2.1/thumb/v6-m/nofp/crtbegin.o
                0x1000d968                . = ALIGN (0x4)

.glue_7         0x1000d968        0x0
 .glue_7        0x1000d968        0x0 linker stubs

.glue_7t        0x1000d968        0x0
 .glue_7t       0x1000d968        0x0 linker stubs

.vfp11_veneer   0x1000d968        0x0
 .vfp11_veneer  0x1000d968        0x0 linker stubs

.v4_bx          0x1000d968        0x0
 .v4_bx         0x1000d968        0x0 linker stubs

.iplt           0x1000d968        0x0
 .iplt          0x1000d968        0x0 d:/picobuild3/pico-toolchain/gcc-arm-none-eabi-9-2019-q4-major-win32/bin/../lib/gcc/arm-none-eabi/9.2.1/thumb/v6-m/nofp/crtbegin.o

.rodata         0x1000d968     0x1458
 *(EXCLUDE_FILE(*libm.a: *libc.a:*lib_a-mem*.o *libgcc.a:) .rodata*)
 .rodata.dns_query_proc.str1.4
                0x1000d968        0x9 CMakeFiles/tinyusb_dev_net_lwip_webserver.dir/src/main.c.obj
 *fill*         0x1000d971        0x3 
 .rodata.main.str1.4
                0x1000d974        0x6 CMakeFiles/tinyusb_dev_net_lwip_webserver.dir/src/main.c.obj
 *fill*         0x1000d97a        0x2 
 .rodata.str1.4
                0x1000d97c        0x4 CMakeFiles/tinyusb_dev_net_lwip_webserver.dir/src/main.c.obj
 .rodata.dhcp_config
                0x1000d980       0x18 CMakeFiles/tinyusb_dev_net_lwip_webserver.dir/src/main.c.obj
 .rodata.gateway
                0x1000d998        0x4 CMakeFiles/tinyusb_dev_net_lwip_webserver.dir/src/main.c.obj
 .rodata.ipaddr
                0x1000d99c        0x4 CMakeFiles/tinyusb_dev_net_lwip_webserver.dir/src/main.c.obj
 .rodata.netmask
                0x1000d9a0        0x4 CMakeFiles/tinyusb_dev_net_lwip_webserver.dir/src/main.c.obj
 .rodata.tud_network_mac_address
                0x1000d9a4        0x6 CMakeFiles/tinyusb_dev_net_lwip_webserver.dir/src/main.c.obj
                0x1000d9a4                tud_network_mac_address
 *fill*         0x1000d9aa        0x2 
 .rodata.tud_descriptor_string_cb.str1.4
                0x1000d9ac       0x11 CMakeFiles/tinyusb_dev_net_lwip_webserver.dir/src/usb_descriptors.c.obj
 *fill*         0x1000d9bd        0x3 
 .rodata.str1.4
                0x1000d9c0       0x3a CMakeFiles/tinyusb_dev_net_lwip_webserver.dir/src/usb_descriptors.c.obj
 *fill*         0x1000d9fa        0x2 
 .rodata.__compound_literal.0
                0x1000d9fc        0x2 CMakeFiles/tinyusb_dev_net_lwip_webserver.dir/src/usb_descriptors.c.obj
 *fill*         0x1000d9fe        0x2 
 .rodata.configuration_arr
                0x1000da00        0x8 CMakeFiles/tinyusb_dev_net_lwip_webserver.dir/src/usb_descriptors.c.obj
 .rodata.desc_device
                0x1000da08       0x12 CMakeFiles/tinyusb_dev_net_lwip_webserver.dir/src/usb_descriptors.c.obj
                0x1000da08                desc_device
 *fill*         0x1000da1a        0x2 
 .rodata.ecm_configuration
                0x1000da1c       0x58 CMakeFiles/tinyusb_dev_net_lwip_webserver.dir/src/usb_descriptors.c.obj
 .rodata.rndis_configuration
                0x1000da74       0x4b CMakeFiles/tinyusb_dev_net_lwip_webserver.dir/src/usb_descriptors.c.obj
 *fill*         0x1000dabf        0x1 
 .rodata.string_desc_arr
                0x1000dac0       0x14 CMakeFiles/tinyusb_dev_net_lwip_webserver.dir/src/usb_descriptors.c.obj
 .rodata.memp_FRAG_PBUF
                0x1000dad4       0x10 CMakeFiles/tinyusb_dev_net_lwip_webserver.dir/D_/picobuild3/pico-sdk/lib/tinyusb/lib/lwip/src/core/memp.c.obj
                0x1000dad4                memp_FRAG_PBUF
 .rodata.memp_PBUF
                0x1000dae4       0x10 CMakeFiles/tinyusb_dev_net_lwip_webserver.dir/D_/picobuild3/pico-sdk/lib/tinyusb/lib/lwip/src/core/memp.c.obj
                0x1000dae4                memp_PBUF
 .rodata.memp_PBUF_POOL
                0x1000daf4       0x10 CMakeFiles/tinyusb_dev_net_lwip_webserver.dir/D_/picobuild3/pico-sdk/lib/tinyusb/lib/lwip/src/core/memp.c.obj
                0x1000daf4                memp_PBUF_POOL
 .rodata.memp_REASSDATA
                0x1000db04       0x10 CMakeFiles/tinyusb_dev_net_lwip_webserver.dir/D_/picobuild3/pico-sdk/lib/tinyusb/lib/lwip/src/core/memp.c.obj
                0x1000db04                memp_REASSDATA
 .rodata.memp_SYS_TIMEOUT
                0x1000db14       0x10 CMakeFiles/tinyusb_dev_net_lwip_webserver.dir/D_/picobuild3/pico-sdk/lib/tinyusb/lib/lwip/src/core/memp.c.obj
                0x1000db14                memp_SYS_TIMEOUT
 .rodata.memp_TCP_PCB
                0x1000db24       0x10 CMakeFiles/tinyusb_dev_net_lwip_webserver.dir/D_/picobuild3/pico-sdk/lib/tinyusb/lib/lwip/src/core/memp.c.obj
                0x1000db24                memp_TCP_PCB
 .rodata.memp_TCP_PCB_LISTEN
                0x1000db34       0x10 CMakeFiles/tinyusb_dev_net_lwip_webserver.dir/D_/picobuild3/pico-sdk/lib/tinyusb/lib/lwip/src/core/memp.c.obj
                0x1000db34                memp_TCP_PCB_LISTEN
 .rodata.memp_TCP_SEG
                0x1000db44       0x10 CMakeFiles/tinyusb_dev_net_lwip_webserver.dir/D_/picobuild3/pico-sdk/lib/tinyusb/lib/lwip/src/core/memp.c.obj
                0x1000db44                memp_TCP_SEG
 .rodata.memp_UDP_PCB
                0x1000db54       0x10 CMakeFiles/tinyusb_dev_net_lwip_webserver.dir/D_/picobuild3/pico-sdk/lib/tinyusb/lib/lwip/src/core/memp.c.obj
                0x1000db54                memp_UDP_PCB
 .rodata.memp_pools
                0x1000db64       0x24 CMakeFiles/tinyusb_dev_net_lwip_webserver.dir/D_/picobuild3/pico-sdk/lib/tinyusb/lib/lwip/src/core/memp.c.obj
                0x1000db64                memp_pools
 .rodata.tcp_backoff
                0x1000db88        0xd CMakeFiles/tinyusb_dev_net_lwip_webserver.dir/D_/picobuild3/pico-sdk/lib/tinyusb/lib/lwip/src/core/tcp.c.obj
 *fill*         0x1000db95        0x3 
 .rodata.tcp_pcb_lists
                0x1000db98       0x10 CMakeFiles/tinyusb_dev_net_lwip_webserver.dir/D_/picobuild3/pico-sdk/lib/tinyusb/lib/lwip/src/core/tcp.c.obj
                0x1000db98                tcp_pcb_lists
 .rodata.tcp_persist_backoff
                0x1000dba8        0x7 CMakeFiles/tinyusb_dev_net_lwip_webserver.dir/D_/picobuild3/pico-sdk/lib/tinyusb/lib/lwip/src/core/tcp.c.obj
 *fill*         0x1000dbaf        0x1 
 .rodata.tcp_input
                0x1000dbb0       0x28 CMakeFiles/tinyusb_dev_net_lwip_webserver.dir/D_/picobuild3/pico-sdk/lib/tinyusb/lib/lwip/src/core/tcp_in.c.obj
 .rodata.lwip_cyclic_timers
                0x1000dbd8       0x18 CMakeFiles/tinyusb_dev_net_lwip_webserver.dir/D_/picobuild3/pico-sdk/lib/tinyusb/lib/lwip/src/core/timeouts.c.obj
                0x1000dbd8                lwip_cyclic_timers
 .rodata.ip_addr_any
                0x1000dbf0        0x4 CMakeFiles/tinyusb_dev_net_lwip_webserver.dir/D_/picobuild3/pico-sdk/lib/tinyusb/lib/lwip/src/core/ipv4/ip4_addr.c.obj
                0x1000dbf0                ip_addr_any
 .rodata.ip_addr_broadcast
                0x1000dbf4        0x4 CMakeFiles/tinyusb_dev_net_lwip_webserver.dir/D_/picobuild3/pico-sdk/lib/tinyusb/lib/lwip/src/core/ipv4/ip4_addr.c.obj
                0x1000dbf4                ip_addr_broadcast
 .rodata.ethbroadcast
                0x1000dbf8        0x6 CMakeFiles/tinyusb_dev_net_lwip_webserver.dir/D_/picobuild3/pico-sdk/lib/tinyusb/lib/lwip/src/netif/ethernet.c.obj
                0x1000dbf8                ethbroadcast
 *fill*         0x1000dbfe        0x2 
 .rodata.ethzero
                0x1000dc00        0x6 CMakeFiles/tinyusb_dev_net_lwip_webserver.dir/D_/picobuild3/pico-sdk/lib/tinyusb/lib/lwip/src/netif/ethernet.c.obj
                0x1000dc00                ethzero
 *fill*         0x1000dc06        0x2 
 .rodata.http_recv.str1.4
                0x1000dc08       0x3b CMakeFiles/tinyusb_dev_net_lwip_webserver.dir/D_/picobuild3/pico-sdk/lib/tinyusb/lib/lwip/src/apps/http/httpd.c.obj
 *fill*         0x1000dc43        0x1 
 .rodata.str1.4
                0x1000dc44       0x3f CMakeFiles/tinyusb_dev_net_lwip_webserver.dir/D_/picobuild3/pico-sdk/lib/tinyusb/lib/lwip/src/apps/http/httpd.c.obj
 *fill*         0x1000dc83        0x1 
 .rodata.httpd_default_filenames
                0x1000dc84       0x28 CMakeFiles/tinyusb_dev_net_lwip_webserver.dir/D_/picobuild3/pico-sdk/lib/tinyusb/lib/lwip/src/apps/http/httpd.c.obj
 .rodata.data__404_html
                0x1000dcac      0x2ce CMakeFiles/tinyusb_dev_net_lwip_webserver.dir/D_/picobuild3/pico-sdk/lib/tinyusb/lib/lwip/src/apps/http/fs.c.obj
 *fill*         0x1000df7a        0x2 
 .rodata.data__img_sics_gif
                0x1000df7c      0x365 CMakeFiles/tinyusb_dev_net_lwip_webserver.dir/D_/picobuild3/pico-sdk/lib/tinyusb/lib/lwip/src/apps/http/fs.c.obj
 *fill*         0x1000e2e1        0x3 
 .rodata.data__index_html
                0x1000e2e4      0x765 CMakeFiles/tinyusb_dev_net_lwip_webserver.dir/D_/picobuild3/pico-sdk/lib/tinyusb/lib/lwip/src/apps/http/fs.c.obj
 *fill*         0x1000ea49        0x3 
 .rodata.file__404_html
                0x1000ea4c       0x14 CMakeFiles/tinyusb_dev_net_lwip_webserver.dir/D_/picobuild3/pico-sdk/lib/tinyusb/lib/lwip/src/apps/http/fs.c.obj
                0x1000ea4c                file__404_html
 .rodata.file__img_sics_gif
                0x1000ea60       0x14 CMakeFiles/tinyusb_dev_net_lwip_webserver.dir/D_/picobuild3/pico-sdk/lib/tinyusb/lib/lwip/src/apps/http/fs.c.obj
                0x1000ea60                file__img_sics_gif
 .rodata.file__index_html
                0x1000ea74       0x14 CMakeFiles/tinyusb_dev_net_lwip_webserver.dir/D_/picobuild3/pico-sdk/lib/tinyusb/lib/lwip/src/apps/http/fs.c.obj
                0x1000ea74                file__index_html
 .rodata        0x1000ea88        0x6 CMakeFiles/tinyusb_dev_net_lwip_webserver.dir/D_/picobuild3/pico-sdk/lib/tinyusb/lib/networking/dhserver.c.obj
 .rodata.rndis_class_set_handler.str1.4
                0x1000ea8e        0x8 CMakeFiles/tinyusb_dev_net_lwip_webserver.dir/D_/picobuild3/pico-sdk/lib/tinyusb/lib/networking/rndis_reports.c.obj
 *fill*         0x1000ea8e        0x2 
 .rodata.rndis_class_set_handler
                0x1000ea90       0x90 CMakeFiles/tinyusb_dev_net_lwip_webserver.dir/D_/picobuild3/pico-sdk/lib/tinyusb/lib/networking/rndis_reports.c.obj
 .rodata.OIDSupportedList
                0x1000eb20       0x58 CMakeFiles/tinyusb_dev_net_lwip_webserver.dir/D_/picobuild3/pico-sdk/lib/tinyusb/lib/networking/rndis_reports.c.obj
 .rodata.spin_lock_claim_unused.str1.4
                0x1000eb78       0x1b CMakeFiles/tinyusb_dev_net_lwip_webserver.dir/D_/picobuild3/pico-sdk/src/rp2_common/hardware_sync/sync.c.obj
 *fill*         0x1000eb93        0x1 
 .rodata.hardware_alarm_claim.str1.4
                0x1000eb94       0x22 CMakeFiles/tinyusb_dev_net_lwip_webserver.dir/D_/picobuild3/pico-sdk/src/rp2_common/hardware_timer/timer.c.obj
 *fill*         0x1000ebb6        0x2 
 .rodata.panic.str1.4
                0x1000ebb8       0x12 CMakeFiles/tinyusb_dev_net_lwip_webserver.dir/D_/picobuild3/pico-sdk/src/rp2_common/pico_runtime/runtime.c.obj
 *fill*         0x1000ebca        0x2 
 .rodata.hard_assertion_failure.str1.4
                0x1000ebcc        0xc CMakeFiles/tinyusb_dev_net_lwip_webserver.dir/D_/picobuild3/pico-sdk/src/rp2_common/pico_runtime/runtime.c.obj
 .rodata.str1.4
                0x1000ebd8       0x54 CMakeFiles/tinyusb_dev_net_lwip_webserver.dir/D_/picobuild3/pico-sdk/src/rp2_common/pico_standard_link/binary_info.c.obj
 .rodata.__bi_44
                0x1000ec2c        0xc CMakeFiles/tinyusb_dev_net_lwip_webserver.dir/D_/picobuild3/pico-sdk/src/rp2_common/pico_standard_link/binary_info.c.obj
 .rodata.__bi_75
                0x1000ec38        0xc CMakeFiles/tinyusb_dev_net_lwip_webserver.dir/D_/picobuild3/pico-sdk/src/rp2_common/pico_standard_link/binary_info.c.obj
 .rodata.__bi_81
                0x1000ec44        0xc CMakeFiles/tinyusb_dev_net_lwip_webserver.dir/D_/picobuild3/pico-sdk/src/rp2_common/pico_standard_link/binary_info.c.obj
 .rodata.crlf_str.6060
                0x1000ec50        0x2 CMakeFiles/tinyusb_dev_net_lwip_webserver.dir/D_/picobuild3/pico-sdk/src/rp2_common/pico_stdio/stdio.c.obj
 *fill*         0x1000ec52        0x2 
 .rodata.str1.4
                0x1000ec54       0x18 CMakeFiles/tinyusb_dev_net_lwip_webserver.dir/D_/picobuild3/pico-sdk/src/rp2_common/pico_bootsel_via_double_reset/pico_bootsel_via_double_reset.c.obj
 .rodata.__bi_35
                0x1000ec6c        0xc CMakeFiles/tinyusb_dev_net_lwip_webserver.dir/D_/picobuild3/pico-sdk/src/rp2_common/pico_bootsel_via_double_reset/pico_bootsel_via_double_reset.c.obj
 .rodata.str1.4
                0x1000ec78        0x4 CMakeFiles/tinyusb_dev_net_lwip_webserver.dir/D_/picobuild3/pico-sdk/lib/tinyusb/hw/bsp/rp2040/family.c.obj
 .rodata.__bi_121.7447
                0x1000ec7c        0xc CMakeFiles/tinyusb_dev_net_lwip_webserver.dir/D_/picobuild3/pico-sdk/lib/tinyusb/hw/bsp/rp2040/family.c.obj
 .rodata.__bi_131.7450
                0x1000ec88        0x8 CMakeFiles/tinyusb_dev_net_lwip_webserver.dir/D_/picobuild3/pico-sdk/lib/tinyusb/hw/bsp/rp2040/family.c.obj
 .rodata.dcd_rp2040_irq.str1.4
                0x1000ec90       0x14 CMakeFiles/tinyusb_dev_net_lwip_webserver.dir/D_/picobuild3/pico-sdk/lib/tinyusb/src/portable/raspberrypi/rp2040/dcd_rp2040.c.obj
 .rodata._hw_endpoint_buffer_control_update32.part.0.str1.4
                0x1000eca4       0x1f CMakeFiles/tinyusb_dev_net_lwip_webserver.dir/D_/picobuild3/pico-sdk/lib/tinyusb/src/portable/raspberrypi/rp2040/rp2040_usb.c.obj
 *fill*         0x1000ecc3        0x1 
 .rodata.hw_endpoint_xfer_continue.str1.4
                0x1000ecc4       0x29 CMakeFiles/tinyusb_dev_net_lwip_webserver.dir/D_/picobuild3/pico-sdk/lib/tinyusb/src/portable/raspberrypi/rp2040/rp2040_usb.c.obj
 *fill*         0x1000eced        0x3 
 .rodata.str1.4
                0x1000ecf0        0x7 CMakeFiles/tinyusb_dev_net_lwip_webserver.dir/D_/picobuild3/pico-sdk/lib/tinyusb/src/portable/raspberrypi/rp2040/rp2040_usb.c.obj
 *fill*         0x1000ecf7        0x1 
 .rodata.tud_task
                0x1000ecf8       0x8c CMakeFiles/tinyusb_dev_net_lwip_webserver.dir/D_/picobuild3/pico-sdk/lib/tinyusb/src/device/usbd.c.obj
 .rodata._usbd_driver
                0x1000ed84       0x18 CMakeFiles/tinyusb_dev_net_lwip_webserver.dir/D_/picobuild3/pico-sdk/lib/tinyusb/src/device/usbd.c.obj
 .rodata.hw_enumeration_fix_force_ls_j.str1.4
                0x1000ed9c       0x22 CMakeFiles/tinyusb_dev_net_lwip_webserver.dir/D_/picobuild3/pico-sdk/src/rp2_common/pico_fix/rp2040_usb_device_enumeration/rp2040_usb_device_enumeration.c.obj
                0x1000edc0                . = ALIGN (0x4)
 *fill*         0x1000edbe        0x2 
 *(SORT_BY_ALIGNMENT(SORT_BY_NAME(.flashdata*)))
                0x1000edc0                . = ALIGN (0x4)

.rel.dyn        0x1000edc0        0x0
 .rel.iplt      0x1000edc0        0x0 d:/picobuild3/pico-toolchain/gcc-arm-none-eabi-9-2019-q4-major-win32/bin/../lib/gcc/arm-none-eabi/9.2.1/thumb/v6-m/nofp/crtbegin.o

.ARM.extab
 *(.ARM.extab* .gnu.linkonce.armextab.*)
                0x1000edc0                __exidx_start = .

.ARM.exidx
 *(.ARM.exidx* .gnu.linkonce.armexidx.*)
                0x1000edc0                __exidx_end = .
                0x1000edc0                . = ALIGN (0x4)
                0x1000edc0                __binary_info_start = .

.binary_info    0x1000edc0       0x28
 *(.binary_info.keep.*)
 .binary_info.keep.__bi_ptr22
                0x1000edc0        0x4 CMakeFiles/tinyusb_dev_net_lwip_webserver.dir/D_/picobuild3/pico-sdk/src/rp2_common/pico_standard_link/binary_info.c.obj
 .binary_info.keep.__bi_ptr30
                0x1000edc4        0x4 CMakeFiles/tinyusb_dev_net_lwip_webserver.dir/D_/picobuild3/pico-sdk/src/rp2_common/pico_standard_link/binary_info.c.obj
 .binary_info.keep.__bi_ptr38
                0x1000edc8        0x4 CMakeFiles/tinyusb_dev_net_lwip_webserver.dir/D_/picobuild3/pico-sdk/src/rp2_common/pico_standard_link/binary_info.c.obj
 .binary_info.keep.__bi_ptr44
                0x1000edcc        0x4 CMakeFiles/tinyusb_dev_net_lwip_webserver.dir/D_/picobuild3/pico-sdk/src/rp2_common/pico_standard_link/binary_info.c.obj
 .binary_info.keep.__bi_ptr50
                0x1000edd0        0x4 CMakeFiles/tinyusb_dev_net_lwip_webserver.dir/D_/picobuild3/pico-sdk/src/rp2_common/pico_standard_link/binary_info.c.obj
 .binary_info.keep.__bi_ptr75
                0x1000edd4        0x4 CMakeFiles/tinyusb_dev_net_lwip_webserver.dir/D_/picobuild3/pico-sdk/src/rp2_common/pico_standard_link/binary_info.c.obj
 .binary_info.keep.__bi_ptr81
                0x1000edd8        0x4 CMakeFiles/tinyusb_dev_net_lwip_webserver.dir/D_/picobuild3/pico-sdk/src/rp2_common/pico_standard_link/binary_info.c.obj
 .binary_info.keep.__bi_ptr35
                0x1000eddc        0x4 CMakeFiles/tinyusb_dev_net_lwip_webserver.dir/D_/picobuild3/pico-sdk/src/rp2_common/pico_bootsel_via_double_reset/pico_bootsel_via_double_reset.c.obj
 .binary_info.keep.__bi_ptr121
                0x1000ede0        0x4 CMakeFiles/tinyusb_dev_net_lwip_webserver.dir/D_/picobuild3/pico-sdk/lib/tinyusb/hw/bsp/rp2040/family.c.obj
 .binary_info.keep.__bi_ptr131
                0x1000ede4        0x4 CMakeFiles/tinyusb_dev_net_lwip_webserver.dir/D_/picobuild3/pico-sdk/lib/tinyusb/hw/bsp/rp2040/family.c.obj
 *(.binary_info.*)
                0x1000ede8                __binary_info_end = .
                0x1000ede8                . = ALIGN (0x4)
                0x1000ede8                __etext = .

.ram_vector_table
                0x20000000       0xc0
 *(.ram_vector_table)
 .ram_vector_table
                0x20000000       0xc0 CMakeFiles/tinyusb_dev_net_lwip_webserver.dir/D_/picobuild3/pico-sdk/src/rp2_common/pico_runtime/runtime.c.obj
                0x20000000                ram_vector_table

.data           0x200000c0      0x310 load address 0x1000ede8
                0x200000c0                __data_start__ = .
 *(vtable)
 *(.time_critical*)
 .time_critical.mutex_enter_blocking
                0x200000c0       0x48 CMakeFiles/tinyusb_dev_net_lwip_webserver.dir/D_/picobuild3/pico-sdk/src/common/pico_sync/mutex.c.obj
                0x200000c0                mutex_enter_blocking
 .time_critical.mutex_try_enter
                0x20000108       0x48 CMakeFiles/tinyusb_dev_net_lwip_webserver.dir/D_/picobuild3/pico-sdk/src/common/pico_sync/mutex.c.obj
                0x20000108                mutex_try_enter
 .time_critical.mutex_enter_timeout_ms
                0x20000150       0x98 CMakeFiles/tinyusb_dev_net_lwip_webserver.dir/D_/picobuild3/pico-sdk/src/common/pico_sync/mutex.c.obj
                0x20000150                mutex_enter_timeout_ms
 .time_critical.mutex_exit
                0x200001e8       0x28 CMakeFiles/tinyusb_dev_net_lwip_webserver.dir/D_/picobuild3/pico-sdk/src/common/pico_sync/mutex.c.obj
                0x200001e8                mutex_exit
 *(.text*)
 .text          0x20000210        0x4 d:/picobuild3/pico-toolchain/gcc-arm-none-eabi-9-2019-q4-major-win32/bin/../lib/gcc/arm-none-eabi/9.2.1/thumb/v6-m/nofp\libgcc.a(_dvmd_tls.o)
                0x20000210                __aeabi_idiv0