Archive member included to satisfy reference by file (symbol)

d:/picobuild3/pico-toolchain/gcc-arm-none-eabi-9-2019-q4-major-win32/bin/../lib/gcc/arm-none-eabi/9.2.1/thumb/v6-m/nofp\libgcc.a(_dvmd_tls.o)
                              CMakeFiles/tinyusb_dev_uac2_headset.dir/D_/picobuild3/pico-sdk/src/rp2_common/pico_divider/divider.S.obj (__aeabi_idiv0)
d:/picobuild3/pico-toolchain/gcc-arm-none-eabi-9-2019-q4-major-win32/bin/../lib/gcc/arm-none-eabi/9.2.1/../../../../arm-none-eabi/lib/thumb/v6-m/nofp\libc.a(lib_a-calloc.o)
                              CMakeFiles/tinyusb_dev_uac2_headset.dir/D_/picobuild3/pico-sdk/src/rp2_common/pico_malloc/pico_malloc.c.obj (calloc)
d:/picobuild3/pico-toolchain/gcc-arm-none-eabi-9-2019-q4-major-win32/bin/../lib/gcc/arm-none-eabi/9.2.1/../../../../arm-none-eabi/lib/thumb/v6-m/nofp\libc.a(lib_a-callocr.o)
                              d:/picobuild3/pico-toolchain/gcc-arm-none-eabi-9-2019-q4-major-win32/bin/../lib/gcc/arm-none-eabi/9.2.1/../../../../arm-none-eabi/lib/thumb/v6-m/nofp\libc.a(lib_a-calloc.o) (_calloc_r)
d:/picobuild3/pico-toolchain/gcc-arm-none-eabi-9-2019-q4-major-win32/bin/../lib/gcc/arm-none-eabi/9.2.1/../../../../arm-none-eabi/lib/thumb/v6-m/nofp\libc.a(lib_a-impure.o)
                              d:/picobuild3/pico-toolchain/gcc-arm-none-eabi-9-2019-q4-major-win32/bin/../lib/gcc/arm-none-eabi/9.2.1/../../../../arm-none-eabi/lib/thumb/v6-m/nofp\libc.a(lib_a-calloc.o) (_impure_ptr)
d:/picobuild3/pico-toolchain/gcc-arm-none-eabi-9-2019-q4-major-win32/bin/../lib/gcc/arm-none-eabi/9.2.1/../../../../arm-none-eabi/lib/thumb/v6-m/nofp\libc.a(lib_a-init.o)
                              d:/picobuild3/pico-toolchain/gcc-arm-none-eabi-9-2019-q4-major-win32/bin/../lib/gcc/arm-none-eabi/9.2.1/../../../../arm-none-eabi/lib/thumb/v6-m/nofp/crt0.o (__libc_init_array)
d:/picobuild3/pico-toolchain/gcc-arm-none-eabi-9-2019-q4-major-win32/bin/../lib/gcc/arm-none-eabi/9.2.1/../../../../arm-none-eabi/lib/thumb/v6-m/nofp\libc.a(lib_a-malloc.o)
                              CMakeFiles/tinyusb_dev_uac2_headset.dir/D_/picobuild3/pico-sdk/src/rp2_common/pico_malloc/pico_malloc.c.obj (malloc)
d:/picobuild3/pico-toolchain/gcc-arm-none-eabi-9-2019-q4-major-win32/bin/../lib/gcc/arm-none-eabi/9.2.1/../../../../arm-none-eabi/lib/thumb/v6-m/nofp\libc.a(lib_a-mallocr.o)
                              d:/picobuild3/pico-toolchain/gcc-arm-none-eabi-9-2019-q4-major-win32/bin/../lib/gcc/arm-none-eabi/9.2.1/../../../../arm-none-eabi/lib/thumb/v6-m/nofp\libc.a(lib_a-callocr.o) (_malloc_r)
d:/picobuild3/pico-toolchain/gcc-arm-none-eabi-9-2019-q4-major-win32/bin/../lib/gcc/arm-none-eabi/9.2.1/../../../../arm-none-eabi/lib/thumb/v6-m/nofp\libc.a(lib_a-mlock.o)
                              d:/picobuild3/pico-toolchain/gcc-arm-none-eabi-9-2019-q4-major-win32/bin/../lib/gcc/arm-none-eabi/9.2.1/../../../../arm-none-eabi/lib/thumb/v6-m/nofp\libc.a(lib_a-mallocr.o) (__malloc_lock)
d:/picobuild3/pico-toolchain/gcc-arm-none-eabi-9-2019-q4-major-win32/bin/../lib/gcc/arm-none-eabi/9.2.1/../../../../arm-none-eabi/lib/thumb/v6-m/nofp\libc.a(lib_a-sbrkr.o)
                              d:/picobuild3/pico-toolchain/gcc-arm-none-eabi-9-2019-q4-major-win32/bin/../lib/gcc/arm-none-eabi/9.2.1/../../../../arm-none-eabi/lib/thumb/v6-m/nofp\libc.a(lib_a-mallocr.o) (_sbrk_r)
d:/picobuild3/pico-toolchain/gcc-arm-none-eabi-9-2019-q4-major-win32/bin/../lib/gcc/arm-none-eabi/9.2.1/../../../../arm-none-eabi/lib/thumb/v6-m/nofp\libc.a(lib_a-strlen-stub.o)
                              CMakeFiles/tinyusb_dev_uac2_headset.dir/src/usb_descriptors.c.obj (strlen)
d:/picobuild3/pico-toolchain/gcc-arm-none-eabi-9-2019-q4-major-win32/bin/../lib/gcc/arm-none-eabi/9.2.1/../../../../arm-none-eabi/lib/thumb/v6-m/nofp\libc.a(lib_a-freer.o)
                              d:/picobuild3/pico-toolchain/gcc-arm-none-eabi-9-2019-q4-major-win32/bin/../lib/gcc/arm-none-eabi/9.2.1/../../../../arm-none-eabi/lib/thumb/v6-m/nofp\libc.a(lib_a-malloc.o) (_free_r)
d:/picobuild3/pico-toolchain/gcc-arm-none-eabi-9-2019-q4-major-win32/bin/../lib/gcc/arm-none-eabi/9.2.1/../../../../arm-none-eabi/lib/thumb/v6-m/nofp\libc.a(lib_a-lock.o)
                              d:/picobuild3/pico-toolchain/gcc-arm-none-eabi-9-2019-q4-major-win32/bin/../lib/gcc/arm-none-eabi/9.2.1/../../../../arm-none-eabi/lib/thumb/v6-m/nofp\libc.a(lib_a-mlock.o) (__retarget_lock_acquire_recursive)
d:/picobuild3/pico-toolchain/gcc-arm-none-eabi-9-2019-q4-major-win32/bin/../lib/gcc/arm-none-eabi/9.2.1/../../../../arm-none-eabi/lib/thumb/v6-m/nofp\libc.a(lib_a-reent.o)
                              d:/picobuild3/pico-toolchain/gcc-arm-none-eabi-9-2019-q4-major-win32/bin/../lib/gcc/arm-none-eabi/9.2.1/../../../../arm-none-eabi/lib/thumb/v6-m/nofp\libc.a(lib_a-sbrkr.o) (errno)

Allocating common symbols
Common symbol       size              file

[...]
Memory Configuration

Name             Origin             Length             Attributes
FLASH            0x10000000         0x00200000         xr
RAM              0x20000000         0x00040000         xrw
SCRATCH_X        0x20040000         0x00001000         xrw
SCRATCH_Y        0x20041000         0x00001000         xrw
*default*        0x00000000         0xffffffff

Linker script and memory map

LOAD d:/picobuild3/pico-toolchain/gcc-arm-none-eabi-9-2019-q4-major-win32/bin/../lib/gcc/arm-none-eabi/9.2.1/thumb/v6-m/nofp/crti.o
LOAD d:/picobuild3/pico-toolchain/gcc-arm-none-eabi-9-2019-q4-major-win32/bin/../lib/gcc/arm-none-eabi/9.2.1/thumb/v6-m/nofp/crtbegin.o
LOAD d:/picobuild3/pico-toolchain/gcc-arm-none-eabi-9-2019-q4-major-win32/bin/../lib/gcc/arm-none-eabi/9.2.1/../../../../arm-none-eabi/lib/thumb/v6-m/nofp/crt0.o

.flash_begin    0x10000000        0x0
                0x10000000                __flash_binary_start = .

.boot2          0x10000000      0x100
                0x10000000                __boot2_start__ = .
 *(.boot2)
 .boot2         0x10000000      0x100 C:\Users\Alastair\AppData\Local\Temp\ccoCGmOk.o
                0x10000100                __boot2_end__ = .
                0x00000001                ASSERT (((__boot2_end__ - __boot2_start__) == 0x100), ERROR: Pico second stage bootloader must be 256 bytes in size)

.text           0x10000100     0x5430
                0x10000100                __logical_binary_start = .
 *(.vectors)
 .vectors       0x10000100       0xd4 CMakeFiles/tinyusb_dev_uac2_headset.dir/D_/picobuild3/pico-sdk/src/rp2_common/pico_standard_link/crt0.S.obj
                0x10000100                __VECTOR_TABLE
                0x10000100                __vectors
                0x100001c0                isr_invalid
                0x100001c0                __default_isrs_start
                0x100001c2                isr_nmi
                0x100001c4                isr_hardfault
                0x100001c6                isr_svcall
                0x100001c8                isr_pendsv
                0x100001ca                isr_systick
                0x100001cc                isr_irq23
                0x100001cc                isr_irq18
                0x100001cc                isr_irq11
                0x100001cc                isr_irq28
                0x100001cc                isr_irq19
                0x100001cc                isr_irq0
                0x100001cc                isr_irq6
                0x100001cc                isr_irq5
                0x100001cc                isr_irq12
                0x100001cc                isr_irq22
                0x100001cc                isr_irq31
                0x100001cc                isr_irq17
                0x100001cc                isr_irq27
                0x100001cc                isr_irq30
                0x100001cc                isr_irq2
                0x100001cc                isr_irq10
                0x100001cc                isr_irq8
                0x100001cc                isr_irq24
                0x100001cc                isr_irq1
                0x100001cc                isr_irq7
                0x100001cc                isr_irq21
                0x100001cc                isr_irq20
                0x100001cc                isr_irq15
                0x100001cc                isr_irq25
                0x100001cc                isr_irq13
                0x100001cc                __unhandled_user_irq
                0x100001cc                isr_irq4
                0x100001cc                isr_irq16
                0x100001cc                isr_irq29
                0x100001cc                isr_irq26
                0x100001cc                __default_isrs_end
                0x100001cc                isr_irq3
                0x100001cc                isr_irq14
                0x100001cc                isr_irq9
                0x100001d2                unhandled_user_irq_num_in_r0
 *(.binary_info_header)
 .binary_info_header
                0x100001d4       0x14 CMakeFiles/tinyusb_dev_uac2_headset.dir/D_/picobuild3/pico-sdk/src/rp2_common/pico_standard_link/crt0.S.obj
                0x100001e8                __binary_info_header_end = .
 *(.reset)
 .reset         0x100001e8       0xa8 CMakeFiles/tinyusb_dev_uac2_headset.dir/D_/picobuild3/pico-sdk/src/rp2_common/pico_standard_link/crt0.S.obj
                0x100001e8                _entry_point
                0x10000266                __get_current_exception
 .reset         0x10000290       0x30 CMakeFiles/tinyusb_dev_uac2_headset.dir/D_/picobuild3/pico-sdk/src/rp2_common/pico_standard_link/binary_info.c.obj
 *(.init)
 .init          0x100002c0        0x4 d:/picobuild3/pico-toolchain/gcc-arm-none-eabi-9-2019-q4-major-win32/bin/../lib/gcc/arm-none-eabi/9.2.1/thumb/v6-m/nofp/crti.o
                0x100002c0                _init
 *(EXCLUDE_FILE(*libm.a: *libc.a:*lib_a-mem*.o *libgcc.a:) .text*)
 .text          0x100002c4       0x48 d:/picobuild3/pico-toolchain/gcc-arm-none-eabi-9-2019-q4-major-win32/bin/../lib/gcc/arm-none-eabi/9.2.1/thumb/v6-m/nofp/crtbegin.o
 .text.tud_mount_cb
                0x1000030c       0x10 CMakeFiles/tinyusb_dev_uac2_headset.dir/src/main.c.obj
                0x1000030c                tud_mount_cb
 .text.tud_umount_cb
                0x1000031c        0xc CMakeFiles/tinyusb_dev_uac2_headset.dir/src/main.c.obj
                0x1000031c                tud_umount_cb
 .text.tud_suspend_cb
                0x10000328       0x10 CMakeFiles/tinyusb_dev_uac2_headset.dir/src/main.c.obj
                0x10000328                tud_suspend_cb
 .text.tud_resume_cb
                0x10000338       0x10 CMakeFiles/tinyusb_dev_uac2_headset.dir/src/main.c.obj
                0x10000338                tud_resume_cb
 .text.tud_audio_get_req_entity_cb
                0x10000348      0x13c CMakeFiles/tinyusb_dev_uac2_headset.dir/src/main.c.obj
                0x10000348                tud_audio_get_req_entity_cb
 .text.tud_audio_set_req_entity_cb
                0x10000484       0x9c CMakeFiles/tinyusb_dev_uac2_headset.dir/src/main.c.obj
                0x10000484                tud_audio_set_req_entity_cb
 .text.tud_audio_set_itf_close_EP_cb
                0x10000520       0x20 CMakeFiles/tinyusb_dev_uac2_headset.dir/src/main.c.obj
                0x10000520                tud_audio_set_itf_close_EP_cb
 .text.tud_audio_set_itf_cb
                0x10000540       0x58 CMakeFiles/tinyusb_dev_uac2_headset.dir/src/main.c.obj
                0x10000540                tud_audio_set_itf_cb
 .text.tud_audio_rx_done_pre_read_cb
                0x10000598       0x1c CMakeFiles/tinyusb_dev_uac2_headset.dir/src/main.c.obj
                0x10000598                tud_audio_rx_done_pre_read_cb
 .text.tud_audio_tx_done_pre_load_cb
                0x100005b4        0x4 CMakeFiles/tinyusb_dev_uac2_headset.dir/src/main.c.obj
                0x100005b4                tud_audio_tx_done_pre_load_cb
 .text.audio_task
                0x100005b8       0xac CMakeFiles/tinyusb_dev_uac2_headset.dir/src/main.c.obj
                0x100005b8                audio_task
 .text.startup.main
                0x10000664       0x78 CMakeFiles/tinyusb_dev_uac2_headset.dir/src/main.c.obj
                0x10000664                main
 .text.tud_descriptor_device_cb
                0x100006dc        0x8 CMakeFiles/tinyusb_dev_uac2_headset.dir/src/usb_descriptors.c.obj
                0x100006dc                tud_descriptor_device_cb
 .text.tud_descriptor_configuration_cb
                0x100006e4        0x8 CMakeFiles/tinyusb_dev_uac2_headset.dir/src/usb_descriptors.c.obj
                0x100006e4                tud_descriptor_configuration_cb
 .text.tud_descriptor_string_cb
                0x100006ec       0x7c CMakeFiles/tinyusb_dev_uac2_headset.dir/src/usb_descriptors.c.obj
                0x100006ec                tud_descriptor_string_cb
 .text.gpio_set_function
                0x10000768       0x30 CMakeFiles/tinyusb_dev_uac2_headset.dir/D_/picobuild3/pico-sdk/src/rp2_common/hardware_gpio/gpio.c.obj
                0x10000768                gpio_set_function
 .text.gpio_get_function
                0x10000798       0x14 CMakeFiles/tinyusb_dev_uac2_headset.dir/D_/picobuild3/pico-sdk/src/rp2_common/hardware_gpio/gpio.c.obj
                0x10000798                gpio_get_function
 .text.gpio_set_pulls
                0x100007ac       0x30 CMakeFiles/tinyusb_dev_uac2_headset.dir/D_/picobuild3/pico-sdk/src/rp2_common/hardware_gpio/gpio.c.obj
                0x100007ac                gpio_set_pulls
 .text.gpio_set_inover
                0x100007dc       0x24 CMakeFiles/tinyusb_dev_uac2_headset.dir/D_/picobuild3/pico-sdk/src/rp2_common/hardware_gpio/gpio.c.obj
                0x100007dc                gpio_set_inover
 .text.gpio_set_oeover
                0x10000800       0x24 CMakeFiles/tinyusb_dev_uac2_headset.dir/D_/picobuild3/pico-sdk/src/rp2_common/hardware_gpio/gpio.c.obj
                0x10000800                gpio_set_oeover
 .text.gpio_init
                0x10000824       0x3c CMakeFiles/tinyusb_dev_uac2_headset.dir/D_/picobuild3/pico-sdk/src/rp2_common/hardware_gpio/gpio.c.obj
                0x10000824                gpio_init
 .text.hw_claim_or_assert
                0x10000860       0x48 CMakeFiles/tinyusb_dev_uac2_headset.dir/D_/picobuild3/pico-sdk/src/rp2_common/hardware_claim/claim.c.obj
                0x10000860                hw_claim_or_assert
 .text.hw_claim_unused_from_range
                0x100008a8       0x9c CMakeFiles/tinyusb_dev_uac2_headset.dir/D_/picobuild3/pico-sdk/src/rp2_common/hardware_claim/claim.c.obj
                0x100008a8                hw_claim_unused_from_range
 .text.running_on_fpga
                0x10000944       0x10 CMakeFiles/tinyusb_dev_uac2_headset.dir/D_/picobuild3/pico-sdk/src/rp2_common/pico_platform/platform.c.obj
                0x10000944                running_on_fpga
 .text.rp2040_chip_version
                0x10000954        0xc CMakeFiles/tinyusb_dev_uac2_headset.dir/D_/picobuild3/pico-sdk/src/rp2_common/pico_platform/platform.c.obj
                0x10000954                rp2040_chip_version
 .text.spin_locks_reset
                0x10000960       0x1c CMakeFiles/tinyusb_dev_uac2_headset.dir/D_/picobuild3/pico-sdk/src/rp2_common/hardware_sync/sync.c.obj
                0x10000960                spin_locks_reset
 .text.next_striped_spin_lock_num
                0x1000097c       0x18 CMakeFiles/tinyusb_dev_uac2_headset.dir/D_/picobuild3/pico-sdk/src/rp2_common/hardware_sync/sync.c.obj
                0x1000097c                next_striped_spin_lock_num
 .text.spin_lock_claim_unused
                0x10000994       0x20 CMakeFiles/tinyusb_dev_uac2_headset.dir/D_/picobuild3/pico-sdk/src/rp2_common/hardware_sync/sync.c.obj
                0x10000994                spin_lock_claim_unused
 .text.uart_init
                0x100009b4       0xe4 CMakeFiles/tinyusb_dev_uac2_headset.dir/D_/picobuild3/pico-sdk/src/rp2_common/hardware_uart/uart.c.obj
                0x100009b4                uart_init
 .text.timer_pool_entry_comparator
                0x10000a98       0x34 CMakeFiles/tinyusb_dev_uac2_headset.dir/D_/picobuild3/pico-sdk/src/common/pico_time/time.c.obj
                0x10000a98                timer_pool_entry_comparator
 .text.sleep_until_callback
                0x10000acc       0x30 CMakeFiles/tinyusb_dev_uac2_headset.dir/D_/picobuild3/pico-sdk/src/common/pico_time/time.c.obj
 .text.alarm_pool_add_alarm_at.constprop.0
                0x10000afc      0x128 CMakeFiles/tinyusb_dev_uac2_headset.dir/D_/picobuild3/pico-sdk/src/common/pico_time/time.c.obj
 .text.add_alarm_under_lock
                0x10000c24      0x108 CMakeFiles/tinyusb_dev_uac2_headset.dir/D_/picobuild3/pico-sdk/src/common/pico_time/time.c.obj
 .text.alarm_pool_alarm_callback
                0x10000d2c      0x1c8 CMakeFiles/tinyusb_dev_uac2_headset.dir/D_/picobuild3/pico-sdk/src/common/pico_time/time.c.obj
 .text.alarm_pool_init_default
                0x10000ef4       0x64 CMakeFiles/tinyusb_dev_uac2_headset.dir/D_/picobuild3/pico-sdk/src/common/pico_time/time.c.obj
                0x10000ef4                alarm_pool_init_default
 .text.alarm_pool_get_default
                0x10000f58        0x8 CMakeFiles/tinyusb_dev_uac2_headset.dir/D_/picobuild3/pico-sdk/src/common/pico_time/time.c.obj
                0x10000f58                alarm_pool_get_default
 .text.alarm_pool_add_alarm_at
                0x10000f60      0x1ac CMakeFiles/tinyusb_dev_uac2_headset.dir/D_/picobuild3/pico-sdk/src/common/pico_time/time.c.obj
                0x10000f60                alarm_pool_add_alarm_at
 .text.best_effort_wfe_or_timeout
                0x1000110c       0xd4 CMakeFiles/tinyusb_dev_uac2_headset.dir/D_/picobuild3/pico-sdk/src/common/pico_time/time.c.obj
                0x1000110c                best_effort_wfe_or_timeout
 .text.hardware_alarm_irq_handler
                0x100011e0       0xb8 CMakeFiles/tinyusb_dev_uac2_headset.dir/D_/picobuild3/pico-sdk/src/rp2_common/hardware_timer/timer.c.obj
 .text.hardware_alarm_claim
                0x10001298       0x18 CMakeFiles/tinyusb_dev_uac2_headset.dir/D_/picobuild3/pico-sdk/src/rp2_common/hardware_timer/timer.c.obj
                0x10001298                hardware_alarm_claim
 .text.time_us_64
                0x100012b0       0x14 CMakeFiles/tinyusb_dev_uac2_headset.dir/D_/picobuild3/pico-sdk/src/rp2_common/hardware_timer/timer.c.obj
                0x100012b0                time_us_64
 .text.busy_wait_us
                0x100012c4       0x54 CMakeFiles/tinyusb_dev_uac2_headset.dir/D_/picobuild3/pico-sdk/src/rp2_common/hardware_timer/timer.c.obj
                0x100012c4                busy_wait_us
 .text.hardware_alarm_set_callback
                0x10001318       0x8c CMakeFiles/tinyusb_dev_uac2_headset.dir/D_/picobuild3/pico-sdk/src/rp2_common/hardware_timer/timer.c.obj
                0x10001318                hardware_alarm_set_callback
 .text.hardware_alarm_set_target
                0x100013a4       0xe4 CMakeFiles/tinyusb_dev_uac2_headset.dir/D_/picobuild3/pico-sdk/src/rp2_common/hardware_timer/timer.c.obj
                0x100013a4                hardware_alarm_set_target
 .text.hardware_alarm_cancel
                0x10001488       0x40 CMakeFiles/tinyusb_dev_uac2_headset.dir/D_/picobuild3/pico-sdk/src/rp2_common/hardware_timer/timer.c.obj
                0x10001488                hardware_alarm_cancel
 .text.lock_init
                0x100014c8       0x10 CMakeFiles/tinyusb_dev_uac2_headset.dir/D_/picobuild3/pico-sdk/src/common/pico_sync/lock_core.c.obj
                0x100014c8                lock_init
 .text.mutex_init
                0x100014d8       0x1c CMakeFiles/tinyusb_dev_uac2_headset.dir/D_/picobuild3/pico-sdk/src/common/pico_sync/mutex.c.obj
                0x100014d8                mutex_init
 .text.recursive_mutex_init
                0x100014f4       0x1c CMakeFiles/tinyusb_dev_uac2_headset.dir/D_/picobuild3/pico-sdk/src/common/pico_sync/mutex.c.obj
                0x100014f4                recursive_mutex_init
 .text.critical_section_init
                0x10001510       0x1c CMakeFiles/tinyusb_dev_uac2_headset.dir/D_/picobuild3/pico-sdk/src/common/pico_sync/critical_section.c.obj
                0x10001510                critical_section_init
 .text.ph_merge_nodes
                0x1000152c       0x68 CMakeFiles/tinyusb_dev_uac2_headset.dir/D_/picobuild3/pico-sdk/src/common/pico_util/pheap.c.obj
 .text.ph_post_alloc_init
                0x10001594       0x3c CMakeFiles/tinyusb_dev_uac2_headset.dir/D_/picobuild3/pico-sdk/src/common/pico_util/pheap.c.obj
                0x10001594                ph_post_alloc_init
 .text.ph_merge_two_pass
                0x100015d0       0x90 CMakeFiles/tinyusb_dev_uac2_headset.dir/D_/picobuild3/pico-sdk/src/common/pico_util/pheap.c.obj
                0x100015d0                ph_merge_two_pass
 .text.ph_remove_any_head
                0x10001660       0xf8 CMakeFiles/tinyusb_dev_uac2_headset.dir/D_/picobuild3/pico-sdk/src/common/pico_util/pheap.c.obj
 .text.ph_remove_head
                0x10001758      0x13c CMakeFiles/tinyusb_dev_uac2_headset.dir/D_/picobuild3/pico-sdk/src/common/pico_util/pheap.c.obj
                0x10001758                ph_remove_head
 .text.ph_remove_and_free_node
                0x10001894       0x7c CMakeFiles/tinyusb_dev_uac2_headset.dir/D_/picobuild3/pico-sdk/src/common/pico_util/pheap.c.obj
                0x10001894                ph_remove_and_free_node
 .text.runtime_init
                0x10001910       0xf0 CMakeFiles/tinyusb_dev_uac2_headset.dir/D_/picobuild3/pico-sdk/src/rp2_common/pico_runtime/runtime.c.obj
                0x10001910                runtime_init
 .text.exit     0x10001a00        0x4 CMakeFiles/tinyusb_dev_uac2_headset.dir/D_/picobuild3/pico-sdk/src/rp2_common/pico_runtime/runtime.c.obj
                0x10001a00                exit
 .text.panic    0x10001a04       0x30 CMakeFiles/tinyusb_dev_uac2_headset.dir/D_/picobuild3/pico-sdk/src/rp2_common/pico_runtime/runtime.c.obj
                0x10001a04                panic
 .text.hard_assertion_failure
                0x10001a34        0xc CMakeFiles/tinyusb_dev_uac2_headset.dir/D_/picobuild3/pico-sdk/src/rp2_common/pico_runtime/runtime.c.obj
                0x10001a34                hard_assertion_failure
 .text.clocks_init
                0x10001a40      0x2bc CMakeFiles/tinyusb_dev_uac2_headset.dir/D_/picobuild3/pico-sdk/src/rp2_common/hardware_clocks/clocks.c.obj
                0x10001a40                clocks_init
 .text.clock_get_hz
                0x10001cfc        0xc CMakeFiles/tinyusb_dev_uac2_headset.dir/D_/picobuild3/pico-sdk/src/rp2_common/hardware_clocks/clocks.c.obj
                0x10001cfc                clock_get_hz
 .text.irq_set_enabled
                0x10001d08       0x24 CMakeFiles/tinyusb_dev_uac2_headset.dir/D_/picobuild3/pico-sdk/src/rp2_common/hardware_irq/irq.c.obj
                0x10001d08                irq_set_enabled
 .text.irq_get_vtable_handler
                0x10001d2c       0x10 CMakeFiles/tinyusb_dev_uac2_headset.dir/D_/picobuild3/pico-sdk/src/rp2_common/hardware_irq/irq.c.obj
                0x10001d2c                irq_get_vtable_handler
 .text.irq_set_exclusive_handler
                0x10001d3c       0x54 CMakeFiles/tinyusb_dev_uac2_headset.dir/D_/picobuild3/pico-sdk/src/rp2_common/hardware_irq/irq.c.obj
                0x10001d3c                irq_set_exclusive_handler
 .text.irq_remove_handler
                0x10001d90      0x1b8 CMakeFiles/tinyusb_dev_uac2_headset.dir/D_/picobuild3/pico-sdk/src/rp2_common/hardware_irq/irq.c.obj
                0x10001d90                irq_remove_handler
 .text.irq_add_tail_to_free_list
                0x10001f48       0xb8 CMakeFiles/tinyusb_dev_uac2_headset.dir/D_/picobuild3/pico-sdk/src/rp2_common/hardware_irq/irq.c.obj
                0x10001f48                irq_add_tail_to_free_list
 .text.irq_init_priorities
                0x10002000       0x24 CMakeFiles/tinyusb_dev_uac2_headset.dir/D_/picobuild3/pico-sdk/src/rp2_common/hardware_irq/irq.c.obj
                0x10002000                irq_init_priorities
 .text.pll_init
                0x10002024       0xa4 CMakeFiles/tinyusb_dev_uac2_headset.dir/D_/picobuild3/pico-sdk/src/rp2_common/hardware_pll/pll.c.obj
                0x10002024                pll_init
 .text.watchdog_start_tick
                0x100020c8       0x10 CMakeFiles/tinyusb_dev_uac2_headset.dir/D_/picobuild3/pico-sdk/src/rp2_common/hardware_watchdog/watchdog.c.obj
                0x100020c8                watchdog_start_tick
 .text.xosc_init
                0x100020d8       0x28 CMakeFiles/tinyusb_dev_uac2_headset.dir/D_/picobuild3/pico-sdk/src/rp2_common/hardware_xosc/xosc.c.obj
                0x100020d8                xosc_init
 .text._out_char
                0x10002100       0x10 CMakeFiles/tinyusb_dev_uac2_headset.dir/D_/picobuild3/pico-sdk/src/rp2_common/pico_printf/printf.c.obj
 .text.weak_raw_vprintf
                0x10002110       0x30 CMakeFiles/tinyusb_dev_uac2_headset.dir/D_/picobuild3/pico-sdk/src/rp2_common/pico_printf/printf.c.obj
                0x10002110                weak_raw_vprintf
 .text          0x10002140       0x10 CMakeFiles/tinyusb_dev_uac2_headset.dir/D_/picobuild3/pico-sdk/src/rp2_common/pico_bit_ops/bit_ops_aeabi.S.obj
 .text.rom_func_lookup
                0x10002150       0x10 CMakeFiles/tinyusb_dev_uac2_headset.dir/D_/picobuild3/pico-sdk/src/rp2_common/pico_bootrom/bootrom.c.obj
                0x10002150                rom_func_lookup
 .text.rom_data_lookup
                0x10002160       0x10 CMakeFiles/tinyusb_dev_uac2_headset.dir/D_/picobuild3/pico-sdk/src/rp2_common/pico_bootrom/bootrom.c.obj
                0x10002160                rom_data_lookup
 .text.rom_funcs_lookup
                0x10002170       0x3c CMakeFiles/tinyusb_dev_uac2_headset.dir/D_/picobuild3/pico-sdk/src/rp2_common/pico_bootrom/bootrom.c.obj
                0x10002170                rom_funcs_lookup
 .text.__wrap___aeabi_uidiv
                0x100021ac       0x4c CMakeFiles/tinyusb_dev_uac2_headset.dir/D_/picobuild3/pico-sdk/src/rp2_common/pico_divider/divider.S.obj
                0x100021ac                __wrap___aeabi_uidiv
                0x100021ac                __wrap___aeabi_uidivmod
                0x100021ac                div_u32u32
                0x100021ac                divmod_u32u32
                0x100021b4                divmod_u32u32_unsafe
                0x100021dc                divmod_u32u32_savestate
 .text.__wrap___aeabi_ldiv
                0x100021f8      0x434 CMakeFiles/tinyusb_dev_uac2_headset.dir/D_/picobuild3/pico-sdk/src/rp2_common/pico_divider/divider.S.obj
                0x100021f8                div_s64s64
                0x100021f8                divmod_s64s64
                0x100021f8                __wrap___aeabi_ldivmod
                0x10002230                divmod_u64u64
                0x10002230                div_u64u64
                0x10002230                __wrap___aeabi_uldivmod
                0x10002240                divmod_u64u64_savestate
                0x10002268                divmod_s64s64_unsafe
                0x100022f0                divmod_u64u64_unsafe
 .text.__aeabi_double_init
                0x1000262c       0xc0 CMakeFiles/tinyusb_dev_uac2_headset.dir/D_/picobuild3/pico-sdk/src/rp2_common/pico_double/double_init_rom.c.obj
                0x1000262c                __aeabi_double_init
 .text.double_table_shim_on_use_helper
                0x100026ec       0x2c CMakeFiles/tinyusb_dev_uac2_headset.dir/D_/picobuild3/pico-sdk/src/rp2_common/pico_double/double_v1_rom_shim.S.obj
                0x100026ec                double_table_shim_on_use_helper
 .text.__aeabi_lmul
                0x10002718       0x32 CMakeFiles/tinyusb_dev_uac2_headset.dir/D_/picobuild3/pico-sdk/src/rp2_common/pico_int64_ops/pico_int64_ops_aeabi.S.obj
                0x10002718                __wrap___aeabi_lmul
 *fill*         0x1000274a        0x2 
 .text.__aeabi_float_init
                0x1000274c       0x64 CMakeFiles/tinyusb_dev_uac2_headset.dir/D_/picobuild3/pico-sdk/src/rp2_common/pico_float/float_init_rom.c.obj
                0x1000274c                __aeabi_float_init
 .text.float_table_shim_on_use_helper
                0x100027b0       0x2c CMakeFiles/tinyusb_dev_uac2_headset.dir/D_/picobuild3/pico-sdk/src/rp2_common/pico_float/float_v1_rom_shim.S.obj
                0x100027b0                float_table_shim_on_use_helper
 .text          0x100027dc       0x10 CMakeFiles/tinyusb_dev_uac2_headset.dir/D_/picobuild3/pico-sdk/src/rp2_common/pico_mem_ops/mem_ops_aeabi.S.obj
                0x100027dc                __aeabi_mem_init
 .text.memset   0x100027ec        0xc CMakeFiles/tinyusb_dev_uac2_headset.dir/D_/picobuild3/pico-sdk/src/rp2_common/pico_mem_ops/mem_ops_aeabi.S.obj
                0x100027ec                __wrap_memset
 .text.memcpy   0x100027f8        0xc CMakeFiles/tinyusb_dev_uac2_headset.dir/D_/picobuild3/pico-sdk/src/rp2_common/pico_mem_ops/mem_ops_aeabi.S.obj
                0x100027f8                __wrap_memcpy
                0x100027f8                __wrap___aeabi_memcpy
 .text.stdio_out_chars_no_crlf
                0x10002804       0x10 CMakeFiles/tinyusb_dev_uac2_headset.dir/D_/picobuild3/pico-sdk/src/rp2_common/pico_stdio/stdio.c.obj
 .text.stdio_out_chars_crlf
                0x10002814       0x94 CMakeFiles/tinyusb_dev_uac2_headset.dir/D_/picobuild3/pico-sdk/src/rp2_common/pico_stdio/stdio.c.obj
 .text.stdio_put_string
                0x100028a8      0x100 CMakeFiles/tinyusb_dev_uac2_headset.dir/D_/picobuild3/pico-sdk/src/rp2_common/pico_stdio/stdio.c.obj
 .text.__wrap_putchar
                0x100029a8       0xa4 CMakeFiles/tinyusb_dev_uac2_headset.dir/D_/picobuild3/pico-sdk/src/rp2_common/pico_stdio/stdio.c.obj
                0x100029a8                __wrap_putchar
 .text.__wrap_puts
                0x10002a4c       0x3c CMakeFiles/tinyusb_dev_uac2_headset.dir/D_/picobuild3/pico-sdk/src/rp2_common/pico_stdio/stdio.c.obj
                0x10002a4c                __wrap_puts
 .text.stdio_set_driver_enabled
                0x10002a88       0x3c CMakeFiles/tinyusb_dev_uac2_headset.dir/D_/picobuild3/pico-sdk/src/rp2_common/pico_stdio/stdio.c.obj
                0x10002a88                stdio_set_driver_enabled
 .text.stdio_uart_out_chars
                0x10002ac4       0x4c CMakeFiles/tinyusb_dev_uac2_headset.dir/D_/picobuild3/pico-sdk/src/rp2_common/pico_stdio_uart/stdio_uart.c.obj
 .text.stdio_uart_in_chars
                0x10002b10       0x38 CMakeFiles/tinyusb_dev_uac2_headset.dir/D_/picobuild3/pico-sdk/src/rp2_common/pico_stdio_uart/stdio_uart.c.obj
                0x10002b10                stdio_uart_in_chars
 .text.stdio_uart_init_full
                0x10002b48       0x38 CMakeFiles/tinyusb_dev_uac2_headset.dir/D_/picobuild3/pico-sdk/src/rp2_common/pico_stdio_uart/stdio_uart.c.obj
                0x10002b48                stdio_uart_init_full
 .text.startup.boot_double_tap_check
                0x10002b80       0x60 CMakeFiles/tinyusb_dev_uac2_headset.dir/D_/picobuild3/pico-sdk/src/rp2_common/pico_bootsel_via_double_reset/pico_bootsel_via_double_reset.c.obj
 .text.board_init
                0x10002be0       0x30 CMakeFiles/tinyusb_dev_uac2_headset.dir/D_/picobuild3/pico-sdk/lib/tinyusb/hw/bsp/rp2040/family.c.obj
                0x10002be0                board_init
 .text.board_led_write
                0x10002c10       0x14 CMakeFiles/tinyusb_dev_uac2_headset.dir/D_/picobuild3/pico-sdk/lib/tinyusb/hw/bsp/rp2040/family.c.obj
                0x10002c10                board_led_write
 .text.dcd_rp2040_irq
                0x10002c24      0x228 CMakeFiles/tinyusb_dev_uac2_headset.dir/D_/picobuild3/pico-sdk/lib/tinyusb/src/portable/raspberrypi/rp2040/dcd_rp2040.c.obj
 .text.dcd_int_enable
                0x10002e4c        0xc CMakeFiles/tinyusb_dev_uac2_headset.dir/D_/picobuild3/pico-sdk/lib/tinyusb/src/portable/raspberrypi/rp2040/dcd_rp2040.c.obj
                0x10002e4c                dcd_int_enable
 .text.dcd_set_address
                0x10002e58       0x14 CMakeFiles/tinyusb_dev_uac2_headset.dir/D_/picobuild3/pico-sdk/lib/tinyusb/src/portable/raspberrypi/rp2040/dcd_rp2040.c.obj
                0x10002e58                dcd_set_address
 .text.dcd_connect
                0x10002e6c       0x10 CMakeFiles/tinyusb_dev_uac2_headset.dir/D_/picobuild3/pico-sdk/lib/tinyusb/src/portable/raspberrypi/rp2040/dcd_rp2040.c.obj
                0x10002e6c                dcd_connect
 .text.dcd_init
                0x10002e7c      0x148 CMakeFiles/tinyusb_dev_uac2_headset.dir/D_/picobuild3/pico-sdk/lib/tinyusb/src/portable/raspberrypi/rp2040/dcd_rp2040.c.obj
                0x10002e7c                dcd_init
 .text.dcd_edpt0_status_complete
                0x10002fc4       0x1c CMakeFiles/tinyusb_dev_uac2_headset.dir/D_/picobuild3/pico-sdk/lib/tinyusb/src/portable/raspberrypi/rp2040/dcd_rp2040.c.obj
                0x10002fc4                dcd_edpt0_status_complete
 .text.dcd_edpt_open
                0x10002fe0       0xf0 CMakeFiles/tinyusb_dev_uac2_headset.dir/D_/picobuild3/pico-sdk/lib/tinyusb/src/portable/raspberrypi/rp2040/dcd_rp2040.c.obj
                0x10002fe0                dcd_edpt_open
 .text.dcd_edpt_close_all
                0x100030d0       0xbc CMakeFiles/tinyusb_dev_uac2_headset.dir/D_/picobuild3/pico-sdk/lib/tinyusb/src/portable/raspberrypi/rp2040/dcd_rp2040.c.obj
                0x100030d0                dcd_edpt_close_all
 .text.dcd_edpt_xfer
                0x1000318c       0x24 CMakeFiles/tinyusb_dev_uac2_headset.dir/D_/picobuild3/pico-sdk/lib/tinyusb/src/portable/raspberrypi/rp2040/dcd_rp2040.c.obj
                0x1000318c                dcd_edpt_xfer
 .text.dcd_edpt_stall
                0x100031b0       0x38 CMakeFiles/tinyusb_dev_uac2_headset.dir/D_/picobuild3/pico-sdk/lib/tinyusb/src/portable/raspberrypi/rp2040/dcd_rp2040.c.obj
                0x100031b0                dcd_edpt_stall
 .text.dcd_edpt_clear_stall
                0x100031e8       0x30 CMakeFiles/tinyusb_dev_uac2_headset.dir/D_/picobuild3/pico-sdk/lib/tinyusb/src/portable/raspberrypi/rp2040/dcd_rp2040.c.obj
                0x100031e8                dcd_edpt_clear_stall
 .text.dcd_edpt_close
                0x10003218        0x4 CMakeFiles/tinyusb_dev_uac2_headset.dir/D_/picobuild3/pico-sdk/lib/tinyusb/src/portable/raspberrypi/rp2040/dcd_rp2040.c.obj
                0x10003218                dcd_edpt_close
 .text._hw_endpoint_buffer_control_update32.part.0
                0x1000321c       0x20 CMakeFiles/tinyusb_dev_uac2_headset.dir/D_/picobuild3/pico-sdk/lib/tinyusb/src/portable/raspberrypi/rp2040/rp2040_usb.c.obj
 .text.rp2040_usb_init
                0x1000323c       0x4c CMakeFiles/tinyusb_dev_uac2_headset.dir/D_/picobuild3/pico-sdk/lib/tinyusb/src/portable/raspberrypi/rp2040/rp2040_usb.c.obj
                0x1000323c                rp2040_usb_init
 .text.hw_endpoint_reset_transfer
                0x10003288        0xc CMakeFiles/tinyusb_dev_uac2_headset.dir/D_/picobuild3/pico-sdk/lib/tinyusb/src/portable/raspberrypi/rp2040/rp2040_usb.c.obj
                0x10003288                hw_endpoint_reset_transfer
 .text._hw_endpoint_buffer_control_update32
                0x10003294       0x40 CMakeFiles/tinyusb_dev_uac2_headset.dir/D_/picobuild3/pico-sdk/lib/tinyusb/src/portable/raspberrypi/rp2040/rp2040_usb.c.obj
                0x10003294                _hw_endpoint_buffer_control_update32
 .text.hw_endpoint_xfer_start
                0x100032d4      0x138 CMakeFiles/tinyusb_dev_uac2_headset.dir/D_/picobuild3/pico-sdk/lib/tinyusb/src/portable/raspberrypi/rp2040/rp2040_usb.c.obj
                0x100032d4                hw_endpoint_xfer_start
 .text.hw_endpoint_xfer_continue
                0x1000340c      0x1e4 CMakeFiles/tinyusb_dev_uac2_headset.dir/D_/picobuild3/pico-sdk/lib/tinyusb/src/portable/raspberrypi/rp2040/rp2040_usb.c.obj
                0x1000340c                hw_endpoint_xfer_continue
 .text.tud_inited
                0x100035f0        0xc CMakeFiles/tinyusb_dev_uac2_headset.dir/D_/picobuild3/pico-sdk/lib/tinyusb/src/device/usbd.c.obj
                0x100035f0                tud_inited
 .text.tud_init
                0x100035fc       0xd8 CMakeFiles/tinyusb_dev_uac2_headset.dir/D_/picobuild3/pico-sdk/lib/tinyusb/src/device/usbd.c.obj
                0x100035fc                tud_init
 .text.tud_task
                0x100036d4      0x8b8 CMakeFiles/tinyusb_dev_uac2_headset.dir/D_/picobuild3/pico-sdk/lib/tinyusb/src/device/usbd.c.obj
                0x100036d4                tud_task
 .text.dcd_event_bus_signal
                0x10003f8c      0x120 CMakeFiles/tinyusb_dev_uac2_headset.dir/D_/picobuild3/pico-sdk/lib/tinyusb/src/device/usbd.c.obj
                0x10003f8c                dcd_event_bus_signal
 .text.dcd_event_bus_reset
                0x100040ac       0x54 CMakeFiles/tinyusb_dev_uac2_headset.dir/D_/picobuild3/pico-sdk/lib/tinyusb/src/device/usbd.c.obj
                0x100040ac                dcd_event_bus_reset
 .text.dcd_event_setup_received
                0x10004100       0x50 CMakeFiles/tinyusb_dev_uac2_headset.dir/D_/picobuild3/pico-sdk/lib/tinyusb/src/device/usbd.c.obj
                0x10004100                dcd_event_setup_received
 .text.dcd_event_xfer_complete
                0x10004150       0x68 CMakeFiles/tinyusb_dev_uac2_headset.dir/D_/picobuild3/pico-sdk/lib/tinyusb/src/device/usbd.c.obj
                0x10004150                dcd_event_xfer_complete
 .text.usbd_edpt_open
                0x100041b8       0x30 CMakeFiles/tinyusb_dev_uac2_headset.dir/D_/picobuild3/pico-sdk/lib/tinyusb/src/device/usbd.c.obj
                0x100041b8                usbd_edpt_open
 .text.usbd_edpt_xfer
                0x100041e8       0x48 CMakeFiles/tinyusb_dev_uac2_headset.dir/D_/picobuild3/pico-sdk/lib/tinyusb/src/device/usbd.c.obj
                0x100041e8                usbd_edpt_xfer
 .text.usbd_edpt_clear_stall
                0x10004230       0x34 CMakeFiles/tinyusb_dev_uac2_headset.dir/D_/picobuild3/pico-sdk/lib/tinyusb/src/device/usbd.c.obj
                0x10004230                usbd_edpt_clear_stall
 .text.usbd_edpt_close
                0x10004264       0x40 CMakeFiles/tinyusb_dev_uac2_headset.dir/D_/picobuild3/pico-sdk/lib/tinyusb/src/device/usbd.c.obj
                0x10004264                usbd_edpt_close
 .text.tud_control_status
                0x100042a4       0x30 CMakeFiles/tinyusb_dev_uac2_headset.dir/D_/picobuild3/pico-sdk/lib/tinyusb/src/device/usbd_control.c.obj
                0x100042a4                tud_control_status
 .text.tud_control_xfer
                0x100042d4       0xb8 CMakeFiles/tinyusb_dev_uac2_headset.dir/D_/picobuild3/pico-sdk/lib/tinyusb/src/device/usbd_control.c.obj
                0x100042d4                tud_control_xfer
 .text.usbd_control_reset
                0x1000438c       0x14 CMakeFiles/tinyusb_dev_uac2_headset.dir/D_/picobuild3/pico-sdk/lib/tinyusb/src/device/usbd_control.c.obj
                0x1000438c                usbd_control_reset
 .text.usbd_control_set_complete_callback
                0x100043a0        0xc CMakeFiles/tinyusb_dev_uac2_headset.dir/D_/picobuild3/pico-sdk/lib/tinyusb/src/device/usbd_control.c.obj
                0x100043a0                usbd_control_set_complete_callback
 .text.usbd_control_set_request
                0x100043ac       0x1c CMakeFiles/tinyusb_dev_uac2_headset.dir/D_/picobuild3/pico-sdk/lib/tinyusb/src/device/usbd_control.c.obj
                0x100043ac                usbd_control_set_request
 .text.usbd_control_xfer_cb
                0x100043c8       0xf8 CMakeFiles/tinyusb_dev_uac2_headset.dir/D_/picobuild3/pico-sdk/lib/tinyusb/src/device/usbd_control.c.obj
                0x100043c8                usbd_control_xfer_cb
 .text.audiod_tx_done_cb.constprop.0
                0x100044c0       0xd4 CMakeFiles/tinyusb_dev_uac2_headset.dir/D_/picobuild3/pico-sdk/lib/tinyusb/src/class/audio/audio_device.c.obj
 .text.tud_audio_n_read
                0x10004594       0x20 CMakeFiles/tinyusb_dev_uac2_headset.dir/D_/picobuild3/pico-sdk/lib/tinyusb/src/class/audio/audio_device.c.obj
                0x10004594                tud_audio_n_read
 .text.tud_audio_n_write
                0x100045b4       0x20 CMakeFiles/tinyusb_dev_uac2_headset.dir/D_/picobuild3/pico-sdk/lib/tinyusb/src/class/audio/audio_device.c.obj
                0x100045b4                tud_audio_n_write
 .text.audiod_init
                0x100045d4       0x8c CMakeFiles/tinyusb_dev_uac2_headset.dir/D_/picobuild3/pico-sdk/lib/tinyusb/src/class/audio/audio_device.c.obj
                0x100045d4                audiod_init
 .text.audiod_reset
                0x10004660       0x24 CMakeFiles/tinyusb_dev_uac2_headset.dir/D_/picobuild3/pico-sdk/lib/tinyusb/src/class/audio/audio_device.c.obj
                0x10004660                audiod_reset
 .text.audiod_open
                0x10004684       0x44 CMakeFiles/tinyusb_dev_uac2_headset.dir/D_/picobuild3/pico-sdk/lib/tinyusb/src/class/audio/audio_device.c.obj
                0x10004684                audiod_open
 .text.audiod_control_xfer_cb
                0x100046c8      0x4e0 CMakeFiles/tinyusb_dev_uac2_headset.dir/D_/picobuild3/pico-sdk/lib/tinyusb/src/class/audio/audio_device.c.obj
                0x100046c8                audiod_control_xfer_cb
 .text.audiod_xfer_cb
                0x10004ba8      0x108 CMakeFiles/tinyusb_dev_uac2_headset.dir/D_/picobuild3/pico-sdk/lib/tinyusb/src/class/audio/audio_device.c.obj
                0x10004ba8                audiod_xfer_cb
 .text.tud_audio_buffer_and_schedule_control_xfer
                0x10004cb0      0x120 CMakeFiles/tinyusb_dev_uac2_headset.dir/D_/picobuild3/pico-sdk/lib/tinyusb/src/class/audio/audio_device.c.obj
                0x10004cb0                tud_audio_buffer_and_schedule_control_xfer
 .text.tusb_init
                0x10004dd0        0xc CMakeFiles/tinyusb_dev_uac2_headset.dir/D_/picobuild3/pico-sdk/lib/tinyusb/src/tusb.c.obj
                0x10004dd0                tusb_init
 .text.tusb_inited
                0x10004ddc        0x8 CMakeFiles/tinyusb_dev_uac2_headset.dir/D_/picobuild3/pico-sdk/lib/tinyusb/src/tusb.c.obj
                0x10004ddc                tusb_inited
 .text.tu_edpt_validate
                0x10004de4       0x78 CMakeFiles/tinyusb_dev_uac2_headset.dir/D_/picobuild3/pico-sdk/lib/tinyusb/src/tusb.c.obj
                0x10004de4                tu_edpt_validate
 .text.tu_edpt_bind_driver
                0x10004e5c       0x2c CMakeFiles/tinyusb_dev_uac2_headset.dir/D_/picobuild3/pico-sdk/lib/tinyusb/src/tusb.c.obj
                0x10004e5c                tu_edpt_bind_driver
 .text.tu_fifo_config
                0x10004e88       0x78 CMakeFiles/tinyusb_dev_uac2_headset.dir/D_/picobuild3/pico-sdk/lib/tinyusb/src/common/tusb_fifo.c.obj
                0x10004e88                tu_fifo_config
 .text.tu_fifo_count
                0x10004f00       0x20 CMakeFiles/tinyusb_dev_uac2_headset.dir/D_/picobuild3/pico-sdk/lib/tinyusb/src/common/tusb_fifo.c.obj
                0x10004f00                tu_fifo_count
 .text.tu_fifo_read
                0x10004f20       0x9c CMakeFiles/tinyusb_dev_uac2_headset.dir/D_/picobuild3/pico-sdk/lib/tinyusb/src/common/tusb_fifo.c.obj
                0x10004f20                tu_fifo_read
 .text.tu_fifo_read_n
                0x10004fbc      0x100 CMakeFiles/tinyusb_dev_uac2_headset.dir/D_/picobuild3/pico-sdk/lib/tinyusb/src/common/tusb_fifo.c.obj
                0x10004fbc                tu_fifo_read_n
 .text.tu_fifo_write
                0x100050bc       0x7c CMakeFiles/tinyusb_dev_uac2_headset.dir/D_/picobuild3/pico-sdk/lib/tinyusb/src/common/tusb_fifo.c.obj
                0x100050bc                tu_fifo_write
 .text.tu_fifo_write_n
                0x10005138       0xf8 CMakeFiles/tinyusb_dev_uac2_headset.dir/D_/picobuild3/pico-sdk/lib/tinyusb/src/common/tusb_fifo.c.obj
                0x10005138                tu_fifo_write_n
 .text.tu_fifo_clear
                0x10005230       0x4c CMakeFiles/tinyusb_dev_uac2_headset.dir/D_/picobuild3/pico-sdk/lib/tinyusb/src/common/tusb_fifo.c.obj
                0x10005230                tu_fifo_clear
 .text.hw_enumeration_fix_force_ls_j_done
                0x1000527c       0x48 CMakeFiles/tinyusb_dev_uac2_headset.dir/D_/picobuild3/pico-sdk/src/rp2_common/pico_fix/rp2040_usb_device_enumeration/rp2040_usb_device_enumeration.c.obj
                0x1000527c                hw_enumeration_fix_force_ls_j_done
 .text.hw_enumeration_fix_force_ls_j
                0x100052c4      0x118 CMakeFiles/tinyusb_dev_uac2_headset.dir/D_/picobuild3/pico-sdk/src/rp2_common/pico_fix/rp2040_usb_device_enumeration/rp2040_usb_device_enumeration.c.obj
 .text.hw_enumeration_fix_wait_se0_callback
                0x100053dc       0x24 CMakeFiles/tinyusb_dev_uac2_headset.dir/D_/picobuild3/pico-sdk/src/rp2_common/pico_fix/rp2040_usb_device_enumeration/rp2040_usb_device_enumeration.c.obj
                0x100053dc                hw_enumeration_fix_wait_se0_callback
 .text.rp2040_usb_device_enumeration_fix
                0x10005400       0x6c CMakeFiles/tinyusb_dev_uac2_headset.dir/D_/picobuild3/pico-sdk/src/rp2_common/pico_fix/rp2040_usb_device_enumeration/rp2040_usb_device_enumeration.c.obj
                0x10005400                rp2040_usb_device_enumeration_fix
 .text.strlen   0x1000546c       0x5c d:/picobuild3/pico-toolchain/gcc-arm-none-eabi-9-2019-q4-major-win32/bin/../lib/gcc/arm-none-eabi/9.2.1/../../../../arm-none-eabi/lib/thumb/v6-m/nofp\libc.a(lib_a-strlen-stub.o)
                0x1000546c                strlen
 *(.fini)
 .fini          0x100054c8        0x4 d:/picobuild3/pico-toolchain/gcc-arm-none-eabi-9-2019-q4-major-win32/bin/../lib/gcc/arm-none-eabi/9.2.1/thumb/v6-m/nofp/crti.o
                0x100054c8                _fini
 *fill*         0x100054cc        0x4 
 .fini.__stub   0x100054d0       0x60 linker stubs
 *crtbegin.o(.ctors)
 *crtbegin?.o(.ctors)
 *(EXCLUDE_FILE(*crtend.o *crtend?.o) .ctors)
 *(SORT_BY_NAME(.ctors.*))
 *(.ctors)
 *crtbegin.o(.dtors)
 *crtbegin?.o(.dtors)
 *(EXCLUDE_FILE(*crtend.o *crtend?.o) .dtors)
 *(SORT_BY_NAME(.dtors.*))
 *(.dtors)
 *(.eh_frame*)
 .eh_frame      0x10005530        0x0 d:/picobuild3/pico-toolchain/gcc-arm-none-eabi-9-2019-q4-major-win32/bin/../lib/gcc/arm-none-eabi/9.2.1/thumb/v6-m/nofp/crtbegin.o
                0x10005530                . = ALIGN (0x4)

.glue_7         0x10005530        0x0
 .glue_7        0x10005530        0x0 linker stubs

.glue_7t        0x10005530        0x0
 .glue_7t       0x10005530        0x0 linker stubs

.vfp11_veneer   0x10005530        0x0
 .vfp11_veneer  0x10005530        0x0 linker stubs

.v4_bx          0x10005530        0x0
 .v4_bx         0x10005530        0x0 linker stubs

.iplt           0x10005530        0x0
 .iplt          0x10005530        0x0 d:/picobuild3/pico-toolchain/gcc-arm-none-eabi-9-2019-q4-major-win32/bin/../lib/gcc/arm-none-eabi/9.2.1/thumb/v6-m/nofp/crtbegin.o

.rodata         0x10005530      0x3f4
 *(EXCLUDE_FILE(*libm.a: *libc.a:*lib_a-mem*.o *libgcc.a:) .rodata*)
 .rodata        0x10005530        0x8 CMakeFiles/tinyusb_dev_uac2_headset.dir/src/main.c.obj
 .rodata.resolutions_per_format
                0x10005538        0x2 CMakeFiles/tinyusb_dev_uac2_headset.dir/src/main.c.obj
                0x10005538                resolutions_per_format
 *fill*         0x1000553a        0x2 
 .rodata.str1.4
                0x1000553c       0x47 CMakeFiles/tinyusb_dev_uac2_headset.dir/src/usb_descriptors.c.obj
 *fill*         0x10005583        0x1 
 .rodata.__compound_literal.0
                0x10005584        0x2 CMakeFiles/tinyusb_dev_uac2_headset.dir/src/usb_descriptors.c.obj
 *fill*         0x10005586        0x2 
 .rodata.desc_configuration
                0x10005588      0x141 CMakeFiles/tinyusb_dev_uac2_headset.dir/src/usb_descriptors.c.obj
                0x10005588                desc_configuration
 *fill*         0x100056c9        0x3 
 .rodata.desc_device
                0x100056cc       0x12 CMakeFiles/tinyusb_dev_uac2_headset.dir/src/usb_descriptors.c.obj
                0x100056cc                desc_device
 *fill*         0x100056de        0x2 
 .rodata.spin_lock_claim_unused.str1.4
                0x100056e0       0x1b CMakeFiles/tinyusb_dev_uac2_headset.dir/D_/picobuild3/pico-sdk/src/rp2_common/hardware_sync/sync.c.obj
 *fill*         0x100056fb        0x1 
 .rodata.hardware_alarm_claim.str1.4
                0x100056fc       0x22 CMakeFiles/tinyusb_dev_uac2_headset.dir/D_/picobuild3/pico-sdk/src/rp2_common/hardware_timer/timer.c.obj
 *fill*         0x1000571e        0x2 
 .rodata.panic.str1.4
                0x10005720       0x12 CMakeFiles/tinyusb_dev_uac2_headset.dir/D_/picobuild3/pico-sdk/src/rp2_common/pico_runtime/runtime.c.obj
 *fill*         0x10005732        0x2 
 .rodata.hard_assertion_failure.str1.4
                0x10005734        0xc CMakeFiles/tinyusb_dev_uac2_headset.dir/D_/picobuild3/pico-sdk/src/rp2_common/pico_runtime/runtime.c.obj
 .rodata.str1.4
                0x10005740       0x50 CMakeFiles/tinyusb_dev_uac2_headset.dir/D_/picobuild3/pico-sdk/src/rp2_common/pico_standard_link/binary_info.c.obj
 .rodata.__bi_44
                0x10005790        0xc CMakeFiles/tinyusb_dev_uac2_headset.dir/D_/picobuild3/pico-sdk/src/rp2_common/pico_standard_link/binary_info.c.obj
 .rodata.__bi_75
                0x1000579c        0xc CMakeFiles/tinyusb_dev_uac2_headset.dir/D_/picobuild3/pico-sdk/src/rp2_common/pico_standard_link/binary_info.c.obj
 .rodata.__bi_81
                0x100057a8        0xc CMakeFiles/tinyusb_dev_uac2_headset.dir/D_/picobuild3/pico-sdk/src/rp2_common/pico_standard_link/binary_info.c.obj
 .rodata.crlf_str.6060
                0x100057b4        0x2 CMakeFiles/tinyusb_dev_uac2_headset.dir/D_/picobuild3/pico-sdk/src/rp2_common/pico_stdio/stdio.c.obj
 *fill*         0x100057b6        0x2 
 .rodata.str1.4
                0x100057b8       0x18 CMakeFiles/tinyusb_dev_uac2_headset.dir/D_/picobuild3/pico-sdk/src/rp2_common/pico_bootsel_via_double_reset/pico_bootsel_via_double_reset.c.obj
 .rodata.__bi_35
                0x100057d0        0xc CMakeFiles/tinyusb_dev_uac2_headset.dir/D_/picobuild3/pico-sdk/src/rp2_common/pico_bootsel_via_double_reset/pico_bootsel_via_double_reset.c.obj
 .rodata.str1.4
                0x100057dc        0x4 CMakeFiles/tinyusb_dev_uac2_headset.dir/D_/picobuild3/pico-sdk/lib/tinyusb/hw/bsp/rp2040/family.c.obj
 .rodata.__bi_121.7888
                0x100057e0        0xc CMakeFiles/tinyusb_dev_uac2_headset.dir/D_/picobuild3/pico-sdk/lib/tinyusb/hw/bsp/rp2040/family.c.obj
 .rodata.__bi_131.7891
                0x100057ec        0x8 CMakeFiles/tinyusb_dev_uac2_headset.dir/D_/picobuild3/pico-sdk/lib/tinyusb/hw/bsp/rp2040/family.c.obj
 .rodata.dcd_rp2040_irq.str1.4
                0x100057f4       0x14 CMakeFiles/tinyusb_dev_uac2_headset.dir/D_/picobuild3/pico-sdk/lib/tinyusb/src/portable/raspberrypi/rp2040/dcd_rp2040.c.obj
 .rodata._hw_endpoint_buffer_control_update32.part.0.str1.4
                0x10005808       0x1f CMakeFiles/tinyusb_dev_uac2_headset.dir/D_/picobuild3/pico-sdk/lib/tinyusb/src/portable/raspberrypi/rp2040/rp2040_usb.c.obj
 *fill*         0x10005827        0x1 
 .rodata.hw_endpoint_xfer_continue.str1.4
                0x10005828       0x29 CMakeFiles/tinyusb_dev_uac2_headset.dir/D_/picobuild3/pico-sdk/lib/tinyusb/src/portable/raspberrypi/rp2040/rp2040_usb.c.obj
 *fill*         0x10005851        0x3 
 .rodata.str1.4
                0x10005854        0x7 CMakeFiles/tinyusb_dev_uac2_headset.dir/D_/picobuild3/pico-sdk/lib/tinyusb/src/portable/raspberrypi/rp2040/rp2040_usb.c.obj
 *fill*         0x1000585b        0x1 
 .rodata.tud_task
                0x1000585c       0x8c CMakeFiles/tinyusb_dev_uac2_headset.dir/D_/picobuild3/pico-sdk/lib/tinyusb/src/device/usbd.c.obj
 .rodata._usbd_driver
                0x100058e8       0x18 CMakeFiles/tinyusb_dev_uac2_headset.dir/D_/picobuild3/pico-sdk/lib/tinyusb/src/device/usbd.c.obj
 .rodata.hw_enumeration_fix_force_ls_j.str1.4
                0x10005900       0x22 CMakeFiles/tinyusb_dev_uac2_headset.dir/D_/picobuild3/pico-sdk/src/rp2_common/pico_fix/rp2040_usb_device_enumeration/rp2040_usb_device_enumeration.c.obj
                0x10005924                . = ALIGN (0x4)
 *fill*         0x10005922        0x2 
 *(SORT_BY_ALIGNMENT(SORT_BY_NAME(.flashdata*)))
                0x10005924                . = ALIGN (0x4)

.rel.dyn        0x10005924        0x0
 .rel.iplt      0x10005924        0x0 d:/picobuild3/pico-toolchain/gcc-arm-none-eabi-9-2019-q4-major-win32/bin/../lib/gcc/arm-none-eabi/9.2.1/thumb/v6-m/nofp/crtbegin.o

.ARM.extab
 *(.ARM.extab* .gnu.linkonce.armextab.*)
                0x10005924                __exidx_start = .

.ARM.exidx
 *(.ARM.exidx* .gnu.linkonce.armexidx.*)
                0x10005924                __exidx_end = .
                0x10005924                . = ALIGN (0x4)
                0x10005924                __binary_info_start = .

.binary_info    0x10005924       0x28
 *(.binary_info.keep.*)
 .binary_info.keep.__bi_ptr22
                0x10005924        0x4 CMakeFiles/tinyusb_dev_uac2_headset.dir/D_/picobuild3/pico-sdk/src/rp2_common/pico_standard_link/binary_info.c.obj
 .binary_info.keep.__bi_ptr30
                0x10005928        0x4 CMakeFiles/tinyusb_dev_uac2_headset.dir/D_/picobuild3/pico-sdk/src/rp2_common/pico_standard_link/binary_info.c.obj
 .binary_info.keep.__bi_ptr38
                0x1000592c        0x4 CMakeFiles/tinyusb_dev_uac2_headset.dir/D_/picobuild3/pico-sdk/src/rp2_common/pico_standard_link/binary_info.c.obj
 .binary_info.keep.__bi_ptr44
                0x10005930        0x4 CMakeFiles/tinyusb_dev_uac2_headset.dir/D_/picobuild3/pico-sdk/src/rp2_common/pico_standard_link/binary_info.c.obj
 .binary_info.keep.__bi_ptr50
                0x10005934        0x4 CMakeFiles/tinyusb_dev_uac2_headset.dir/D_/picobuild3/pico-sdk/src/rp2_common/pico_standard_link/binary_info.c.obj
 .binary_info.keep.__bi_ptr75
                0x10005938        0x4 CMakeFiles/tinyusb_dev_uac2_headset.dir/D_/picobuild3/pico-sdk/src/rp2_common/pico_standard_link/binary_info.c.obj
 .binary_info.keep.__bi_ptr81
                0x1000593c        0x4 CMakeFiles/tinyusb_dev_uac2_headset.dir/D_/picobuild3/pico-sdk/src/rp2_common/pico_standard_link/binary_info.c.obj
 .binary_info.keep.__bi_ptr35
                0x10005940        0x4 CMakeFiles/tinyusb_dev_uac2_headset.dir/D_/picobuild3/pico-sdk/src/rp2_common/pico_bootsel_via_double_reset/pico_bootsel_via_double_reset.c.obj
 .binary_info.keep.__bi_ptr121
                0x10005944        0x4 CMakeFiles/tinyusb_dev_uac2_headset.dir/D_/picobuild3/pico-sdk/lib/tinyusb/hw/bsp/rp2040/family.c.obj
 .binary_info.keep.__bi_ptr131
                0x10005948        0x4 CMakeFiles/tinyusb_dev_uac2_headset.dir/D_/picobuild3/pico-sdk/lib/tinyusb/hw/bsp/rp2040/family.c.obj
 *(.binary_info.*)
                0x1000594c                __binary_info_end = .
                0x1000594c                . = ALIGN (0x4)
                0x1000594c                __etext = .

.ram_vector_table
                0x20000000       0xc0
 *(.ram_vector_table)
 .ram_vector_table
                0x20000000       0xc0 CMakeFiles/tinyusb_dev_uac2_headset.dir/D_/picobuild3/pico-sdk/src/rp2_common/pico_runtime/runtime.c.obj
                0x20000000                ram_vector_table

.data           0x200000c0      0x2a0 load address 0x1000594c
                0x200000c0                __data_start__ = .
 *(vtable)
 *(.time_critical*)
 .time_critical.mutex_enter_blocking
                0x200000c0       0x48 CMakeFiles/tinyusb_dev_uac2_headset.dir/D_/picobuild3/pico-sdk/src/common/pico_sync/mutex.c.obj
                0x200000c0                mutex_enter_blocking
 .time_critical.mutex_try_enter
                0x20000108       0x48 CMakeFiles/tinyusb_dev_uac2_headset.dir/D_/picobuild3/pico-sdk/src/common/pico_sync/mutex.c.obj
                0x20000108                mutex_try_enter
 .time_critical.mutex_enter_timeout_ms
                0x20000150       0x98 CMakeFiles/tinyusb_dev_uac2_headset.dir/D_/picobuild3/pico-sdk/src/common/pico_sync/mutex.c.obj
                0x20000150                mutex_enter_timeout_ms
 .time_critical.mutex_exit
                0x200001e8       0x28 CMakeFiles/tinyusb_dev_uac2_headset.dir/D_/picobuild3/pico-sdk/src/common/pico_sync/mutex.c.obj
                0x200001e8                mutex_exit
 *(.text*)
 .text          0x20000210        0x4 d:/picobuild3/pico-toolchain/gcc-arm-none-eabi-9-2019-q4-major-win32/bin/../lib/gcc/arm-none-eabi/9.2.1/thumb/v6-m/nofp\libgcc.a(_dvmd_tls.o)
                0x20000210                __aeabi_idiv0
                0x20000210                __aeabi_ldiv0
 *fill*         0x20000214        0x4 
 .text.__stub   0x20000218       0x30 linker stubs
                0x20000248                . = ALIGN (0x4)
 *(.rodata*)
                0x20000248                . = ALIGN (0x4)
 *(.data*)
 .data.blink_interval_ms
                0x20000248        0x4 CMakeFiles/tinyusb_dev_uac2_headset.dir/src/main.c.obj
 .data.current_sample_rate
                0x2000024c        0x4 CMakeFiles/tinyusb_dev_uac2_headset.dir/src/main.c.obj
                0x2000024c                current_sample_rate
 .data.string_desc_arr
                0x20000250       0x18 CMakeFiles/tinyusb_dev_uac2_headset.dir/src/usb_descriptors.c.obj
                0x20000250                string_desc_arr
 .data.striped_spin_lock_num
                0x20000268        0x1 CMakeFiles/tinyusb_dev_uac2_headset.dir/D_/picobuild3/pico-sdk/src/rp2_common/hardware_sync/sync.c.obj
 *fill*         0x20000269        0x3 
 .data.default_alarm_pool
                0x2000026c       0x18 CMakeFiles/tinyusb_dev_uac2_headset.dir/D_/picobuild3/pico-sdk/src/common/pico_time/time.c.obj
 .data.default_alarm_pool_heap
                0x20000284       0x10 CMakeFiles/tinyusb_dev_uac2_headset.dir/D_/picobuild3/pico-sdk/src/common/pico_time/time.c.obj
 .data          0x20000294       0x48 CMakeFiles/tinyusb_dev_uac2_headset.dir/D_/picobuild3/pico-sdk/src/rp2_common/hardware_irq/irq_handler_chain.S.obj
                0x20000294                irq_handler_chain_slots
                0x200002c4                irq_handler_chain_first_slot
                0x200002ce                irq_handler_chain_remove_tail
 *fill*         0x200002dc        0x4 
 .data.aeabi_bits_funcs
                0x200002e0       0x10 CMakeFiles/tinyusb_dev_uac2_headset.dir/D_/picobuild3/pico-sdk/src/rp2_common/pico_bit_ops/bit_ops_aeabi.S.obj
                0x200002e0                aeabi_bits_funcs
                0x200002f0                aeabi_bits_funcs_end
 .data.aeabi_mem_funcs
                0x200002f0       0x10 CMakeFiles/tinyusb_dev_uac2_headset.dir/D_/picobuild3/pico-sdk/src/rp2_common/pico_mem_ops/mem_ops_aeabi.S.obj
                0x200002f0                aeabi_mem_funcs
                0x20000300                aeabi_mem_funcs_end
 .data.stdio_uart
                0x20000300       0x14 CMakeFiles/tinyusb_dev_uac2_headset.dir/D_/picobuild3/pico-sdk/src/rp2_common/pico_stdio_uart/stdio_uart.c.obj
                0x20000300                stdio_uart
 .data.ep_dir_string
                0x20000314        0x8 CMakeFiles/tinyusb_dev_uac2_headset.dir/D_/picobuild3/pico-sdk/lib/tinyusb/src/portable/raspberrypi/rp2040/rp2040_usb.c.obj
                0x20000314                ep_dir_string
 .data._usbd_qdef
                0x2000031c       0x24 CMakeFiles/tinyusb_dev_uac2_headset.dir/D_/picobuild3/pico-sdk/lib/tinyusb/src/device/usbd.c.obj
                0x2000031c                _usbd_qdef
                0x20000340                . = ALIGN (0x4)
 *(.after_data.*)
                0x20000340                . = ALIGN (0x4)
                0x20000340                PROVIDE (__mutex_array_start = .)
 *(SORT_BY_NAME(.mutex_array.*))
 *(.mutex_array)
 .mutex_array   0x20000340        0x8 CMakeFiles/tinyusb_dev_uac2_headset.dir/D_/picobuild3/pico-sdk/src/rp2_common/pico_stdio/stdio.c.obj
                0x20000348                PROVIDE (__mutex_array_end = .)
                0x20000348                . = ALIGN (0x4)
                0x20000348                PROVIDE (__preinit_array_start = .)
 *(SORT_BY_NAME(.preinit_array.*))
 .preinit_array.00001
                0x20000348        0x4 CMakeFiles/tinyusb_dev_uac2_headset.dir/D_/picobuild3/pico-sdk/src/rp2_common/pico_mem_ops/mem_ops_aeabi.S.obj
 .preinit_array.00010
                0x2000034c        0x4 CMakeFiles/tinyusb_dev_uac2_headset.dir/D_/picobuild3/pico-sdk/src/rp2_common/pico_bit_ops/bit_ops_aeabi.S.obj
 .preinit_array.00020
                0x20000350        0x4 CMakeFiles/tinyusb_dev_uac2_headset.dir/D_/picobuild3/pico-sdk/src/rp2_common/pico_double/double_aeabi.S.obj
 .preinit_array.00020
                0x20000354        0x4 CMakeFiles/tinyusb_dev_uac2_headset.dir/D_/picobuild3/pico-sdk/src/rp2_common/pico_float/float_aeabi.S.obj
 *(.preinit_array)
                0x20000358                PROVIDE (__preinit_array_end = .)
                0x20000358                . = ALIGN (0x4)
                0x20000358                PROVIDE (__init_array_start = .)
 *(SORT_BY_NAME(.init_array.*))
 *(.init_array)
 .init_array    0x20000358        0x4 d:/picobuild3/pico-toolchain/gcc-arm-none-eabi-9-2019-q4-major-win32/bin/../lib/gcc/arm-none-eabi/9.2.1/thumb/v6-m/nofp/crtbegin.o
 .init_array    0x2000035c        0x4 CMakeFiles/tinyusb_dev_uac2_headset.dir/D_/picobuild3/pico-sdk/src/rp2_common/pico_bootsel_via_double_reset/pico_bootsel_via_double_reset.c.obj
                0x20000360                PROVIDE (__init_array_end = .)
                0x20000360                . = ALIGN (0x4)
                [!provide]                PROVIDE (__fini_array_start = .)
 *(SORT_BY_NAME(.fini_array.*))
 *(.fini_array)
                [!provide]                PROVIDE (__fini_array_end = .)
 *(.jcr)
                0x20000360                . = ALIGN (0x4)
                0x20000360                __data_end__ = .

.igot.plt       0x20000360        0x0 load address 0x10005bec
 .igot.plt      0x20000360        0x0 d:/picobuild3/pico-toolchain/gcc-arm-none-eabi-9-2019-q4-major-win32/bin/../lib/gcc/arm-none-eabi/9.2.1/thumb/v6-m/nofp/crtbegin.o

.uninitialized_ram.magic_location
                0x20000360        0xc load address 0x10005bec
 .uninitialized_ram.magic_location
                0x20000360        0xc CMakeFiles/tinyusb_dev_uac2_headset.dir/D_/picobuild3/pico-sdk/src/rp2_common/pico_bootsel_via_double_reset/pico_bootsel_via_double_reset.c.obj

.uninitialized_data
                0x2000036c        0x0 load address 0x10005bf8
                0x2000036c                . = ALIGN (0x4)
 *(.uninitialized_data*)

.scratch_x      0x20040000        0x0 load address 0x10005bf8
                0x20040000                __scratch_x_start__ = .
 *(.scratch_x.*)
                0x20040000                . = ALIGN (0x4)
                0x20040000                __scratch_x_end__ = .
                0x10005bf8                __scratch_x_source__ = LOADADDR (.scratch_x)

.scratch_y      0x20041000        0x0 load address 0x10005bf8
                0x20041000                __scratch_y_start__ = .
 *(.scratch_y.*)
                0x20041000                . = ALIGN (0x4)
                0x20041000                __scratch_y_end__ = .
                0x10005bf8                __scratch_y_source__ = LOADADDR (.scratch_y)

.bss            0x20000370     0x212c
                0x20000370                . = ALIGN (0x4)
                0x20000370                __bss_start__ = .
 *(SORT_BY_ALIGNMENT(SORT_BY_NAME(.bss*)))
 .bss.default_alarm_pool_entries
                0x20000370      0x100 CMakeFiles/tinyusb_dev_uac2_headset.dir/D_/picobuild3/pico-sdk/src/common/pico_time/time.c.obj
 .bss           0x20000470       0x1c d:/picobuild3/pico-toolchain/gcc-arm-none-eabi-9-2019-q4-major-win32/bin/../lib/gcc/arm-none-eabi/9.2.1/thumb/v6-m/nofp/crtbegin.o
 .bss._app_driver
                0x2000048c        0x4 CMakeFiles/tinyusb_dev_uac2_headset.dir/D_/picobuild3/pico-sdk/lib/tinyusb/src/device/usbd.c.obj
 .bss._ctrl_xfer
                0x20000490       0x14 CMakeFiles/tinyusb_dev_uac2_headset.dir/D_/picobuild3/pico-sdk/lib/tinyusb/src/device/usbd_control.c.obj
 .bss._desc_str
                0x200004a4       0x40 CMakeFiles/tinyusb_dev_uac2_headset.dir/src/usb_descriptors.c.obj
 .bss._ubsd_mutexdef
                0x200004e4        0x8 CMakeFiles/tinyusb_dev_uac2_headset.dir/D_/picobuild3/pico-sdk/lib/tinyusb/src/device/usbd.c.obj
 .bss._usbd_ctrl_buf
                0x200004ec       0x40 CMakeFiles/tinyusb_dev_uac2_headset.dir/D_/picobuild3/pico-sdk/lib/tinyusb/src/device/usbd_control.c.obj
 .bss._usbd_dev
                0x2000052c       0x53 CMakeFiles/tinyusb_dev_uac2_headset.dir/D_/picobuild3/pico-sdk/lib/tinyusb/src/device/usbd.c.obj
 *fill*         0x2000057f        0x1 
 .bss._usbd_mutex
                0x20000580        0x4 CMakeFiles/tinyusb_dev_uac2_headset.dir/D_/picobuild3/pico-sdk/lib/tinyusb/src/device/usbd.c.obj
 .bss._usbd_q   0x20000584        0x4 CMakeFiles/tinyusb_dev_uac2_headset.dir/D_/picobuild3/pico-sdk/lib/tinyusb/src/device/usbd.c.obj
 .bss.alarm_callbacks
                0x20000588       0x10 CMakeFiles/tinyusb_dev_uac2_headset.dir/D_/picobuild3/pico-sdk/src/rp2_common/hardware_timer/timer.c.obj
 .bss.claimed   0x20000598        0x4 CMakeFiles/tinyusb_dev_uac2_headset.dir/D_/picobuild3/pico-sdk/src/rp2_common/hardware_sync/sync.c.obj
 .bss.configured_freq
                0x2000059c       0x28 CMakeFiles/tinyusb_dev_uac2_headset.dir/D_/picobuild3/pico-sdk/src/rp2_common/hardware_clocks/clocks.c.obj
 .bss.default_alarm_pool_entry_ids_high
                0x200005c4       0x10 CMakeFiles/tinyusb_dev_uac2_headset.dir/D_/picobuild3/pico-sdk/src/common/pico_time/time.c.obj
 .bss.default_alarm_pool_heap_nodes
                0x200005d4       0x30 CMakeFiles/tinyusb_dev_uac2_headset.dir/D_/picobuild3/pico-sdk/src/common/pico_time/time.c.obj
 .bss.drivers   0x20000604        0x4 CMakeFiles/tinyusb_dev_uac2_headset.dir/D_/picobuild3/pico-sdk/src/rp2_common/pico_stdio/stdio.c.obj
 .bss.filter    0x20000608        0x4 CMakeFiles/tinyusb_dev_uac2_headset.dir/D_/picobuild3/pico-sdk/src/rp2_common/pico_stdio/stdio.c.obj
 .bss.gpio_ctrl_prev
                0x2000060c        0x4 CMakeFiles/tinyusb_dev_uac2_headset.dir/D_/picobuild3/pico-sdk/src/rp2_common/pico_fix/rp2040_usb_device_enumeration/rp2040_usb_device_enumeration.c.obj
 .bss.hw_endpoints
                0x20000610      0x400 CMakeFiles/tinyusb_dev_uac2_headset.dir/D_/picobuild3/pico-sdk/lib/tinyusb/src/portable/raspberrypi/rp2040/dcd_rp2040.c.obj
 .bss.lazy_vsnprintf
                0x20000a10        0x4 CMakeFiles/tinyusb_dev_uac2_headset.dir/D_/picobuild3/pico-sdk/src/rp2_common/pico_printf/printf.c.obj
 .bss.next_buffer_ptr
                0x20000a14        0x4 CMakeFiles/tinyusb_dev_uac2_headset.dir/D_/picobuild3/pico-sdk/lib/tinyusb/src/portable/raspberrypi/rp2040/dcd_rp2040.c.obj
 .bss.pad_ctrl_prev
                0x20000a18        0x4 CMakeFiles/tinyusb_dev_uac2_headset.dir/D_/picobuild3/pico-sdk/src/rp2_common/pico_fix/rp2040_usb_device_enumeration/rp2040_usb_device_enumeration.c.obj
 .bss.pools     0x20000a1c       0x10 CMakeFiles/tinyusb_dev_uac2_headset.dir/D_/picobuild3/pico-sdk/src/common/pico_time/time.c.obj
 .bss.sf_clz_func
                0x20000a2c        0x4 CMakeFiles/tinyusb_dev_uac2_headset.dir/D_/picobuild3/pico-sdk/src/rp2_common/pico_double/double_init_rom.c.obj
                0x20000a2c                sf_clz_func
 .bss.sleep_notifier
                0x20000a30        0x4 CMakeFiles/tinyusb_dev_uac2_headset.dir/D_/picobuild3/pico-sdk/src/common/pico_time/time.c.obj
 .bss.start_ms.7542
                0x20000a34        0x4 CMakeFiles/tinyusb_dev_uac2_headset.dir/src/main.c.obj
 .bss.target_hi
                0x20000a38       0x10 CMakeFiles/tinyusb_dev_uac2_headset.dir/D_/picobuild3/pico-sdk/src/rp2_common/hardware_timer/timer.c.obj
 .bss.uart_inst
                0x20000a48        0x4 CMakeFiles/tinyusb_dev_uac2_headset.dir/D_/picobuild3/pico-sdk/lib/tinyusb/hw/bsp/rp2040/family.c.obj
 .bss.uart_instance
                0x20000a4c        0x4 CMakeFiles/tinyusb_dev_uac2_headset.dir/D_/picobuild3/pico-sdk/src/rp2_common/pico_stdio_uart/stdio_uart.c.obj
 .bss._app_driver_count
                0x20000a50        0x1 CMakeFiles/tinyusb_dev_uac2_headset.dir/D_/picobuild3/pico-sdk/lib/tinyusb/src/device/usbd.c.obj
 .bss._usbd_initialized
                0x20000a51        0x1 CMakeFiles/tinyusb_dev_uac2_headset.dir/D_/picobuild3/pico-sdk/lib/tinyusb/src/device/usbd.c.obj
 .bss.claimed   0x20000a52        0x1 CMakeFiles/tinyusb_dev_uac2_headset.dir/D_/picobuild3/pico-sdk/src/rp2_common/hardware_timer/timer.c.obj
 .bss.irq_hander_chain_free_slot_head
                0x20000a53        0x1 CMakeFiles/tinyusb_dev_uac2_headset.dir/D_/picobuild3/pico-sdk/src/rp2_common/hardware_irq/irq.c.obj
 .bss.led_state.7543
                0x20000a54        0x1 CMakeFiles/tinyusb_dev_uac2_headset.dir/src/main.c.obj
 .bss.timer_callbacks_pending
                0x20000a55        0x1 CMakeFiles/tinyusb_dev_uac2_headset.dir/D_/picobuild3/pico-sdk/src/rp2_common/hardware_timer/timer.c.obj
 *(COMMON)
 *fill*         0x20000a56        0x2 
 COMMON         0x20000a58      0x925 CMakeFiles/tinyusb_dev_uac2_headset.dir/src/main.c.obj
                0x20000a58                mute
                0x20000a5c                volume
                0x20000a60                spk_buf
                0x20001070                mic_buf
                0x20001378                spk_data_size
                0x2000137c                current_resolution
 *fill*         0x2000137d        0x3 
 COMMON         0x20001380        0x4 CMakeFiles/tinyusb_dev_uac2_headset.dir/D_/picobuild3/pico-sdk/src/rp2_common/hardware_uart/uart.c.obj
                0x20001380                uart_char_to_line_feed
 COMMON         0x20001384      0x100 CMakeFiles/tinyusb_dev_uac2_headset.dir/D_/picobuild3/pico-sdk/src/rp2_common/pico_double/double_init_rom.c.obj
                0x20001384                sd_table
 COMMON         0x20001484      0x100 CMakeFiles/tinyusb_dev_uac2_headset.dir/D_/picobuild3/pico-sdk/src/rp2_common/pico_float/float_init_rom.c.obj
                0x20001484                sf_table
 COMMON         0x20001584       0xc0 CMakeFiles/tinyusb_dev_uac2_headset.dir/D_/picobuild3/pico-sdk/lib/tinyusb/src/device/usbd.c.obj
                0x20001584                _usbd_qdef_buf
 COMMON         0x20001644      0xe58 CMakeFiles/tinyusb_dev_uac2_headset.dir/D_/picobuild3/pico-sdk/lib/tinyusb/src/class/audio/audio_device.c.obj
                0x20001644                lin_buf_in_1
                0x200017c8                audio_ep_out_sw_buf_1
                0x20001dd8                ep_out_ff_mutex_rd_1
                0x20001de0                alt_setting_1
                0x20001de4                ctrl_buf_1
                0x20001e24                lin_buf_out_1
                0x2000212c                ep_in_ff_mutex_wr_1
                0x20002134                _audiod_fct
                0x20002194                audio_ep_in_sw_buf_1
                0x2000249c                . = ALIGN (0x4)
                0x2000249c                __bss_end__ = .

.heap           0x2000249c      0x800
                0x2000249c                __end__ = .
                0x2000249c                end = __end__
 *(.heap*)
 .heap          0x2000249c      0x800 CMakeFiles/tinyusb_dev_uac2_headset.dir/D_/picobuild3/pico-sdk/src/rp2_common/pico_standard_link/crt0.S.obj
                0x20002c9c                __HeapLimit = .

.stack1_dummy   0x20040000        0x0
 *(.stack1*)

.stack_dummy    0x20041000      0x800
 *(.stack*)
 .stack         0x20041000      0x800 CMakeFiles/tinyusb_dev_uac2_headset.dir/D_/picobuild3/pico-sdk/src/rp2_common/pico_standard_link/crt0.S.obj

.flash_end      0x10005bf8        0x0
                0x10005bf8                __flash_binary_end = .
                0x20040000                __StackLimit = (ORIGIN (RAM) + LENGTH (RAM))
                0x20041000                __StackOneTop = (ORIGIN (SCRATCH_X) + LENGTH (SCRATCH_X))
                0x20042000                __StackTop = (ORIGIN (SCRATCH_Y) + LENGTH (SCRATCH_Y))
                0x20041000                __StackOneBottom = (__StackOneTop - SIZEOF (.stack1_dummy))
                0x20041800                __StackBottom = (__StackTop - SIZEOF (.stack_dummy))
                0x20042000                PROVIDE (__stack = __StackTop)
                0x00000001                ASSERT ((__StackLimit >= __HeapLimit), region RAM overflowed)
                0x00000001                ASSERT (((__binary_info_header_end - __logical_binary_start) <= 0x100), Binary info must be in first 256 bytes of the binary)
LOAD CMakeFiles/tinyusb_dev_uac2_headset.dir/src/main.c.obj
LOAD CMakeFiles/tinyusb_dev_uac2_headset.dir/src/usb_descriptors.c.obj
LOAD CMakeFiles/tinyusb_dev_uac2_headset.dir/D_/picobuild3/pico-sdk/src/rp2_common/pico_stdlib/stdlib.c.obj
LOAD CMakeFiles/tinyusb_dev_uac2_headset.dir/D_/picobuild3/pico-sdk/src/rp2_common/hardware_gpio/gpio.c.obj
LOAD CMakeFiles/tinyusb_dev_uac2_headset.dir/D_/picobuild3/pico-sdk/src/rp2_common/hardware_claim/claim.c.obj
LOAD CMakeFiles/tinyusb_dev_uac2_headset.dir/D_/picobuild3/pico-sdk/src/rp2_common/pico_platform/platform.c.obj
LOAD CMakeFiles/tinyusb_dev_uac2_headset.dir/D_/picobuild3/pico-sdk/src/rp2_common/hardware_sync/sync.c.obj
LOAD CMakeFiles/tinyusb_dev_uac2_headset.dir/D_/picobuild3/pico-sdk/src/rp2_common/hardware_uart/uart.c.obj
LOAD CMakeFiles/tinyusb_dev_uac2_headset.dir/D_/picobuild3/pico-sdk/src/rp2_common/hardware_divider/divider.S.obj
LOAD CMakeFiles/tinyusb_dev_uac2_headset.dir/D_/picobuild3/pico-sdk/src/common/pico_time/time.c.obj
LOAD CMakeFiles/tinyusb_dev_uac2_headset.dir/D_/picobuild3/pico-sdk/src/common/pico_time/timeout_helper.c.obj
LOAD CMakeFiles/tinyusb_dev_uac2_headset.dir/D_/picobuild3/pico-sdk/src/rp2_common/hardware_timer/timer.c.obj
LOAD CMakeFiles/tinyusb_dev_uac2_headset.dir/D_/picobuild3/pico-sdk/src/common/pico_sync/sem.c.obj
LOAD CMakeFiles/tinyusb_dev_uac2_headset.dir/D_/picobuild3/pico-sdk/src/common/pico_sync/lock_core.c.obj
LOAD CMakeFiles/tinyusb_dev_uac2_headset.dir/D_/picobuild3/pico-sdk/src/common/pico_sync/mutex.c.obj
LOAD CMakeFiles/tinyusb_dev_uac2_headset.dir/D_/picobuild3/pico-sdk/src/common/pico_sync/critical_section.c.obj
LOAD CMakeFiles/tinyusb_dev_uac2_headset.dir/D_/picobuild3/pico-sdk/src/common/pico_util/datetime.c.obj
LOAD CMakeFiles/tinyusb_dev_uac2_headset.dir/D_/picobuild3/pico-sdk/src/common/pico_util/pheap.c.obj
LOAD CMakeFiles/tinyusb_dev_uac2_headset.dir/D_/picobuild3/pico-sdk/src/common/pico_util/queue.c.obj
LOAD CMakeFiles/tinyusb_dev_uac2_headset.dir/D_/picobuild3/pico-sdk/src/rp2_common/pico_runtime/runtime.c.obj
LOAD CMakeFiles/tinyusb_dev_uac2_headset.dir/D_/picobuild3/pico-sdk/src/rp2_common/hardware_clocks/clocks.c.obj
LOAD CMakeFiles/tinyusb_dev_uac2_headset.dir/D_/picobuild3/pico-sdk/src/rp2_common/hardware_irq/irq.c.obj
LOAD CMakeFiles/tinyusb_dev_uac2_headset.dir/D_/picobuild3/pico-sdk/src/rp2_common/hardware_irq/irq_handler_chain.S.obj
LOAD CMakeFiles/tinyusb_dev_uac2_headset.dir/D_/picobuild3/pico-sdk/src/rp2_common/hardware_pll/pll.c.obj
LOAD CMakeFiles/tinyusb_dev_uac2_headset.dir/D_/picobuild3/pico-sdk/src/rp2_common/hardware_vreg/vreg.c.obj
LOAD CMakeFiles/tinyusb_dev_uac2_headset.dir/D_/picobuild3/pico-sdk/src/rp2_common/hardware_watchdog/watchdog.c.obj
LOAD CMakeFiles/tinyusb_dev_uac2_headset.dir/D_/picobuild3/pico-sdk/src/rp2_common/hardware_xosc/xosc.c.obj
LOAD CMakeFiles/tinyusb_dev_uac2_headset.dir/D_/picobuild3/pico-sdk/src/rp2_common/pico_printf/printf.c.obj
LOAD CMakeFiles/tinyusb_dev_uac2_headset.dir/D_/picobuild3/pico-sdk/src/rp2_common/pico_bit_ops/bit_ops_aeabi.S.obj
LOAD CMakeFiles/tinyusb_dev_uac2_headset.dir/D_/picobuild3/pico-sdk/src/rp2_common/pico_bootrom/bootrom.c.obj
LOAD CMakeFiles/tinyusb_dev_uac2_headset.dir/D_/picobuild3/pico-sdk/src/rp2_common/pico_divider/divider.S.obj
LOAD CMakeFiles/tinyusb_dev_uac2_headset.dir/D_/picobuild3/pico-sdk/src/rp2_common/pico_double/double_aeabi.S.obj
LOAD CMakeFiles/tinyusb_dev_uac2_headset.dir/D_/picobuild3/pico-sdk/src/rp2_common/pico_double/double_init_rom.c.obj
LOAD CMakeFiles/tinyusb_dev_uac2_headset.dir/D_/picobuild3/pico-sdk/src/rp2_common/pico_double/double_math.c.obj
LOAD CMakeFiles/tinyusb_dev_uac2_headset.dir/D_/picobuild3/pico-sdk/src/rp2_common/pico_double/double_v1_rom_shim.S.obj
LOAD CMakeFiles/tinyusb_dev_uac2_headset.dir/D_/picobuild3/pico-sdk/src/rp2_common/pico_int64_ops/pico_int64_ops_aeabi.S.obj
LOAD CMakeFiles/tinyusb_dev_uac2_headset.dir/D_/picobuild3/pico-sdk/src/rp2_common/pico_float/float_aeabi.S.obj
LOAD CMakeFiles/tinyusb_dev_uac2_headset.dir/D_/picobuild3/pico-sdk/src/rp2_common/pico_float/float_init_rom.c.obj
LOAD CMakeFiles/tinyusb_dev_uac2_headset.dir/D_/picobuild3/pico-sdk/src/rp2_common/pico_float/float_math.c.obj
LOAD CMakeFiles/tinyusb_dev_uac2_headset.dir/D_/picobuild3/pico-sdk/src/rp2_common/pico_float/float_v1_rom_shim.S.obj
LOAD CMakeFiles/tinyusb_dev_uac2_headset.dir/D_/picobuild3/pico-sdk/src/rp2_common/pico_malloc/pico_malloc.c.obj
LOAD CMakeFiles/tinyusb_dev_uac2_headset.dir/D_/picobuild3/pico-sdk/src/rp2_common/pico_mem_ops/mem_ops_aeabi.S.obj
LOAD CMakeFiles/tinyusb_dev_uac2_headset.dir/D_/picobuild3/pico-sdk/src/rp2_common/pico_standard_link/crt0.S.obj
LOAD CMakeFiles/tinyusb_dev_uac2_headset.dir/D_/picobuild3/pico-sdk/src/rp2_common/pico_standard_link/new_delete.cpp.obj
LOAD CMakeFiles/tinyusb_dev_uac2_headset.dir/D_/picobuild3/pico-sdk/src/rp2_common/pico_standard_link/binary_info.c.obj
LOAD CMakeFiles/tinyusb_dev_uac2_headset.dir/D_/picobuild3/pico-sdk/src/rp2_common/pico_stdio/stdio.c.obj
LOAD CMakeFiles/tinyusb_dev_uac2_headset.dir/D_/picobuild3/pico-sdk/src/rp2_common/pico_stdio_uart/stdio_uart.c.obj
LOAD CMakeFiles/tinyusb_dev_uac2_headset.dir/D_/picobuild3/pico-sdk/src/rp2_common/pico_bootsel_via_double_reset/pico_bootsel_via_double_reset.c.obj
LOAD CMakeFiles/tinyusb_dev_uac2_headset.dir/D_/picobuild3/pico-sdk/lib/tinyusb/hw/bsp/rp2040/family.c.obj
LOAD CMakeFiles/tinyusb_dev_uac2_headset.dir/D_/picobuild3/pico-sdk/lib/tinyusb/src/portable/raspberrypi/rp2040/dcd_rp2040.c.obj
LOAD CMakeFiles/tinyusb_dev_uac2_headset.dir/D_/picobuild3/pico-sdk/lib/tinyusb/src/portable/raspberrypi/rp2040/rp2040_usb.c.obj
LOAD CMakeFiles/tinyusb_dev_uac2_headset.dir/D_/picobuild3/pico-sdk/lib/tinyusb/src/device/usbd.c.obj
LOAD CMakeFiles/tinyusb_dev_uac2_headset.dir/D_/picobuild3/pico-sdk/lib/tinyusb/src/device/usbd_control.c.obj
LOAD CMakeFiles/tinyusb_dev_uac2_headset.dir/D_/picobuild3/pico-sdk/lib/tinyusb/src/class/audio/audio_device.c.obj
LOAD CMakeFiles/tinyusb_dev_uac2_headset.dir/D_/picobuild3/pico-sdk/lib/tinyusb/src/class/cdc/cdc_device.c.obj
LOAD CMakeFiles/tinyusb_dev_uac2_headset.dir/D_/picobuild3/pico-sdk/lib/tinyusb/src/class/dfu/dfu_device.c.obj
LOAD CMakeFiles/tinyusb_dev_uac2_headset.dir/D_/picobuild3/pico-sdk/lib/tinyusb/src/class/dfu/dfu_rt_device.c.obj
LOAD CMakeFiles/tinyusb_dev_uac2_headset.dir/D_/picobuild3/pico-sdk/lib/tinyusb/src/class/hid/hid_device.c.obj
LOAD CMakeFiles/tinyusb_dev_uac2_headset.dir/D_/picobuild3/pico-sdk/lib/tinyusb/src/class/midi/midi_device.c.obj
LOAD CMakeFiles/tinyusb_dev_uac2_headset.dir/D_/picobuild3/pico-sdk/lib/tinyusb/src/class/msc/msc_device.c.obj
LOAD CMakeFiles/tinyusb_dev_uac2_headset.dir/D_/picobuild3/pico-sdk/lib/tinyusb/src/class/net/ecm_rndis_device.c.obj
LOAD CMakeFiles/tinyusb_dev_uac2_headset.dir/D_/picobuild3/pico-sdk/lib/tinyusb/src/class/net/ncm_device.c.obj
LOAD CMakeFiles/tinyusb_dev_uac2_headset.dir/D_/picobuild3/pico-sdk/lib/tinyusb/src/class/usbtmc/usbtmc_device.c.obj
LOAD CMakeFiles/tinyusb_dev_uac2_headset.dir/D_/picobuild3/pico-sdk/lib/tinyusb/src/class/vendor/vendor_device.c.obj
LOAD CMakeFiles/tinyusb_dev_uac2_headset.dir/D_/picobuild3/pico-sdk/lib/tinyusb/src/class/video/video_device.c.obj
LOAD CMakeFiles/tinyusb_dev_uac2_headset.dir/D_/picobuild3/pico-sdk/lib/tinyusb/src/tusb.c.obj
LOAD CMakeFiles/tinyusb_dev_uac2_headset.dir/D_/picobuild3/pico-sdk/lib/tinyusb/src/common/tusb_fifo.c.obj
LOAD CMakeFiles/tinyusb_dev_uac2_headset.dir/D_/picobuild3/pico-sdk/src/rp2_common/pico_fix/rp2040_usb_device_enumeration/rp2040_usb_device_enumeration.c.obj
LOAD C:\Users\Alastair\AppData\Local\Temp\ccoCGmOk.o
LOAD d:/picobuild3/pico-toolchain/gcc-arm-none-eabi-9-2019-q4-major-win32/bin/../lib/gcc/arm-none-eabi/9.2.1/../../../../arm-none-eabi/lib/thumb/v6-m/nofp\libstdc++.a
LOAD d:/picobuild3/pico-toolchain/gcc-arm-none-eabi-9-2019-q4-major-win32/bin/../lib/gcc/arm-none-eabi/9.2.1/../../../../arm-none-eabi/lib/thumb/v6-m/nofp\libm.a
START GROUP
LOAD d:/picobuild3/pico-toolchain/gcc-arm-none-eabi-9-2019-q4-major-win32/bin/../lib/gcc/arm-none-eabi/9.2.1/thumb/v6-m/nofp\libgcc.a
LOAD d:/picobuild3/pico-toolchain/gcc-arm-none-eabi-9-2019-q4-major-win32/bin/../lib/gcc/arm-none-eabi/9.2.1/../../../../arm-none-eabi/lib/thumb/v6-m/nofp\libc.a
END GROUP
START GROUP
LOAD d:/picobuild3/pico-toolchain/gcc-arm-none-eabi-9-2019-q4-major-win32/bin/../lib/gcc/arm-none-eabi/9.2.1/thumb/v6-m/nofp\libgcc.a
LOAD d:/picobuild3/pico-toolchain/gcc-arm-none-eabi-9-2019-q4-major-win32/bin/../lib/gcc/arm-none-eabi/9.2.1/../../../../arm-none-eabi/lib/thumb/v6-m/nofp\libc.a
LOAD d:/picobuild3/pico-toolchain/gcc-arm-none-eabi-9-2019-q4-major-win32/bin/../lib/gcc/arm-none-eabi/9.2.1/../../../../arm-none-eabi/lib/thumb/v6-m/nofp\libnosys.a
END GROUP
LOAD d:/picobuild3/pico-toolchain/gcc-arm-none-eabi-9-2019-q4-major-win32/bin/../lib/gcc/arm-none-eabi/9.2.1/thumb/v6-m/nofp/crtend.o
LOAD d:/picobuild3/pico-toolchain/gcc-arm-none-eabi-9-2019-q4-major-win32/bin/../lib/gcc/arm-none-eabi/9.2.1/thumb/v6-m/nofp/crtn.o
OUTPUT(tinyusb_dev_uac2_headset.elf elf32-littlearm)

.ARM.attributes
                0x00000000       0x28
 .ARM.attributes
                0x00000000       0x1e d:/picobuild3/pico-toolchain/gcc-arm-none-eabi-9-2019-q4-major-win32/bin/../lib/gcc/arm-none-eabi/9.2.1/thumb/v6-m/nofp/crti.o
 .ARM.attributes
                0x0000001e       0x2c d:/picobuild3/pico-toolchain/gcc-arm-none-eabi-9-2019-q4-major-win32/bin/../lib/gcc/arm-none-eabi/9.2.1/thumb/v6-m/nofp/crtbegin.o
 .ARM.attributes
                0x0000004a       0x2c CMakeFiles/tinyusb_dev_uac2_headset.dir/src/main.c.obj
 .ARM.attributes
                0x00000076       0x2c CMakeFiles/tinyusb_dev_uac2_headset.dir/src/usb_descriptors.c.obj
 .ARM.attributes
                0x000000a2       0x2c CMakeFiles/tinyusb_dev_uac2_headset.dir/D_/picobuild3/pico-sdk/src/rp2_common/hardware_gpio/gpio.c.obj
 .ARM.attributes
                0x000000ce       0x2c CMakeFiles/tinyusb_dev_uac2_headset.dir/D_/picobuild3/pico-sdk/src/rp2_common/hardware_claim/claim.c.obj
 .ARM.attributes
                0x000000fa       0x2c CMakeFiles/tinyusb_dev_uac2_headset.dir/D_/picobuild3/pico-sdk/src/rp2_common/pico_platform/platform.c.obj
 .ARM.attributes
                0x00000126       0x2c CMakeFiles/tinyusb_dev_uac2_headset.dir/D_/picobuild3/pico-sdk/src/rp2_common/hardware_sync/sync.c.obj
 .ARM.attributes
                0x00000152       0x2c CMakeFiles/tinyusb_dev_uac2_headset.dir/D_/picobuild3/pico-sdk/src/rp2_common/hardware_uart/uart.c.obj
 .ARM.attributes
                0x0000017e       0x2c CMakeFiles/tinyusb_dev_uac2_headset.dir/D_/picobuild3/pico-sdk/src/common/pico_time/time.c.obj
 .ARM.attributes
                0x000001aa       0x2c CMakeFiles/tinyusb_dev_uac2_headset.dir/D_/picobuild3/pico-sdk/src/rp2_common/hardware_timer/timer.c.obj
 .ARM.attributes
                0x000001d6       0x2c CMakeFiles/tinyusb_dev_uac2_headset.dir/D_/picobuild3/pico-sdk/src/common/pico_sync/lock_core.c.obj
 .ARM.attributes
                0x00000202       0x2c CMakeFiles/tinyusb_dev_uac2_headset.dir/D_/picobuild3/pico-sdk/src/common/pico_sync/mutex.c.obj
 .ARM.attributes
                0x0000022e       0x2c CMakeFiles/tinyusb_dev_uac2_headset.dir/D_/picobuild3/pico-sdk/src/common/pico_sync/critical_section.c.obj
 .ARM.attributes
                0x0000025a       0x2c CMakeFiles/tinyusb_dev_uac2_headset.dir/D_/picobuild3/pico-sdk/src/common/pico_util/pheap.c.obj
 .ARM.attributes
                0x00000286       0x2c CMakeFiles/tinyusb_dev_uac2_headset.dir/D_/picobuild3/pico-sdk/src/rp2_common/pico_runtime/runtime.c.obj
 .ARM.attributes
                0x000002b2       0x2c CMakeFiles/tinyusb_dev_uac2_headset.dir/D_/picobuild3/pico-sdk/src/rp2_common/hardware_clocks/clocks.c.obj
 .ARM.attributes
                0x000002de       0x2c CMakeFiles/tinyusb_dev_uac2_headset.dir/D_/picobuild3/pico-sdk/src/rp2_common/hardware_irq/irq.c.obj
 .ARM.attributes
                0x0000030a       0x22 CMakeFiles/tinyusb_dev_uac2_headset.dir/D_/picobuild3/pico-sdk/src/rp2_common/hardware_irq/irq_handler_chain.S.obj
 .ARM.attributes
                0x0000032c       0x2c CMakeFiles/tinyusb_dev_uac2_headset.dir/D_/picobuild3/pico-sdk/src/rp2_common/hardware_pll/pll.c.obj
 .ARM.attributes
                0x00000358       0x2c CMakeFiles/tinyusb_dev_uac2_headset.dir/D_/picobuild3/pico-sdk/src/rp2_common/hardware_watchdog/watchdog.c.obj
 .ARM.attributes
                0x00000384       0x2c CMakeFiles/tinyusb_dev_uac2_headset.dir/D_/picobuild3/pico-sdk/src/rp2_common/hardware_xosc/xosc.c.obj
 .ARM.attributes
                0x000003b0       0x2c CMakeFiles/tinyusb_dev_uac2_headset.dir/D_/picobuild3/pico-sdk/src/rp2_common/pico_printf/printf.c.obj
 .ARM.attributes
                0x000003dc       0x22 CMakeFiles/tinyusb_dev_uac2_headset.dir/D_/picobuild3/pico-sdk/src/rp2_common/pico_bit_ops/bit_ops_aeabi.S.obj
 .ARM.attributes
                0x000003fe       0x2c CMakeFiles/tinyusb_dev_uac2_headset.dir/D_/picobuild3/pico-sdk/src/rp2_common/pico_bootrom/bootrom.c.obj
 .ARM.attributes
                0x0000042a       0x22 CMakeFiles/tinyusb_dev_uac2_headset.dir/D_/picobuild3/pico-sdk/src/rp2_common/pico_divider/divider.S.obj
 .ARM.attributes
                0x0000044c       0x22 CMakeFiles/tinyusb_dev_uac2_headset.dir/D_/picobuild3/pico-sdk/src/rp2_common/pico_double/double_aeabi.S.obj
 .ARM.attributes
                0x0000046e       0x2c CMakeFiles/tinyusb_dev_uac2_headset.dir/D_/picobuild3/pico-sdk/src/rp2_common/pico_double/double_init_rom.c.obj
 .ARM.attributes
                0x0000049a       0x22 CMakeFiles/tinyusb_dev_uac2_headset.dir/D_/picobuild3/pico-sdk/src/rp2_common/pico_double/double_v1_rom_shim.S.obj
 .ARM.attributes
                0x000004bc       0x22 CMakeFiles/tinyusb_dev_uac2_headset.dir/D_/picobuild3/pico-sdk/src/rp2_common/pico_int64_ops/pico_int64_ops_aeabi.S.obj
 .ARM.attributes
                0x000004de       0x22 CMakeFiles/tinyusb_dev_uac2_headset.dir/D_/picobuild3/pico-sdk/src/rp2_common/pico_float/float_aeabi.S.obj
 .ARM.attributes
                0x00000500       0x2c CMakeFiles/tinyusb_dev_uac2_headset.dir/D_/picobuild3/pico-sdk/src/rp2_common/pico_float/float_init_rom.c.obj
 .ARM.attributes
                0x0000052c       0x22 CMakeFiles/tinyusb_dev_uac2_headset.dir/D_/picobuild3/pico-sdk/src/rp2_common/pico_float/float_v1_rom_shim.S.obj
 .ARM.attributes
                0x0000054e       0x22 CMakeFiles/tinyusb_dev_uac2_headset.dir/D_/picobuild3/pico-sdk/src/rp2_common/pico_mem_ops/mem_ops_aeabi.S.obj
 .ARM.attributes
                0x00000570       0x22 CMakeFiles/tinyusb_dev_uac2_headset.dir/D_/picobuild3/pico-sdk/src/rp2_common/pico_standard_link/crt0.S.obj
 .ARM.attributes
                0x00000592       0x32 CMakeFiles/tinyusb_dev_uac2_headset.dir/D_/picobuild3/pico-sdk/src/rp2_common/pico_standard_link/binary_info.c.obj
 .ARM.attributes
                0x000005c4       0x2c CMakeFiles/tinyusb_dev_uac2_headset.dir/D_/picobuild3/pico-sdk/src/rp2_common/pico_stdio/stdio.c.obj
 .ARM.attributes
                0x000005f0       0x2c CMakeFiles/tinyusb_dev_uac2_headset.dir/D_/picobuild3/pico-sdk/src/rp2_common/pico_stdio_uart/stdio_uart.c.obj
 .ARM.attributes
                0x0000061c       0x2c CMakeFiles/tinyusb_dev_uac2_headset.dir/D_/picobuild3/pico-sdk/src/rp2_common/pico_bootsel_via_double_reset/pico_bootsel_via_double_reset.c.obj
 .ARM.attributes
                0x00000648       0x2c CMakeFiles/tinyusb_dev_uac2_headset.dir/D_/picobuild3/pico-sdk/lib/tinyusb/hw/bsp/rp2040/family.c.obj
 .ARM.attributes
                0x00000674       0x2c CMakeFiles/tinyusb_dev_uac2_headset.dir/D_/picobuild3/pico-sdk/lib/tinyusb/src/portable/raspberrypi/rp2040/dcd_rp2040.c.obj
 .ARM.attributes
                0x000006a0       0x2c CMakeFiles/tinyusb_dev_uac2_headset.dir/D_/picobuild3/pico-sdk/lib/tinyusb/src/portable/raspberrypi/rp2040/rp2040_usb.c.obj
 .ARM.attributes
                0x000006cc       0x2c CMakeFiles/tinyusb_dev_uac2_headset.dir/D_/picobuild3/pico-sdk/lib/tinyusb/src/device/usbd.c.obj
 .ARM.attributes
                0x000006f8       0x2c CMakeFiles/tinyusb_dev_uac2_headset.dir/D_/picobuild3/pico-sdk/lib/tinyusb/src/device/usbd_control.c.obj
 .ARM.attributes
                0x00000724       0x2c CMakeFiles/tinyusb_dev_uac2_headset.dir/D_/picobuild3/pico-sdk/lib/tinyusb/src/class/audio/audio_device.c.obj
 .ARM.attributes
                0x00000750       0x2c CMakeFiles/tinyusb_dev_uac2_headset.dir/D_/picobuild3/pico-sdk/lib/tinyusb/src/tusb.c.obj
 .ARM.attributes
                0x0000077c       0x2c CMakeFiles/tinyusb_dev_uac2_headset.dir/D_/picobuild3/pico-sdk/lib/tinyusb/src/common/tusb_fifo.c.obj
 .ARM.attributes
                0x000007a8       0x2c CMakeFiles/tinyusb_dev_uac2_headset.dir/D_/picobuild3/pico-sdk/src/rp2_common/pico_fix/rp2040_usb_device_enumeration/rp2040_usb_device_enumeration.c.obj
 .ARM.attributes
                0x000007d4       0x22 C:\Users\Alastair\AppData\Local\Temp\ccoCGmOk.o
 .ARM.attributes
                0x000007f6       0x1e d:/picobuild3/pico-toolchain/gcc-arm-none-eabi-9-2019-q4-major-win32/bin/../lib/gcc/arm-none-eabi/9.2.1/thumb/v6-m/nofp\libgcc.a(_dvmd_tls.o)
 .ARM.attributes
                0x00000814       0x2c d:/picobuild3/pico-toolchain/gcc-arm-none-eabi-9-2019-q4-major-win32/bin/../lib/gcc/arm-none-eabi/9.2.1/../../../../arm-none-eabi/lib/thumb/v6-m/nofp\libc.a(lib_a-strlen-stub.o)

.comment        0x00000000       0x79
 .comment       0x00000000       0x79 CMakeFiles/tinyusb_dev_uac2_headset.dir/src/main.c.obj
                                 0x7a (size before relaxing)
 .comment       0x00000079       0x7a CMakeFiles/tinyusb_dev_uac2_headset.dir/src/usb_descriptors.c.obj
 .comment       0x00000079       0x7a CMakeFiles/tinyusb_dev_uac2_headset.dir/D_/picobuild3/pico-sdk/src/rp2_common/hardware_gpio/gpio.c.obj
 .comment       0x00000079       0x7a CMakeFiles/tinyusb_dev_uac2_headset.dir/D_/picobuild3/pico-sdk/src/rp2_common/hardware_claim/claim.c.obj
 .comment       0x00000079       0x7a CMakeFiles/tinyusb_dev_uac2_headset.dir/D_/picobuild3/pico-sdk/src/rp2_common/pico_platform/platform.c.obj
 .comment       0x00000079       0x7a CMakeFiles/tinyusb_dev_uac2_headset.dir/D_/picobuild3/pico-sdk/src/rp2_common/hardware_sync/sync.c.obj
 .comment       0x00000079       0x7a CMakeFiles/tinyusb_dev_uac2_headset.dir/D_/picobuild3/pico-sdk/src/rp2_common/hardware_uart/uart.c.obj
 .comment       0x00000079       0x7a CMakeFiles/tinyusb_dev_uac2_headset.dir/D_/picobuild3/pico-sdk/src/common/pico_time/time.c.obj
 .comment       0x00000079       0x7a CMakeFiles/tinyusb_dev_uac2_headset.dir/D_/picobuild3/pico-sdk/src/rp2_common/hardware_timer/timer.c.obj
 .comment       0x00000079       0x7a CMakeFiles/tinyusb_dev_uac2_headset.dir/D_/picobuild3/pico-sdk/src/common/pico_sync/lock_core.c.obj
 .comment       0x00000079       0x7a CMakeFiles/tinyusb_dev_uac2_headset.dir/D_/picobuild3/pico-sdk/src/common/pico_sync/mutex.c.obj
 .comment       0x00000079       0x7a CMakeFiles/tinyusb_dev_uac2_headset.dir/D_/picobuild3/pico-sdk/src/common/pico_sync/critical_section.c.obj
 .comment       0x00000079       0x7a CMakeFiles/tinyusb_dev_uac2_headset.dir/D_/picobuild3/pico-sdk/src/common/pico_util/pheap.c.obj
 .comment       0x00000079       0x7a CMakeFiles/tinyusb_dev_uac2_headset.dir/D_/picobuild3/pico-sdk/src/rp2_common/pico_runtime/runtime.c.obj
 .comment       0x00000079       0x7a CMakeFiles/tinyusb_dev_uac2_headset.dir/D_/picobuild3/pico-sdk/src/rp2_common/hardware_clocks/clocks.c.obj
 .comment       0x00000079       0x7a CMakeFiles/tinyusb_dev_uac2_headset.dir/D_/picobuild3/pico-sdk/src/rp2_common/hardware_irq/irq.c.obj
 .comment       0x00000079       0x7a CMakeFiles/tinyusb_dev_uac2_headset.dir/D_/picobuild3/pico-sdk/src/rp2_common/hardware_pll/pll.c.obj
 .comment       0x00000079       0x7a CMakeFiles/tinyusb_dev_uac2_headset.dir/D_/picobuild3/pico-sdk/src/rp2_common/hardware_watchdog/watchdog.c.obj
 .comment       0x00000079       0x7a CMakeFiles/tinyusb_dev_uac2_headset.dir/D_/picobuild3/pico-sdk/src/rp2_common/hardware_xosc/xosc.c.obj
 .comment       0x00000079       0x7a CMakeFiles/tinyusb_dev_uac2_headset.dir/D_/picobuild3/pico-sdk/src/rp2_common/pico_printf/printf.c.obj
 .comment       0x00000079       0x7a CMakeFiles/tinyusb_dev_uac2_headset.dir/D_/picobuild3/pico-sdk/src/rp2_common/pico_bootrom/bootrom.c.obj
 .comment       0x00000079       0x7a CMakeFiles/tinyusb_dev_uac2_headset.dir/D_/picobuild3/pico-sdk/src/rp2_common/pico_double/double_init_rom.c.obj
 .comment       0x00000079       0x7a CMakeFiles/tinyusb_dev_uac2_headset.dir/D_/picobuild3/pico-sdk/src/rp2_common/pico_float/float_init_rom.c.obj
 .comment       0x00000079       0x7a CMakeFiles/tinyusb_dev_uac2_headset.dir/D_/picobuild3/pico-sdk/src/rp2_common/pico_standard_link/binary_info.c.obj
 .comment       0x00000079       0x7a CMakeFiles/tinyusb_dev_uac2_headset.dir/D_/picobuild3/pico-sdk/src/rp2_common/pico_stdio/stdio.c.obj
 .comment       0x00000079       0x7a CMakeFiles/tinyusb_dev_uac2_headset.dir/D_/picobuild3/pico-sdk/src/rp2_common/pico_stdio_uart/stdio_uart.c.obj
 .comment       0x00000079       0x7a CMakeFiles/tinyusb_dev_uac2_headset.dir/D_/picobuild3/pico-sdk/src/rp2_common/pico_bootsel_via_double_reset/pico_bootsel_via_double_reset.c.obj
 .comment       0x00000079       0x7a CMakeFiles/tinyusb_dev_uac2_headset.dir/D_/picobuild3/pico-sdk/lib/tinyusb/hw/bsp/rp2040/family.c.obj
 .comment       0x00000079       0x7a CMakeFiles/tinyusb_dev_uac2_headset.dir/D_/picobuild3/pico-sdk/lib/tinyusb/src/portable/raspberrypi/rp2040/dcd_rp2040.c.obj
 .comment       0x00000079       0x7a CMakeFiles/tinyusb_dev_uac2_headset.dir/D_/picobuild3/pico-sdk/lib/tinyusb/src/portable/raspberrypi/rp2040/rp2040_usb.c.obj
 .comment       0x00000079       0x7a CMakeFiles/tinyusb_dev_uac2_headset.dir/D_/picobuild3/pico-sdk/lib/tinyusb/src/device/usbd.c.obj
 .comment       0x00000079       0x7a CMakeFiles/tinyusb_dev_uac2_headset.dir/D_/picobuild3/pico-sdk/lib/tinyusb/src/device/usbd_control.c.obj
 .comment       0x00000079       0x7a CMakeFiles/tinyusb_dev_uac2_headset.dir/D_/picobuild3/pico-sdk/lib/tinyusb/src/class/audio/audio_device.c.obj
 .comment       0x00000079       0x7a CMakeFiles/tinyusb_dev_uac2_headset.dir/D_/picobuild3/pico-sdk/lib/tinyusb/src/tusb.c.obj
 .comment       0x00000079       0x7a CMakeFiles/tinyusb_dev_uac2_headset.dir/D_/picobuild3/pico-sdk/lib/tinyusb/src/common/tusb_fifo.c.obj
 .comment       0x00000079       0x7a CMakeFiles/tinyusb_dev_uac2_headset.dir/D_/picobuild3/pico-sdk/src/rp2_common/pico_fix/rp2040_usb_device_enumeration/rp2040_usb_device_enumeration.c.obj

.debug_frame    0x00000000       0x28
 .debug_frame   0x00000000       0x28 d:/picobuild3/pico-toolchain/gcc-arm-none-eabi-9-2019-q4-major-win32/bin/../lib/gcc/arm-none-eabi/9.2.1/../../../../arm-none-eabi/lib/thumb/v6-m/nofp\libc.a(lib_a-strlen-stub.o)
